Product: MDK-ARM Standard 5.10
Component: ARM Compiler 5.04 update 1 (build 49)
Tool: armlink [5040049]

==============================================================================

Section Cross References

    alloc.o(.text) refers to alloc.o(.data) for freep
    alloc.o(.text) refers to alloc.o(.bss) for base
    assert.o(.text) refers to printf8.o(i.__0printf$8) for __2printf
    assert.o(.text) refers to assert.o(.constdata) for ASSERT_FAILED_STR
    io.o(.text) refers to uart.o(.text) for UART_GetChar
    sysinit.o(.text) refers to sim.o(.text) for SIM_GetStatus
    sysinit.o(.text) refers to printf8.o(i.__0printf$8) for __2printf
    sysinit.o(.text) refers to uart.o(.text) for UART_Init
    sysinit.o(.text) refers to ics.o(.text) for ICS_Trim
    sysinit.o(.text) refers to sysinit.o(.conststring) for .conststring
    sysinit.o(.text) refers to sysinit.o(.data) for global_pass_count
    systick.o(.text) refers to printf8.o(i.__0printf$8) for __2printf
    systick.o(.text) refers to systick.o(.data) for overhead
    vectors.o(.ARM.__AT_0x00000000) refers to startup_mke02z2.o(STACK) for __initial_sp
    vectors.o(.ARM.__AT_0x00000000) refers to startup_mke02z2.o(.text) for Reset_Handler
    vectors.o(.ARM.__AT_0x00000000) refers to vectors.o(.text) for default_isr
    vectors.o(.ARM.__AT_0x00000000) refers to uart.o(.text) for UART0_Isr
    vectors.o(.ARM.__AT_0x00000000) refers to adcapp.o(.text) for Adc_FifoIsr
    vectors.o(.ARM.__AT_0x00000000) refers to rtcapp.o(.text) for Rtc_Isr
    vectors.o(.ARM.__AT_0x00000000) refers to pit.o(.text) for PIT_Ch0Isr
    startup_mke02z2.o(RESET) refers to startup_mke02z2.o(STACK) for __initial_sp
    startup_mke02z2.o(RESET) refers to startup_mke02z2.o(.text) for Reset_Handler
    startup_mke02z2.o(.text) refers to start.o(.text) for SystemInit
    startup_mke02z2.o(.text) refers to entry.o(.ARM.Collect$$$$00000000) for __main
    start.o(.text) refers to wdog.o(.text) for WDOG_DisableWDOGEnableUpdate
    start.o(.text) refers to main.o(.text) for main
    acmp.o(.text) refers to acmp.o(.data) for ACMP_Callback
    adc.o(.text) refers to adc.o(.data) for ADC_Callback
    flash.o(.text) refers to uidiv.o(.text) for __aeabi_uidivmod
    ftm.o(.text) refers to assert.o(.text) for assert_failed
    ftm.o(.text) refers to idiv.o(.text) for __aeabi_idivmod
    ftm.o(.text) refers to ftm.o(.bss) for FTM_Callback
    gpio.o(.text) refers to assert.o(.text) for assert_failed
    i2c.o(.text) refers to i2c.o(.data) for I2C_Callback
    kbi.o(.text) refers to memcpya.o(.text) for __aeabi_memcpy4
    kbi.o(.text) refers to assert.o(.text) for assert_failed
    kbi.o(.text) refers to kbi.o(.constdata) for .constdata
    kbi.o(.text) refers to kbi.o(.data) for KBI_Callback
    pit.o(.text) refers to pit.o(.data) for PIT_Callback
    pmc.o(.text) refers to arm_cm0.o(.text) for wait
    rtc.o(.text) refers to rtc.o(.data) for RTC_Callback
    spi.o(.text) refers to uidiv.o(.text) for __aeabi_uidivmod
    spi.o(.text) refers to assert.o(.text) for assert_failed
    spi.o(.text) refers to spi.o(.data) for SPI_Callback
    uart.o(.text) refers to assert.o(.text) for assert_failed
    uart.o(.text) refers to uidiv.o(.text) for __aeabi_uidivmod
    uart.o(.text) refers to uart.o(.data) for UART_Callback
    main.o(.text) refers to gprs_protocol.o(.text) for Gprs_1SEvent
    main.o(.text) refers to neoway_gprs.o(.text) for NeoWay_Rtc1s
    main.o(.text) refers to connet_master.o(.text) for LostMasterCnt
    main.o(.text) refers to init.o(.text) for Board_Init
    main.o(.text) refers to wdog.o(.text) for WDOG_Feed
    main.o(.text) refers to rtcapp.o(.data) for g_uRTC10MsEvent
    main.o(.text) refers to neoway_gprs.o(.data) for NeoWayExternalPar
    main.o(.text) refers to main.o(.data) for TempFlag
    main.o(.text) refers to neoway_gprs.o(.bss) for NeoWaySysPar
    uartapp.o(.text) refers to uart.o(.text) for UART_CheckFlag
    uartapp.o(.text) refers to neoway_gprs.o(.text) for NeoWay_UartRec
    uartapp.o(.text) refers to connet_master.o(.text) for RecMaster_Uart
    uartapp.o(.text) refers to uartapp.o(.bss) for pUART_TxBuff
    uartapp.o(.text) refers to uartapp.o(.data) for gu16UART_TxBuffPos
    adcapp.o(.text) refers to adc.o(.text) for ADC_SetChannel
    adcapp.o(.text) refers to uldiv.o(.text) for __aeabi_uldivmod
    adcapp.o(.text) refers to adcapp.o(.data) for ADC_ConversionCount
    adcapp.o(.text) refers to adcapp.o(.bss) for ADC_ConversionBuff
    rtcapp.o(.text) refers to gpio.o(.text) for GPIO_PinToggle
    rtcapp.o(.text) refers to neoway_gprs.o(.text) for NeoWay_Rtc1ms
    rtcapp.o(.text) refers to rtcapp.o(.data) for Time
    rtcapp.o(.text) refers to neoway_gprs.o(.data) for NeoWayExternalPar
    init.o(.text) refers to wdog.o(.text) for WDOG_Init
    init.o(.text) refers to pit.o(.text) for PIT_Init
    init.o(.text) refers to rtc.o(.text) for RTC_Init
    init.o(.text) refers to gpio.o(.text) for GPIO_PinInit
[...]
    printfa.o(i._fp_digits) refers to ddiv.o(.text) for __aeabi_ddiv
    printfa.o(i._fp_digits) refers to cdrcmple.o(.text) for __aeabi_cdrcmple
    printfa.o(i._fp_digits) refers to dadd.o(.text) for __aeabi_dadd
    printfa.o(i._fp_digits) refers to dfixul.o(.text) for __aeabi_d2ulz
    printfa.o(i._fp_digits) refers to uldiv.o(.text) for __aeabi_uldivmod
    printfa.o(i._printf_core) refers (Special) to iusefp.o(.text) for __I$use$fp
    printfa.o(i._printf_core) refers to printfa.o(i._printf_pre_padding) for _printf_pre_padding
    printfa.o(i._printf_core) refers to uldiv.o(.text) for __aeabi_uldivmod
    printfa.o(i._printf_core) refers to printfa.o(i._printf_post_padding) for _printf_post_padding
    printfa.o(i._printf_core) refers to printfa.o(i._fp_digits) for _fp_digits
    printfa.o(i._printf_core) refers to uidiv.o(.text) for __aeabi_uidivmod
    printfa.o(i._printf_post_padding) refers (Special) to iusefp.o(.text) for __I$use$fp
    printfa.o(i._printf_pre_padding) refers (Special) to iusefp.o(.text) for __I$use$fp
    printfa.o(i._snputc) refers (Special) to iusefp.o(.text) for __I$use$fp
    printfa.o(i._sputc) refers (Special) to iusefp.o(.text) for __I$use$fp
    dadd.o(.text) refers (Special) to iusefp.o(.text) for __I$use$fp
    dadd.o(.text) refers to llshl.o(.text) for __aeabi_llsl
    dadd.o(.text) refers to llsshr.o(.text) for __aeabi_lasr
    dadd.o(.text) refers to depilogue.o(.text) for _double_epilogue
    dmul.o(.text) refers (Special) to iusefp.o(.text) for __I$use$fp
    dmul.o(.text) refers to depilogue.o(.text) for _double_epilogue
    dflti.o(.text) refers (Special) to iusefp.o(.text) for __I$use$fp
    dflti.o(.text) refers to depilogue.o(.text) for _double_epilogue
    dfixi.o(.text) refers (Special) to iusefp.o(.text) for __I$use$fp
    dfixi.o(.text) refers to llushr.o(.text) for __aeabi_llsr
    dunder.o(i.__mathlib_dbl_underflow) refers to dscalb.o(.text) for __ARM_scalbn
    fpclassify.o(i.__ARM_fpclassify) refers (Special) to iusefp.o(.text) for __I$use$fp
    poly.o(i.__kernel_poly) refers (Special) to iusefp.o(.text) for __I$use$fp
    poly.o(i.__kernel_poly) refers to dmul.o(.text) for __aeabi_dmul
    poly.o(i.__kernel_poly) refers to dadd.o(.text) for __aeabi_dadd
    qnan.o(.constdata) refers (Special) to iusefp.o(.text) for __I$use$fp
    sqrt.o(i.__softfp_sqrt) refers (Special) to iusefp.o(.text) for __I$use$fp
    sqrt.o(i.__softfp_sqrt) refers to dsqrt.o(.text) for _dsqrt
    sqrt.o(i.__softfp_sqrt) refers to errno.o(i.__set_errno) for __set_errno
    sqrt.o(i.sqrt) refers (Special) to iusefp.o(.text) for __I$use$fp
    sqrt.o(i.sqrt) refers to dsqrt.o(.text) for _dsqrt
    sqrt.o(i.sqrt) refers to errno.o(i.__set_errno) for __set_errno
    sqrt_x.o(i.____softfp_sqrt$lsc) refers (Special) to iusefp.o(.text) for __I$use$fp
    sqrt_x.o(i.____softfp_sqrt$lsc) refers to cdcmple.o(.text) for __aeabi_cdcmple
    sqrt_x.o(i.____softfp_sqrt$lsc) refers to errno.o(i.__set_errno) for __set_errno
    sqrt_x.o(i.____softfp_sqrt$lsc) refers to dsqrt.o(.text) for _dsqrt
    sqrt_x.o(i.__sqrt$lsc) refers (Special) to iusefp.o(.text) for __I$use$fp
    sqrt_x.o(i.__sqrt$lsc) refers to cdcmple.o(.text) for __aeabi_cdcmple
    sqrt_x.o(i.__sqrt$lsc) refers to errno.o(i.__set_errno) for __set_errno
    sqrt_x.o(i.__sqrt$lsc) refers to dsqrt.o(.text) for _dsqrt
    entry2.o(.ARM.Collect$$$$00000001) refers to entry2.o(.ARM.Collect$$$$00002712) for __lit__00000000
    entry2.o(.ARM.Collect$$$$00002712) refers to startup_mke02z2.o(STACK) for __initial_sp
    entry2.o(__vectab_stack_and_reset_area) refers to startup_mke02z2.o(STACK) for __initial_sp
    entry2.o(__vectab_stack_and_reset_area) refers to entry.o(.ARM.Collect$$$$00000000) for __main
    entry5.o(.ARM.Collect$$$$00000004) refers to init.o(.text) for __scatterload
    entry9a.o(.ARM.Collect$$$$0000000B) refers to main.o(.text) for main
    entry9b.o(.ARM.Collect$$$$0000000C) refers to main.o(.text) for main
    errno.o(i.__aeabi_errno_addr) refers to errno.o(.data) for .data
    errno.o(i.__read_errno) refers to errno.o(.data) for .data
    errno.o(i.__set_errno) refers to errno.o(.data) for .data
    depilogue.o(.text) refers to depilogue.o(i.__ARM_clz) for __ARM_clz
    depilogue.o(.text) refers to llshl.o(.text) for __aeabi_llsl
    depilogue.o(.text) refers to llushr.o(.text) for __aeabi_llsr
    ddiv.o(.text) refers to depilogue.o(.text) for _double_round
    dfixul.o(.text) refers to llushr.o(.text) for __aeabi_llsr
    dfixul.o(.text) refers to llshl.o(.text) for __aeabi_llsl
    init.o(.text) refers to entry5.o(.ARM.Collect$$$$00000004) for __main_after_scatterload
    dsqrt.o(.text) refers to llushr.o(.text) for __aeabi_llsr
    dsqrt.o(.text) refers to depilogue.o(.text) for _double_round


==============================================================================

Removing Unused input sections from the image.

    Removing alloc.o(.rev16_text), (4 bytes).
    Removing alloc.o(.revsh_text), (4 bytes).
    Removing alloc.o(.text), (244 bytes).
    Removing alloc.o(.bss), (16 bytes).
    Removing alloc.o(.data), (4 bytes).
    Removing assert.o(.rev16_text), (4 bytes).
    Removing assert.o(.revsh_text), (4 bytes).
    Removing io.o(.rev16_text), (4 bytes).
    Removing io.o(.revsh_text), (4 bytes).
    Removing memtest.o(.text), (268 bytes).
    Removing queue.o(.rev16_text), (4 bytes).
    Removing queue.o(.revsh_text), (4 bytes).
    Removing queue.o(.text), (142 bytes).
    Removing stdlib.o(.rev16_text), (4 bytes).
    Removing stdlib.o(.revsh_text), (4 bytes).
    Removing arm_cm0.o(.rev16_text), (4 bytes).
    Removing arm_cm0.o(.revsh_text), (4 bytes).
    Removing arm_cm0.o(.text), (44 bytes).
    Removing sysinit.o(.rev16_text), (4 bytes).
    Removing sysinit.o(.revsh_text), (4 bytes).
    Removing systick.o(.rev16_text), (4 bytes).
    Removing systick.o(.revsh_text), (4 bytes).
    Removing systick.o(.text), (184 bytes).
    Removing systick.o(.data), (12 bytes).
    Removing vectors.o(.rev16_text), (4 bytes).
    Removing vectors.o(.revsh_text), (4 bytes).
    Removing startup_mke02z2.o(HEAP), (0 bytes).
    Removing start.o(.rev16_text), (4 bytes).
    Removing start.o(.revsh_text), (4 bytes).
    Removing acmp.o(.rev16_text), (4 bytes).
    Removing acmp.o(.revsh_text), (4 bytes).
    Removing acmp.o(.text), (292 bytes).
    Removing acmp.o(.data), (8 bytes).
    Removing adc.o(.rev16_text), (4 bytes).
    Removing adc.o(.revsh_text), (4 bytes).
    Removing crc.o(.rev16_text), (4 bytes).
    Removing crc.o(.revsh_text), (4 bytes).
    Removing crc.o(.text), (384 bytes).
    Removing flash.o(.rev16_text), (4 bytes).
    Removing flash.o(.revsh_text), (4 bytes).
    Removing ftm.o(.rev16_text), (4 bytes).
    Removing ftm.o(.revsh_text), (4 bytes).
    Removing ftm.o(.text), (2632 bytes).
    Removing ftm.o(.bss), (12 bytes).
    Removing gpio.o(.rev16_text), (4 bytes).
    Removing gpio.o(.revsh_text), (4 bytes).
    Removing i2c.o(.rev16_text), (4 bytes).
    Removing i2c.o(.revsh_text), (4 bytes).
    Removing i2c.o(.text), (1068 bytes).
    Removing i2c.o(.data), (8 bytes).
    Removing ics.o(.rev16_text), (4 bytes).
    Removing ics.o(.revsh_text), (4 bytes).
    Removing kbi.o(.rev16_text), (4 bytes).
    Removing kbi.o(.revsh_text), (4 bytes).
    Removing kbi.o(.text), (488 bytes).
    Removing kbi.o(.constdata), (32 bytes).
    Removing kbi.o(.data), (8 bytes).
    Removing pit.o(.rev16_text), (4 bytes).
    Removing pit.o(.revsh_text), (4 bytes).
    Removing pmc.o(.rev16_text), (4 bytes).
    Removing pmc.o(.revsh_text), (4 bytes).
    Removing pmc.o(.text), (90 bytes).
    Removing rtc.o(.rev16_text), (4 bytes).
    Removing rtc.o(.revsh_text), (4 bytes).
    Removing sim.o(.rev16_text), (4 bytes).
    Removing sim.o(.revsh_text), (4 bytes).
    Removing spi.o(.rev16_text), (4 bytes).
    Removing spi.o(.revsh_text), (4 bytes).
    Removing spi.o(.text), (812 bytes).
    Removing spi.o(.data), (8 bytes).
    Removing uart.o(.rev16_text), (4 bytes).
    Removing uart.o(.revsh_text), (4 bytes).
    Removing wdog.o(.rev16_text), (4 bytes).
    Removing wdog.o(.revsh_text), (4 bytes).
    Removing main.o(.rev16_text), (4 bytes).
    Removing main.o(.revsh_text), (4 bytes).
    Removing uartapp.o(.rev16_text), (4 bytes).
    Removing uartapp.o(.revsh_text), (4 bytes).
    Removing adcapp.o(.rev16_text), (4 bytes).
    Removing adcapp.o(.revsh_text), (4 bytes).
    Removing rtcapp.o(.rev16_text), (4 bytes).
    Removing rtcapp.o(.revsh_text), (4 bytes).
    Removing init.o(.rev16_text), (4 bytes).
    Removing init.o(.revsh_text), (4 bytes).
    Removing neoway_gprs.o(.rev16_text), (4 bytes).
    Removing neoway_gprs.o(.revsh_text), (4 bytes).
    Removing gprs_protocol.o(.rev16_text), (4 bytes).
    Removing gprs_protocol.o(.revsh_text), (4 bytes).
    Removing connet_master.o(.rev16_text), (4 bytes).
    Removing connet_master.o(.revsh_text), (4 bytes).
    Removing dfixul.o(.text), (64 bytes).
    Removing cdcmple.o(.text), (40 bytes).

92 unused section(s) (total 7132 bytes) removed from the image.

==============================================================================

Image Symbol Table

    Local Symbols

    Symbol Name                              Value     Ov Type        Size  Object(Section)

    .ARM.__AT_0x00000000                     0x00000000   Section      192  vectors.o(.ARM.__AT_0x00000000)
    ../clib/../cmprslib/zerorunl.c           0x00000000   Number         0  __dczerorl.o ABSOLUTE
    ../clib/microlib/division.c              0x00000000   Number         0  uldiv.o ABSOLUTE
    ../clib/microlib/division.c              0x00000000   Number         0  uidiv.o ABSOLUTE
    ../clib/microlib/division.c              0x00000000   Number         0  idiv.o ABSOLUTE
    ../clib/microlib/errno.c                 0x00000000   Number         0  errno.o ABSOLUTE
    ../clib/microlib/init/entry.s            0x00000000   Number         0  entry7b.o ABSOLUTE
    ../clib/microlib/init/entry.s            0x00000000   Number         0  entry10a.o ABSOLUTE
    ../clib/microlib/init/entry.s            0x00000000   Number         0  entry11a.o ABSOLUTE
    ../clib/microlib/init/entry.s            0x00000000   Number         0  entry10b.o ABSOLUTE
    ../clib/microlib/init/entry.s            0x00000000   Number         0  entry7a.o ABSOLUTE
    ../clib/microlib/init/entry.s            0x00000000   Number         0  entry9b.o ABSOLUTE
    ../clib/microlib/init/entry.s            0x00000000   Number         0  entry11b.o ABSOLUTE
    ../clib/microlib/init/entry.s            0x00000000   Number         0  entry9a.o ABSOLUTE
    ../clib/microlib/init/entry.s            0x00000000   Number         0  entry8b.o ABSOLUTE
    ../clib/microlib/init/entry.s            0x00000000   Number         0  entry.o ABSOLUTE
    ../clib/microlib/init/entry.s            0x00000000   Number         0  entry2.o ABSOLUTE
    ../clib/microlib/init/entry.s            0x00000000   Number         0  entry5.o ABSOLUTE
    ../clib/microlib/init/entry.s            0x00000000   Number         0  entry8a.o ABSOLUTE
    ../clib/microlib/longlong.c              0x00000000   Number         0  llsshr.o ABSOLUTE
    ../clib/microlib/longlong.c              0x00000000   Number         0  llushr.o ABSOLUTE
    ../clib/microlib/longlong.c              0x00000000   Number         0  llshl.o ABSOLUTE
    ../clib/microlib/printf/printf.c         0x00000000   Number         0  printfa.o ABSOLUTE
    ../clib/microlib/printf/printf.c         0x00000000   Number         0  printfb.o ABSOLUTE
    ../clib/microlib/printf/printf.c         0x00000000   Number         0  printf2.o ABSOLUTE
    ../clib/microlib/printf/printf.c         0x00000000   Number         0  printf0.o ABSOLUTE
    ../clib/microlib/printf/printf.c         0x00000000   Number         0  printf1.o ABSOLUTE
    ../clib/microlib/printf/printf.c         0x00000000   Number         0  printf3.o ABSOLUTE
    ../clib/microlib/printf/printf.c         0x00000000   Number         0  printf4.o ABSOLUTE
    ../clib/microlib/printf/printf.c         0x00000000   Number         0  printf6.o ABSOLUTE
    ../clib/microlib/printf/printf.c         0x00000000   Number         0  printf7.o ABSOLUTE
    ../clib/microlib/printf/printf.c         0x00000000   Number         0  printf8.o ABSOLUTE
    ../clib/microlib/printf/printf.c         0x00000000   Number         0  printf5.o ABSOLUTE
    ../clib/microlib/printf/stubs.s          0x00000000   Number         0  stubs.o ABSOLUTE
    ../clib/microlib/stdio/streams.c         0x00000000   Number         0  stdout.o ABSOLUTE
    ../clib/microlib/string/memcpy.c         0x00000000   Number         0  memcpyb.o ABSOLUTE
    ../clib/microlib/string/memcpy.c         0x00000000   Number         0  memcpya.o ABSOLUTE
    ../clib/microlib/string/memset.c         0x00000000   Number         0  memseta.o ABSOLUTE
    ../clib/microlib/string/strchr.c         0x00000000   Number         0  strchr.o ABSOLUTE
    ../clib/microlib/string/strrchr.c        0x00000000   Number         0  strrchr.o ABSOLUTE
    ../clib/microlib/string/strstr.c         0x00000000   Number         0  strstr.o ABSOLUTE
    ../clib/microlib/stubs.s                 0x00000000   Number         0  iusefp.o ABSOLUTE
    ../fplib/microlib/fpadd.c                0x00000000   Number         0  dadd.o ABSOLUTE
    ../fplib/microlib/fpdiv.c                0x00000000   Number         0  ddiv.o ABSOLUTE
    ../fplib/microlib/fpepilogue.c           0x00000000   Number         0  depilogue.o ABSOLUTE
    ../fplib/microlib/fpfix.c                0x00000000   Number         0  dfixul.o ABSOLUTE
    ../fplib/microlib/fpfix.c                0x00000000   Number         0  dfixi.o ABSOLUTE
    ../fplib/microlib/fpflt.c                0x00000000   Number         0  dflti.o ABSOLUTE
    ../fplib/microlib/fpmul.c                0x00000000   Number         0  dmul.o ABSOLUTE
    ../fplib/microlib/fpscalb.c              0x00000000   Number         0  dscalb.o ABSOLUTE
    ../fplib/microlib/fpsqrt.c               0x00000000   Number         0  dsqrt.o ABSOLUTE
    ../mathlib/dunder.c                      0x00000000   Number         0  dunder.o ABSOLUTE
    ../mathlib/fpclassify.c                  0x00000000   Number         0  fpclassify.o ABSOLUTE
    ../mathlib/poly.c                        0x00000000   Number         0  poly.o ABSOLUTE
    ../mathlib/pow.c                         0x00000000   Number         0  pow_x.o ABSOLUTE
    ../mathlib/pow.c                         0x00000000   Number         0  pow.o ABSOLUTE
    ../mathlib/qnan.c                        0x00000000   Number         0  qnan.o ABSOLUTE
    ../mathlib/sqrt.c                        0x00000000   Number         0  sqrt_x.o ABSOLUTE
    ../mathlib/sqrt.c                        0x00000000   Number         0  sqrt.o ABSOLUTE
    ..\\common\\alloc.c                      0x00000000   Number         0  alloc.o ABSOLUTE
    ..\\common\\assert.c                     0x00000000   Number         0  assert.o ABSOLUTE
    ..\\common\\io.c                         0x00000000   Number         0  io.o ABSOLUTE
    ..\\common\\queue.c                      0x00000000   Number         0  queue.o ABSOLUTE
    ..\\common\\stdlib.c                     0x00000000   Number         0  stdlib.o ABSOLUTE
    ..\\cpu\\arm_cm0.c                       0x00000000   Number         0  arm_cm0.o ABSOLUTE
    ..\\cpu\\start.c                         0x00000000   Number         0  start.o ABSOLUTE
    ..\\cpu\\sysinit.c                       0x00000000   Number         0  sysinit.o ABSOLUTE
    ..\\cpu\\systick.c                       0x00000000   Number         0  systick.o ABSOLUTE
    ..\\cpu\\vectors.c                       0x00000000   Number         0  vectors.o ABSOLUTE
    ..\\drivers\\acmp.c                      0x00000000   Number         0  acmp.o ABSOLUTE
    ..\\drivers\\adc.c                       0x00000000   Number         0  adc.o ABSOLUTE
    ..\\drivers\\crc.c                       0x00000000   Number         0  crc.o ABSOLUTE
    ..\\drivers\\flash.c                     0x00000000   Number         0  flash.o ABSOLUTE
    ..\\drivers\\ftm.c                       0x00000000   Number         0  ftm.o ABSOLUTE
    ..\\drivers\\gpio.c                      0x00000000   Number         0  gpio.o ABSOLUTE
    ..\\drivers\\i2c.c                       0x00000000   Number         0  i2c.o ABSOLUTE
    ..\\drivers\\ics.c                       0x00000000   Number         0  ics.o ABSOLUTE
    ..\\drivers\\kbi.c                       0x00000000   Number         0  kbi.o ABSOLUTE
    ..\\drivers\\pit.c                       0x00000000   Number         0  pit.o ABSOLUTE
    ..\\drivers\\pmc.c                       0x00000000   Number         0  pmc.o ABSOLUTE
    ..\\drivers\\rtc.c                       0x00000000   Number         0  rtc.o ABSOLUTE
    ..\\drivers\\sim.c                       0x00000000   Number         0  sim.o ABSOLUTE
    ..\\drivers\\spi.c                       0x00000000   Number         0  spi.o ABSOLUTE
    ..\\drivers\\uart.c                      0x00000000   Number         0  uart.o ABSOLUTE
    ..\\drivers\\wdog.c                      0x00000000   Number         0  wdog.o ABSOLUTE
    ..\\user\\AdcApp.c                       0x00000000   Number         0  adcapp.o ABSOLUTE
    ..\\user\\Connet_Master.c                0x00000000   Number         0  connet_master.o ABSOLUTE
    ..\\user\\GPRS_Protocol.c                0x00000000   Number         0  gprs_protocol.o ABSOLUTE
    ..\\user\\Init.c                         0x00000000   Number         0  init.o ABSOLUTE
    ..\\user\\NeoWay_Gprs.c                  0x00000000   Number         0  neoway_gprs.o ABSOLUTE
    ..\\user\\RtcApp.c                       0x00000000   Number         0  rtcapp.o ABSOLUTE
    ..\\user\\main.c                         0x00000000   Number         0  main.o ABSOLUTE
    ..\\user\\uartApp.c                      0x00000000   Number         0  uartapp.o ABSOLUTE
    ..\common\alloc.c                        0x00000000   Number         0  alloc.o ABSOLUTE
    ..\common\assert.c                       0x00000000   Number         0  assert.o ABSOLUTE
    ..\common\io.c                           0x00000000   Number         0  io.o ABSOLUTE
    ..\common\memtest.c                      0x00000000   Number         0  memtest.o ABSOLUTE
    ..\common\queue.c                        0x00000000   Number         0  queue.o ABSOLUTE
    ..\common\stdlib.c                       0x00000000   Number         0  stdlib.o ABSOLUTE
    ..\cpu\arm_cm0.c                         0x00000000   Number         0  arm_cm0.o ABSOLUTE
    ..\cpu\start.c                           0x00000000   Number         0  start.o ABSOLUTE
    ..\cpu\startup_MKE02Z2.s                 0x00000000   Number         0  startup_mke02z2.o ABSOLUTE
    ..\cpu\sysinit.c                         0x00000000   Number         0  sysinit.o ABSOLUTE
    ..\cpu\systick.c                         0x00000000   Number         0  systick.o ABSOLUTE
    ..\cpu\vectors.c                         0x00000000   Number         0  vectors.o ABSOLUTE
    ..\drivers\acmp.c                        0x00000000   Number         0  acmp.o ABSOLUTE
    ..\drivers\adc.c                         0x00000000   Number         0  adc.o ABSOLUTE
    ..\drivers\crc.c                         0x00000000   Number         0  crc.o ABSOLUTE
    ..\drivers\flash.c                       0x00000000   Number         0  flash.o ABSOLUTE
    ..\drivers\ftm.c                         0x00000000   Number         0  ftm.o ABSOLUTE
    ..\drivers\gpio.c                        0x00000000   Number         0  gpio.o ABSOLUTE
    ..\drivers\i2c.c                         0x00000000   Number         0  i2c.o ABSOLUTE
    ..\drivers\ics.c                         0x00000000   Number         0  ics.o ABSOLUTE
    ..\drivers\kbi.c                         0x00000000   Number         0  kbi.o ABSOLUTE
    ..\drivers\pit.c                         0x00000000   Number         0  pit.o ABSOLUTE
    ..\drivers\pmc.c                         0x00000000   Number         0  pmc.o ABSOLUTE
    ..\drivers\rtc.c                         0x00000000   Number         0  rtc.o ABSOLUTE
    ..\drivers\sim.c                         0x00000000   Number         0  sim.o ABSOLUTE
    ..\drivers\spi.c                         0x00000000   Number         0  spi.o ABSOLUTE
    ..\drivers\uart.c                        0x00000000   Number         0  uart.o ABSOLUTE
    ..\drivers\wdog.c                        0x00000000   Number         0  wdog.o ABSOLUTE
    ..\user\AdcApp.c                         0x00000000   Number         0  adcapp.o ABSOLUTE
    ..\user\Connet_Master.c                  0x00000000   Number         0  connet_master.o ABSOLUTE
    ..\user\GPRS_Protocol.c                  0x00000000   Number         0  gprs_protocol.o ABSOLUTE
    ..\user\Init.c                           0x00000000   Number         0  init.o ABSOLUTE
    ..\user\NeoWay_Gprs.c                    0x00000000   Number         0  neoway_gprs.o ABSOLUTE
    ..\user\RtcApp.c                         0x00000000   Number         0  rtcapp.o ABSOLUTE
    ..\user\main.c                           0x00000000   Number         0  main.o ABSOLUTE
    ..\user\uartApp.c                        0x00000000   Number         0  uartapp.o ABSOLUTE
    cdcmple.s                                0x00000000   Number         0  cdcmple.o ABSOLUTE
    cdrcmple.s                               0x00000000   Number         0  cdrcmple.o ABSOLUTE
    dc.s                                     0x00000000   Number         0  dc.o ABSOLUTE
    handlers.s                               0x00000000   Number         0  handlers.o ABSOLUTE
    init.s                                   0x00000000   Number         0  init.o ABSOLUTE
    RESET                                    0x000000c0   Section      192  startup_mke02z2.o(RESET)
    .ARM.Collect$$$$00000000                 0x00000180   Section        0  entry.o(.ARM.Collect$$$$00000000)
    .ARM.Collect$$$$00000001                 0x00000180   Section        4  entry2.o(.ARM.Collect$$$$00000001)
    .ARM.Collect$$$$00000004                 0x00000184   Section        4  entry5.o(.ARM.Collect$$$$00000004)
    .ARM.Collect$$$$00000008                 0x00000188   Section        0  entry7b.o(.ARM.Collect$$$$00000008)
    .ARM.Collect$$$$0000000A                 0x00000188   Section        0  entry8b.o(.ARM.Collect$$$$0000000A)
    .ARM.Collect$$$$0000000B                 0x00000188   Section        8  entry9a.o(.ARM.Collect$$$$0000000B)
    .ARM.Collect$$$$0000000D                 0x00000190   Section        0  entry10a.o(.ARM.Collect$$$$0000000D)
    .ARM.Collect$$$$0000000F                 0x00000190   Section        0  entry11a.o(.ARM.Collect$$$$0000000F)
    .ARM.Collect$$$$00002712                 0x00000190   Section        4  entry2.o(.ARM.Collect$$$$00002712)
    __lit__00000000                          0x00000190   Data           4  entry2.o(.ARM.Collect$$$$00002712)
    .text                                    0x00000194   Section        0  assert.o(.text)
    .text                                    0x000001c4   Section        0  io.o(.text)
    .text                                    0x000001fc   Section        0  vectors.o(.text)
    .text                                    0x00000204   Section       36  startup_mke02z2.o(.text)
    .text                                    0x00000228   Section        0  start.o(.text)
    .text                                    0x00000240   Section        0  rtc.o(.text)
    NVIC_DisableIRQ                          0x00000351   Thumb Code    16  rtc.o(.text)
    RTC_ClrFlags                             0x00000361   Thumb Code    14  rtc.o(.text)
    .text                                    0x00000380   Section        0  uidiv.o(.text)
    .text                                    0x000003ac   Section        0  memcpya.o(.text)
    .text                                    0x000003d0   Section        0  memseta.o(.text)
    .text                                    0x000003f4   Section        0  iusefp.o(.text)
    i.__scatterload_null                     0x000003f4   Section        2  handlers.o(i.__scatterload_null)
    .constdata                               0x000003f8   Section        8  qnan.o(.constdata)
    .ARM.__at_0x400                          0x00000400   Section       16  startup_mke02z2.o(.ARM.__at_0x400)
    .text                                    0x00000410   Section        0  stdlib.o(.text)
    .text                                    0x000007a0   Section        0  sysinit.o(.text)
    .text                                    0x00000b0c   Section        0  adc.o(.text)
    .text                                    0x00000d04   Section        0  flash.o(.text)
    .text                                    0x00001a30   Section        0  gpio.o(.text)
    .text                                    0x00001f40   Section        0  ics.o(.text)
    OSC_Disable                              0x0000268b   Thumb Code    14  ics.o(.text)
    .text                                    0x000026a0   Section        0  pit.o(.text)
    NVIC_EnableIRQ                           0x00002835   Thumb Code    14  pit.o(.text)
    NVIC_DisableIRQ                          0x00002843   Thumb Code    16  pit.o(.text)
    PIT_ChannelDisable                       0x00002853   Thumb Code    22  pit.o(.text)
    PIT_ChannelDisableInt                    0x00002869   Thumb Code    22  pit.o(.text)
    PIT_ChannelDisableChain                  0x0000287f   Thumb Code    22  pit.o(.text)
    PIT_ChannelClrFlags                      0x00002895   Thumb Code    22  pit.o(.text)
    .text                                    0x000028c0   Section        0  sim.o(.text)
    .text                                    0x000029f0   Section        0  uart.o(.text)
    .text                                    0x00002d1c   Section        0  wdog.o(.text)
    .text                                    0x00002ec4   Section        0  main.o(.text)
    .text                                    0x00002f80   Section        0  uartapp.o(.text)
    UART_ReadDataReg                         0x000030f7   Thumb Code     6  uartapp.o(.text)
    UART_WriteDataReg                        0x000030fd   Thumb Code     4  uartapp.o(.text)
    UART_DisableTxBuffEmptyInt               0x00003101   Thumb Code    10  uartapp.o(.text)
    UART_IsTxBuffEmpty                       0x0000310b   Thumb Code    10  uartapp.o(.text)
    UART_IsRxBuffFull                        0x00003115   Thumb Code    10  uartapp.o(.text)
    .text                                    0x00003134   Section        0  adcapp.o(.text)
    .text                                    0x00003200   Section        0  rtcapp.o(.text)
    .text                                    0x000032f0   Section        0  init.o(.text)
    NVIC_SetPriority                         0x000032f1   Thumb Code   110  init.o(.text)
    .text                                    0x0000351c   Section        0  neoway_gprs.o(.text)
    NeoWay_Rec1ms                            0x0000359d   Thumb Code   106  neoway_gprs.o(.text)
    Protect_Connet                           0x00003607   Thumb Code    80  neoway_gprs.o(.text)
    NeoWay_SendString                        0x00003667   Thumb Code    62  neoway_gprs.o(.text)
    NeoWay_SendDate                          0x000036a5   Thumb Code   126  neoway_gprs.o(.text)
    itoa                                     0x00003743   Thumb Code   148  neoway_gprs.o(.text)
    BuildTCP_Connet                          0x00003831   Thumb Code   102  neoway_gprs.o(.text)
    DNS_AnalysisGetIp                        0x00003897   Thumb Code   406  neoway_gprs.o(.text)
    BuildPPP_Connet                          0x00003af1   Thumb Code   158  neoway_gprs.o(.text)
    User_Authentication                      0x00003b8f   Thumb Code    60  neoway_gprs.o(.text)
    SetPDP_Format                            0x00003bcb   Thumb Code    16  neoway_gprs.o(.text)
    SetProtocol_Stack                        0x00003bdb   Thumb Code    64  neoway_gprs.o(.text)
    Signal_Strength                          0x00003c1b   Thumb Code   208  neoway_gprs.o(.text)
    NetWork_Login                            0x00003ceb   Thumb Code   106  neoway_gprs.o(.text)
    Get_Cgsn                                 0x00003d55   Thumb Code   118  neoway_gprs.o(.text)
    ReceiveTCP_Date                          0x00004235   Thumb Code   218  neoway_gprs.o(.text)
    Empty_Par                                0x00004401   Thumb Code    82  neoway_gprs.o(.text)
    PowerOn_Module                           0x00004453   Thumb Code    18  neoway_gprs.o(.text)
    PowerOff_Module                          0x0000448d   Thumb Code    48  neoway_gprs.o(.text)
    ReBootSofeware_Module                    0x000044bd   Thumb Code    22  neoway_gprs.o(.text)
    NVIC_SetPriority                         0x000045e3   Thumb Code   110  neoway_gprs.o(.text)
    .text                                    0x00004660   Section        0  gprs_protocol.o(.text)
    GprsSend_Date                            0x0000468b   Thumb Code    54  gprs_protocol.o(.text)
    GprsToServer_ChangeMean                  0x000046c1   Thumb Code   100  gprs_protocol.o(.text)
    Group_SendData                           0x00004725   Thumb Code    30  gprs_protocol.o(.text)
    crc16                                    0x00004743   Thumb Code    48  gprs_protocol.o(.text)
    Send_GprsAlarm                           0x00004773   Thumb Code    86  gprs_protocol.o(.text)
    Send_Alarm                               0x000047c9   Thumb Code    86  gprs_protocol.o(.text)
    Gprs_AlarmEvent                          0x0000481f   Thumb Code   288  gprs_protocol.o(.text)
    Send_Heartbeat                           0x0000493f   Thumb Code   110  gprs_protocol.o(.text)
    Gprs_HeartbeatEvent                      0x000049ad   Thumb Code   110  gprs_protocol.o(.text)
    Send_FirstOpen                           0x00004a1b   Thumb Code   168  gprs_protocol.o(.text)
    Gprs_FirstOpenEvent                      0x00004ac3   Thumb Code    74  gprs_protocol.o(.text)
    Matching_Coll                            0x00004c2d   Thumb Code    48  gprs_protocol.o(.text)
    Matching_SET                             0x00004c5d   Thumb Code    80  gprs_protocol.o(.text)
    Matching_ALA                             0x00004cad   Thumb Code    28  gprs_protocol.o(.text)
    Matching_WEB                             0x00004cc9   Thumb Code    60  gprs_protocol.o(.text)
    Matching_DEV                             0x00004d05   Thumb Code    38  gprs_protocol.o(.text)
    Head_SearchAddr                          0x00004d2b   Thumb Code    64  gprs_protocol.o(.text)
    Monitor_Quantity                         0x00004d6b   Thumb Code    48  gprs_protocol.o(.text)
    Send_SetInfo                             0x00004d9b   Thumb Code   338  gprs_protocol.o(.text)
    Send_InquireInfo                         0x00004eed   Thumb Code   300  gprs_protocol.o(.text)
    Read_AckCmd                              0x00005019   Thumb Code   174  gprs_protocol.o(.text)
    Check_Size                               0x000050c7   Thumb Code    44  gprs_protocol.o(.text)
    ServerToGprs_ChangeMean                  0x000050f3   Thumb Code   112  gprs_protocol.o(.text)
    .text                                    0x00005350   Section        0  connet_master.o(.text)
    NVIC_SetPriority                         0x00005669   Thumb Code   110  connet_master.o(.text)
    .text                                    0x00005724   Section        0  uldiv.o(.text)
    .text                                    0x00005784   Section        0  strstr.o(.text)
    .text                                    0x000057ac   Section        0  strchr.o(.text)
    .text                                    0x000057c0   Section        0  strrchr.o(.text)
    .text                                    0x000057e0   Section        0  dadd.o(.text)
    .text                                    0x00005944   Section        0  dmul.o(.text)
    .text                                    0x00005a14   Section        0  dflti.o(.text)
    .text                                    0x00005a3c   Section        0  dfixi.o(.text)
    .text                                    0x00005a84   Section        0  llshl.o(.text)
    .text                                    0x00005aa4   Section        0  llushr.o(.text)
    .text                                    0x00005ac6   Section        0  llsshr.o(.text)
    .text                                    0x00005aec   Section        0  depilogue.o(.text)
    .text                                    0x00005bac   Section        0  ddiv.o(.text)
    .text                                    0x00005c9c   Section        0  dscalb.o(.text)
    .text                                    0x00005cc8   Section       40  cdrcmple.o(.text)
    .text                                    0x00005cf0   Section       36  init.o(.text)
    .text                                    0x00005d14   Section        0  dsqrt.o(.text)
    .text                                    0x00005db6   Section        0  __dczerorl.o(.text)
    i.__0printf$8                            0x00005df0   Section        0  printf8.o(i.__0printf$8)
    i.__ARM_clz                              0x00005e10   Section        0  depilogue.o(i.__ARM_clz)
    i.__ARM_common_switch8                   0x00005e3e   Section        0  gprs_protocol.o(i.__ARM_common_switch8)
    i.__ARM_fpclassify                       0x00005e5c   Section        0  fpclassify.o(i.__ARM_fpclassify)
    i.__kernel_poly                          0x00005e88   Section        0  poly.o(i.__kernel_poly)
    i.__mathlib_dbl_underflow                0x00005f34   Section        0  dunder.o(i.__mathlib_dbl_underflow)
    i.__scatterload_copy                     0x00005f48   Section       14  handlers.o(i.__scatterload_copy)
    i.__scatterload_zeroinit                 0x00005f56   Section       14  handlers.o(i.__scatterload_zeroinit)
    i.__set_errno                            0x00005f64   Section        0  errno.o(i.__set_errno)
    i._printf_core                           0x00005f70   Section        0  printf8.o(i._printf_core)
    _printf_core                             0x00005f71   Thumb Code  1020  printf8.o(i._printf_core)
    i._printf_post_padding                   0x00006398   Section        0  printf8.o(i._printf_post_padding)
    _printf_post_padding                     0x00006399   Thumb Code    32  printf8.o(i._printf_post_padding)
    i._printf_pre_padding                    0x000063b8   Section        0  printf8.o(i._printf_pre_padding)
    _printf_pre_padding                      0x000063b9   Thumb Code    44  printf8.o(i._printf_pre_padding)
    i.pow                                    0x000063e4   Section        0  pow.o(i.pow)
    i.sqrt                                   0x00006dcc   Section        0  sqrt.o(i.sqrt)
    .constdata                               0x00006e14   Section       35  assert.o(.constdata)
    .constdata                               0x00006e38   Section       60  neoway_gprs.o(.constdata)
    .constdata                               0x00006e78   Section      136  pow.o(.constdata)
    bp                                       0x00006e78   Data          16  pow.o(.constdata)
    dp_h                                     0x00006e88   Data          16  pow.o(.constdata)
    dp_l                                     0x00006e98   Data          16  pow.o(.constdata)
    L                                        0x00006ea8   Data          48  pow.o(.constdata)
    P                                        0x00006ed8   Data          40  pow.o(.constdata)
    .conststring                             0x00006f00   Section       79  sysinit.o(.conststring)
    .data                                    0x1ffffc00   Section        4  sysinit.o(.data)
    .data                                    0x1ffffc04   Section        4  adc.o(.data)
    .data                                    0x1ffffc08   Section        8  pit.o(.data)
    .data                                    0x1ffffc10   Section        4  rtc.o(.data)
    .data                                    0x1ffffc14   Section        4  uart.o(.data)
    .data                                    0x1ffffc18   Section        2  main.o(.data)
    .data                                    0x1ffffc1a   Section       12  uartapp.o(.data)
    gu16UART_TxBuffPos                       0x1ffffc1a   Data           6  uartapp.o(.data)
    gu16UART_RxBuffPos                       0x1ffffc20   Data           6  uartapp.o(.data)
    .data                                    0x1ffffc28   Section       10  adcapp.o(.data)
    ADC_ConversionCount                      0x1ffffc28   Data           4  adcapp.o(.data)
    i                                        0x1ffffc30   Data           1  adcapp.o(.data)
    TemperatureCount                         0x1ffffc31   Data           1  adcapp.o(.data)
    .data                                    0x1ffffc32   Section       14  rtcapp.o(.data)
    Cnt_10Ms                                 0x1ffffc36   Data           2  rtcapp.o(.data)
    Cnt_50Ms                                 0x1ffffc38   Data           2  rtcapp.o(.data)
    Cnt_1S                                   0x1ffffc3a   Data           2  rtcapp.o(.data)
    TargetTime                               0x1ffffc3c   Data           2  rtcapp.o(.data)
    Time                                     0x1ffffc3e   Data           2  rtcapp.o(.data)
    .data                                    0x1ffffc40   Section        1  init.o(.data)
    Cnt                                      0x1ffffc40   Data           1  init.o(.data)
    .data                                    0x1ffffc42   Section       24  neoway_gprs.o(.data)
    Cnt                                      0x1ffffc54   Data           2  neoway_gprs.o(.data)
    temp                                     0x1ffffc56   Data           2  neoway_gprs.o(.data)
    Temp                                     0x1ffffc58   Data           2  neoway_gprs.o(.data)
    .data                                    0x1ffffc5c   Section      536  gprs_protocol.o(.data)
    time                                     0x1ffffe6c   Data           1  gprs_protocol.o(.data)
    flag                                     0x1ffffe6d   Data           1  gprs_protocol.o(.data)
    Old_ChairAlarm                           0x1ffffe6e   Data           1  gprs_protocol.o(.data)
    Old_GprsAlarm                            0x1ffffe6f   Data           1  gprs_protocol.o(.data)
    flag                                     0x1ffffe70   Data           1  gprs_protocol.o(.data)
    Cnt                                      0x1ffffe72   Data           2  gprs_protocol.o(.data)
    .data                                    0x1ffffe74   Section       14  connet_master.o(.data)
    RecList                                  0x1ffffe7d   Data           1  connet_master.o(.data)
    i                                        0x1ffffe7e   Data           1  connet_master.o(.data)
    TempDate                                 0x1ffffe7f   Data           2  connet_master.o(.data)
    Old_State                                0x1ffffe81   Data           1  connet_master.o(.data)
    .data                                    0x1ffffe84   Section        4  stdout.o(.data)
    .data                                    0x1ffffe88   Section        4  errno.o(.data)
    _errno                                   0x1ffffe88   Data           4  errno.o(.data)
    .bss                                     0x1ffffe8c   Section       36  uartapp.o(.bss)
    pUART_TxBuff                             0x1ffffe8c   Data          12  uartapp.o(.bss)
    pUART_RxBuff                             0x1ffffe98   Data          12  uartapp.o(.bss)
    gu32UART_BuffSize                        0x1ffffea4   Data          12  uartapp.o(.bss)
    .bss                                     0x1ffffeb0   Section       64  adcapp.o(.bss)
    .bss                                     0x1ffffef0   Section      582  neoway_gprs.o(.bss)
    .bss                                     0x20000136   Section      380  gprs_protocol.o(.bss)
    target                                   0x20000232   Data         128  gprs_protocol.o(.bss)
    .bss                                     0x200002b2   Section       64  connet_master.o(.bss)
    STACK                                    0x200002f8   Section      512  startup_mke02z2.o(STACK)

    Global Symbols

    Symbol Name                              Value     Ov Type        Size  Object(Section)

    BuildAttributes$$THM_ISAv3M$S$PE$A:L22$X:L11$S22$IEEE1$IW$USESV6$~STKCKD$USESV7$~SHL$OTIME$ROPI$IEEEX$EBA8$MICROLIB$REQ8$PRES8$EABIv2 0x00000000   Number         0  anon$$obj.o ABSOLUTE
    __ARM_use_no_argv                        0x00000000   Number         0  main.o ABSOLUTE
    __vector_table                           0x00000000   Data         192  vectors.o(.ARM.__AT_0x00000000)
    _printf_a                                0x00000000   Number         0  stubs.o ABSOLUTE
    _printf_c                                0x00000000   Number         0  stubs.o ABSOLUTE
    _printf_charcount                        0x00000000   Number         0  stubs.o ABSOLUTE
    _printf_d                                0x00000000   Number         0  stubs.o ABSOLUTE
    _printf_e                                0x00000000   Number         0  stubs.o ABSOLUTE
    _printf_f                                0x00000000   Number         0  stubs.o ABSOLUTE
    _printf_flags                            0x00000000   Number         0  stubs.o ABSOLUTE
    _printf_fp_dec                           0x00000000   Number         0  stubs.o ABSOLUTE
    _printf_fp_hex                           0x00000000   Number         0  stubs.o ABSOLUTE
    _printf_g                                0x00000000   Number         0  stubs.o ABSOLUTE
    _printf_i                                0x00000000   Number         0  stubs.o ABSOLUTE
    _printf_int_dec                          0x00000000   Number         0  stubs.o ABSOLUTE
    _printf_l                                0x00000000   Number         0  stubs.o ABSOLUTE
    _printf_lc                               0x00000000   Number         0  stubs.o ABSOLUTE
    _printf_ll                               0x00000000   Number         0  stubs.o ABSOLUTE
    _printf_lld                              0x00000000   Number         0  stubs.o ABSOLUTE
    _printf_lli                              0x00000000   Number         0  stubs.o ABSOLUTE
    _printf_llo                              0x00000000   Number         0  stubs.o ABSOLUTE
    _printf_llu                              0x00000000   Number         0  stubs.o ABSOLUTE
    _printf_llx                              0x00000000   Number         0  stubs.o ABSOLUTE
    _printf_longlong_dec                     0x00000000   Number         0  stubs.o ABSOLUTE
    _printf_longlong_hex                     0x00000000   Number         0  stubs.o ABSOLUTE
    _printf_longlong_oct                     0x00000000   Number         0  stubs.o ABSOLUTE
    _printf_ls                               0x00000000   Number         0  stubs.o ABSOLUTE
    _printf_mbtowc                           0x00000000   Number         0  stubs.o ABSOLUTE
    _printf_n                                0x00000000   Number         0  stubs.o ABSOLUTE
    _printf_o                                0x00000000   Number         0  stubs.o ABSOLUTE
    _printf_p                                0x00000000   Number         0  stubs.o ABSOLUTE
    _printf_percent                          0x00000000   Number         0  stubs.o ABSOLUTE
    _printf_pre_padding                      0x00000000   Number         0  stubs.o ABSOLUTE
    _printf_return_value                     0x00000000   Number         0  stubs.o ABSOLUTE
    _printf_s                                0x00000000   Number         0  stubs.o ABSOLUTE
    _printf_sizespec                         0x00000000   Number         0  stubs.o ABSOLUTE
    _printf_str                              0x00000000   Number         0  stubs.o ABSOLUTE
    _printf_truncate_signed                  0x00000000   Number         0  stubs.o ABSOLUTE
    _printf_truncate_unsigned                0x00000000   Number         0  stubs.o ABSOLUTE
    _printf_u                                0x00000000   Number         0  stubs.o ABSOLUTE
    _printf_wc                               0x00000000   Number         0  stubs.o ABSOLUTE
    _printf_wctomb                           0x00000000   Number         0  stubs.o ABSOLUTE
    _printf_widthprec                        0x00000000   Number         0  stubs.o ABSOLUTE
    _printf_x                                0x00000000   Number         0  stubs.o ABSOLUTE
    HEAP$$Base                                - Undefined Reference
    HEAP$$Limit                               - Undefined Reference
    __cpp_initialize__aeabi_                  - Undefined Weak Reference
    __cxa_finalize                            - Undefined Weak Reference
    _clock_init                               - Undefined Weak Reference
    _microlib_exit                            - Undefined Weak Reference
    __Vectors                                0x000000c0   Data           4  startup_mke02z2.o(RESET)
    __Vectors_Size                           0x000000c0   Number         0  startup_mke02z2.o ABSOLUTE
    __Vectors_End                            0x00000180   Data           0  startup_mke02z2.o(RESET)
    __main                                   0x00000181   Thumb Code     0  entry.o(.ARM.Collect$$$$00000000)
    _main_stk                                0x00000181   Thumb Code     0  entry2.o(.ARM.Collect$$$$00000001)
    _main_scatterload                        0x00000185   Thumb Code     0  entry5.o(.ARM.Collect$$$$00000004)
    __main_after_scatterload                 0x00000189   Thumb Code     0  entry5.o(.ARM.Collect$$$$00000004)
    _main_clock                              0x00000189   Thumb Code     0  entry7b.o(.ARM.Collect$$$$00000008)
    _main_cpp_init                           0x00000189   Thumb Code     0  entry8b.o(.ARM.Collect$$$$0000000A)
    _main_init                               0x00000189   Thumb Code     0  entry9a.o(.ARM.Collect$$$$0000000B)
    __rt_final_cpp                           0x00000191   Thumb Code     0  entry10a.o(.ARM.Collect$$$$0000000D)
    __rt_final_exit                          0x00000191   Thumb Code     0  entry11a.o(.ARM.Collect$$$$0000000F)
    assert_failed                            0x00000195   Thumb Code    38  assert.o(.text)
    in_char                                  0x000001c5   Thumb Code    10  io.o(.text)
    out_char                                 0x000001cf   Thumb Code    14  io.o(.text)
    char_present                             0x000001dd   Thumb Code    12  io.o(.text)
    fputc                                    0x000001e9   Thumb Code    16  io.o(.text)
    default_isr                              0x000001fd   Thumb Code     2  vectors.o(.text)
    abort_isr                                0x000001ff   Thumb Code     2  vectors.o(.text)
    hard_fault_handler_c                     0x00000201   Thumb Code     2  vectors.o(.text)
    Reset_Handler                            0x00000205   Thumb Code     8  startup_mke02z2.o(.text)
    NMI_Handler                              0x0000020d   Thumb Code     2  startup_mke02z2.o(.text)
    HardFault_Handler                        0x0000020f   Thumb Code     2  startup_mke02z2.o(.text)
    MemManage_Handler                        0x00000211   Thumb Code     2  startup_mke02z2.o(.text)
    BusFault_Handler                         0x00000213   Thumb Code     2  startup_mke02z2.o(.text)
    UsageFault_Handler                       0x00000215   Thumb Code     2  startup_mke02z2.o(.text)
    SVC_Handler                              0x00000217   Thumb Code     2  startup_mke02z2.o(.text)
    DebugMon_Handler                         0x00000219   Thumb Code     2  startup_mke02z2.o(.text)
    PendSV_Handler                           0x0000021b   Thumb Code     2  startup_mke02z2.o(.text)
    SysTick_Handler                          0x0000021d   Thumb Code     2  startup_mke02z2.o(.text)
    ACMP0_IRQHandler                         0x0000021f   Thumb Code     0  startup_mke02z2.o(.text)
    ACMP1_IRQHandler                         0x0000021f   Thumb Code     0  startup_mke02z2.o(.text)
    ADC0_IRQHandler                          0x0000021f   Thumb Code     0  startup_mke02z2.o(.text)
    DefaultISR                               0x0000021f   Thumb Code     0  startup_mke02z2.o(.text)
    FTM0_IRQHandler                          0x0000021f   Thumb Code     0  startup_mke02z2.o(.text)
    FTM1_IRQHandler                          0x0000021f   Thumb Code     0  startup_mke02z2.o(.text)
    FTM2_IRQHandler                          0x0000021f   Thumb Code     0  startup_mke02z2.o(.text)
    FTMRH_IRQHandler                         0x0000021f   Thumb Code     0  startup_mke02z2.o(.text)
    I2C0_IRQHandler                          0x0000021f   Thumb Code     0  startup_mke02z2.o(.text)
    ICS_IRQHandler                           0x0000021f   Thumb Code     0  startup_mke02z2.o(.text)
    IRQ_IRQHandler                           0x0000021f   Thumb Code     0  startup_mke02z2.o(.text)
    KBI0_IRQHandler                          0x0000021f   Thumb Code     0  startup_mke02z2.o(.text)
    KBI1_IRQHandler                          0x0000021f   Thumb Code     0  startup_mke02z2.o(.text)
    LVD_LVW_IRQHandler                       0x0000021f   Thumb Code     0  startup_mke02z2.o(.text)
    PIT_CH0_IRQHandler                       0x0000021f   Thumb Code     0  startup_mke02z2.o(.text)
    PIT_CH1_IRQHandler                       0x0000021f   Thumb Code     0  startup_mke02z2.o(.text)
    RTC_IRQHandler                           0x0000021f   Thumb Code     0  startup_mke02z2.o(.text)
    Reserved16_IRQHandler                    0x0000021f   Thumb Code     0  startup_mke02z2.o(.text)
    Reserved17_IRQHandler                    0x0000021f   Thumb Code     0  startup_mke02z2.o(.text)
    Reserved18_IRQHandler                    0x0000021f   Thumb Code     0  startup_mke02z2.o(.text)
    Reserved19_IRQHandler                    0x0000021f   Thumb Code     0  startup_mke02z2.o(.text)
    Reserved20_IRQHandler                    0x0000021f   Thumb Code     0  startup_mke02z2.o(.text)
    Reserved25_IRQHandler                    0x0000021f   Thumb Code     0  startup_mke02z2.o(.text)
    Reserved42_IRQHandler                    0x0000021f   Thumb Code     0  startup_mke02z2.o(.text)
    Reserved45_IRQHandler                    0x0000021f   Thumb Code     0  startup_mke02z2.o(.text)
    Reserved46_IRQHandler                    0x0000021f   Thumb Code     0  startup_mke02z2.o(.text)
    Reserved47_IRQHandler                    0x0000021f   Thumb Code     0  startup_mke02z2.o(.text)
    SPI0_IRQHandler                          0x0000021f   Thumb Code     0  startup_mke02z2.o(.text)
    SPI1_IRQHandler                          0x0000021f   Thumb Code     0  startup_mke02z2.o(.text)
    UART0_IRQHandler                         0x0000021f   Thumb Code     0  startup_mke02z2.o(.text)
    UART1_IRQHandler                         0x0000021f   Thumb Code     0  startup_mke02z2.o(.text)
    UART2_IRQHandler                         0x0000021f   Thumb Code     0  startup_mke02z2.o(.text)
    Watchdog_IRQHandler                      0x0000021f   Thumb Code     0  startup_mke02z2.o(.text)
    start                                    0x00000229   Thumb Code    12  start.o(.text)
    cpu_identify                             0x00000235   Thumb Code     2  start.o(.text)
    flash_identify                           0x00000237   Thumb Code     2  start.o(.text)
    SystemInit                               0x00000239   Thumb Code     8  start.o(.text)
    RTC_Init                                 0x00000241   Thumb Code   168  rtc.o(.text)
    RTC_SetCallback                          0x000002e9   Thumb Code     6  rtc.o(.text)
    RTC_DeInit                               0x000002ef   Thumb Code    76  rtc.o(.text)
    RTC_Isr                                  0x0000033b   Thumb Code    22  rtc.o(.text)
    __aeabi_uidiv                            0x00000381   Thumb Code     0  uidiv.o(.text)
    __aeabi_uidivmod                         0x00000381   Thumb Code    44  uidiv.o(.text)
    __aeabi_memcpy                           0x000003ad   Thumb Code    36  memcpya.o(.text)
    __aeabi_memcpy4                          0x000003ad   Thumb Code     0  memcpya.o(.text)
    __aeabi_memcpy8                          0x000003ad   Thumb Code     0  memcpya.o(.text)
    __aeabi_memset                           0x000003d1   Thumb Code    14  memseta.o(.text)
    __aeabi_memset4                          0x000003d1   Thumb Code     0  memseta.o(.text)
    __aeabi_memset8                          0x000003d1   Thumb Code     0  memseta.o(.text)
    __aeabi_memclr                           0x000003df   Thumb Code     4  memseta.o(.text)
    __aeabi_memclr4                          0x000003df   Thumb Code     0  memseta.o(.text)
    __aeabi_memclr8                          0x000003df   Thumb Code     0  memseta.o(.text)
    _memset$wrapper                          0x000003e3   Thumb Code    18  memseta.o(.text)
    __I$use$fp                               0x000003f5   Thumb Code     0  iusefp.o(.text)
    __scatterload_null                       0x000003f5   Thumb Code     2  handlers.o(i.__scatterload_null)
    __mathlib_zero                           0x000003f8   Data           8  qnan.o(.constdata)
    isspace                                  0x00000411   Thumb Code    18  stdlib.o(.text)
    isalnum                                  0x00000423   Thumb Code    34  stdlib.o(.text)
    isdigit                                  0x00000445   Thumb Code    18  stdlib.o(.text)
    isupper                                  0x00000457   Thumb Code    18  stdlib.o(.text)
    strcasecmp                               0x00000469   Thumb Code    72  stdlib.o(.text)
    strncasecmp                              0x000004b1   Thumb Code    86  stdlib.o(.text)
    strtoul                                  0x00000507   Thumb Code   230  stdlib.o(.text)
    strlen                                   0x000005ed   Thumb Code    32  stdlib.o(.text)
    strcat                                   0x0000060d   Thumb Code    46  stdlib.o(.text)
    strncat                                  0x0000063b   Thumb Code    64  stdlib.o(.text)
    strcpy                                   0x0000067b   Thumb Code    36  stdlib.o(.text)
    strncpy                                  0x0000069f   Thumb Code    50  stdlib.o(.text)
    strcmp                                   0x000006d1   Thumb Code    42  stdlib.o(.text)
    strncmp                                  0x000006fb   Thumb Code    58  stdlib.o(.text)
    memcpy                                   0x00000735   Thumb Code    78  stdlib.o(.text)
    memset                                   0x00000783   Thumb Code    30  stdlib.o(.text)
    print_sys_log                            0x000007a1   Thumb Code   250  sysinit.o(.text)
    UART_InitPrint                           0x0000089b   Thumb Code    22  sysinit.o(.text)
    sysinit                                  0x000008b1   Thumb Code   108  sysinit.o(.text)
    end_test                                 0x0000091d   Thumb Code    74  sysinit.o(.text)
    ADC_SetFifoLevel                         0x00000b0d   Thumb Code    16  adc.o(.text)
    ADC_SetMode                              0x00000b1d   Thumb Code    22  adc.o(.text)
    ADC_SelectClockDivide                    0x00000b33   Thumb Code    22  adc.o(.text)
    ADC_SelectClock                          0x00000b49   Thumb Code    16  adc.o(.text)
    ADC_Init                                 0x00000b59   Thumb Code   292  adc.o(.text)
    ADC_SetChannel                           0x00000c7d   Thumb Code    16  adc.o(.text)
    ADC_DeInit                               0x00000c8d   Thumb Code    28  adc.o(.text)
    ADC_PollRead                             0x00000ca9   Thumb Code    36  adc.o(.text)
    ADC_SetCallBack                          0x00000ccd   Thumb Code     6  adc.o(.text)
    ADC_VrefSelect                           0x00000cd3   Thumb Code    16  adc.o(.text)
    ADC_Isr                                  0x00000ce3   Thumb Code    18  adc.o(.text)
    FLASH_Init                               0x00000d05   Thumb Code   134  flash.o(.text)
    FLASH_LaunchCMD                          0x00000d8b   Thumb Code    40  flash.o(.text)
    FLASH_Program1LongWord                   0x00000db3   Thumb Code   164  flash.o(.text)
    FLASH_Program2LongWords                  0x00000e57   Thumb Code   192  flash.o(.text)
    FLASH_Program                            0x00000f17   Thumb Code   208  flash.o(.text)
    FLASH_EraseSector                        0x00000fe7   Thumb Code   172  flash.o(.text)
    EEPROM_ProgramUpto4Bytes                 0x00001093   Thumb Code   178  flash.o(.text)
    EEPROM_Program                           0x00001145   Thumb Code    94  flash.o(.text)
    FLASH_Unsecure                           0x000011a3   Thumb Code   138  flash.o(.text)
    FLASH_EraseBlock                         0x0000122d   Thumb Code   174  flash.o(.text)
    FLASH_EraseVerifyBlock                   0x000012db   Thumb Code   158  flash.o(.text)
    FLASH_EraseVerifySection                 0x00001379   Thumb Code   166  flash.o(.text)
    FLASH_EraseVerifyAll                     0x0000141f   Thumb Code    80  flash.o(.text)
    FLASH_EraseAll                           0x0000146f   Thumb Code    98  flash.o(.text)
    FLASH_ProgramOnce                        0x000014d1   Thumb Code   170  flash.o(.text)
    FLASH_ReadOnce                           0x0000157b   Thumb Code   164  flash.o(.text)
    EEPROM_EraseVerifySection                0x0000161f   Thumb Code   128  flash.o(.text)
    EEPROM_Program1Byte                      0x0000169f   Thumb Code   128  flash.o(.text)
    EEPROM_EraseSector                       0x0000171f   Thumb Code   118  flash.o(.text)
    EEPROM_Program1Byte_NoWait               0x00001795   Thumb Code    52  flash.o(.text)
    EEPROM_ProgramUpto4Bytes_NoWait          0x000017c9   Thumb Code    86  flash.o(.text)
    EEPROM_EraseSector_NoWait                0x0000181f   Thumb Code    42  flash.o(.text)
    FLASH_EraseBlock_NoWait                  0x00001849   Thumb Code    62  flash.o(.text)
    FLASH_VerifyBackdoorKey                  0x00001887   Thumb Code   160  flash.o(.text)
    FLASH_SetUserMarginLevel                 0x00001927   Thumb Code   180  flash.o(.text)
    FLASH_CheckErrStatus                     0x000019db   Thumb Code    76  flash.o(.text)
    GPIO_DeInit                              0x00001a31   Thumb Code    46  gpio.o(.text)
    GPIO_Init                                0x00001a5f   Thumb Code   336  gpio.o(.text)
    GPIO_Toggle                              0x00001baf   Thumb Code    32  gpio.o(.text)
    GPIO_Read                                0x00001bcf   Thumb Code    32  gpio.o(.text)
    GPIO_Write                               0x00001bef   Thumb Code    34  gpio.o(.text)
    GPIO_PinInit                             0x00001c11   Thumb Code   638  gpio.o(.text)
    GPIO_PinToggle                           0x00001e8f   Thumb Code    52  gpio.o(.text)
    GPIO_PinSet                              0x00001ec3   Thumb Code    54  gpio.o(.text)
    GPIO_PinClear                            0x00001ef9   Thumb Code    54  gpio.o(.text)
    ICS_SetClkDivider                        0x00001f41   Thumb Code   136  ics.o(.text)
    OSC_Init                                 0x00001fc9   Thumb Code   102  ics.o(.text)
    FEI_to_FEE                               0x0000202f   Thumb Code    98  ics.o(.text)
    FEI_to_FBI                               0x00002091   Thumb Code    84  ics.o(.text)
    FEI_to_FBE                               0x000020e5   Thumb Code   120  ics.o(.text)
    FEI_to_FBE_OSC                           0x0000215d   Thumb Code   126  ics.o(.text)
    FEI_to_FEE_OSC                           0x000021db   Thumb Code    98  ics.o(.text)
    FEE_to_FEI                               0x0000223d   Thumb Code    88  ics.o(.text)
    FEE_to_FBI                               0x00002295   Thumb Code   116  ics.o(.text)
    FEE_to_FBE                               0x00002309   Thumb Code   102  ics.o(.text)
    FBI_to_FBE                               0x0000236f   Thumb Code    96  ics.o(.text)
    FBI_to_FEE                               0x000023cf   Thumb Code   104  ics.o(.text)
    FBI_to_FBILP                             0x00002437   Thumb Code    14  ics.o(.text)
    FBI_to_FEI                               0x00002445   Thumb Code    94  ics.o(.text)
    FBE_to_FBI                               0x000024a3   Thumb Code    92  ics.o(.text)
    FBE_to_FEE                               0x000024ff   Thumb Code    68  ics.o(.text)
    FBE_to_FEI                               0x00002543   Thumb Code   100  ics.o(.text)
    FBE_to_FBELP                             0x000025a7   Thumb Code    14  ics.o(.text)
    FBELP_to_FBE                             0x000025b5   Thumb Code    14  ics.o(.text)
    FBILP_to_FBI                             0x000025c3   Thumb Code    14  ics.o(.text)
    ICS_Trim                                 0x000025d1   Thumb Code    38  ics.o(.text)
    ICS_Init                                 0x000025f7   Thumb Code   110  ics.o(.text)
    ICS_DeInit                               0x00002665   Thumb Code    30  ics.o(.text)
    OSC_DeInit                               0x00002683   Thumb Code     8  ics.o(.text)
    PIT_SetLoadVal                           0x000026a1   Thumb Code     8  pit.o(.text)
    PIT_Init                                 0x000026a9   Thumb Code   216  pit.o(.text)
    PIT_SetCallback                          0x00002781   Thumb Code     8  pit.o(.text)
    PIT_DeInit                               0x00002789   Thumb Code   124  pit.o(.text)
    PIT_Ch0Isr                               0x00002805   Thumb Code    24  pit.o(.text)
    PIT_Ch1Isr                               0x0000281d   Thumb Code    24  pit.o(.text)
    SIM_Init                                 0x000028c1   Thumb Code   224  sim.o(.text)
    SIM_SetClockGating                       0x000029a1   Thumb Code    30  sim.o(.text)
    SIM_GetStatus                            0x000029bf   Thumb Code    12  sim.o(.text)
    SIM_ReadID                               0x000029cb   Thumb Code    28  sim.o(.text)
    UART_Init                                0x000029f1   Thumb Code   154  uart.o(.text)
    UART_GetChar                             0x00002a8b   Thumb Code    46  uart.o(.text)
    UART_PutChar                             0x00002ab9   Thumb Code    16  uart.o(.text)
    UART_SetBaudrate                         0x00002ac9   Thumb Code    84  uart.o(.text)
    UART_EnableInterrupt                     0x00002b1d   Thumb Code   144  uart.o(.text)
    UART_DisableInterrupt                    0x00002bad   Thumb Code   146  uart.o(.text)
    UART_GetFlags                            0x00002c3f   Thumb Code    16  uart.o(.text)
    UART_CheckFlag                           0x00002c4f   Thumb Code    26  uart.o(.text)
    UART_SendWait                            0x00002c69   Thumb Code    40  uart.o(.text)
    UART_ReceiveWait                         0x00002c91   Thumb Code    40  uart.o(.text)
    UART_WaitTxComplete                      0x00002cb9   Thumb Code    16  uart.o(.text)
    UART_SetCallback                         0x00002cc9   Thumb Code     6  uart.o(.text)
    UART0_Isr                                0x00002ccf   Thumb Code    12  uart.o(.text)
    UART1_Isr                                0x00002cdb   Thumb Code    12  uart.o(.text)
    UART2_Isr                                0x00002ce7   Thumb Code    12  uart.o(.text)
    WDOG_Disable                             0x00002d1d   Thumb Code    42  wdog.o(.text)
    WDOG_DisableWDOGEnableUpdate             0x00002d47   Thumb Code    46  wdog.o(.text)
    WDOG_Enable                              0x00002d75   Thumb Code    24  wdog.o(.text)
    WDOG_Init                                0x00002d8d   Thumb Code   168  wdog.o(.text)
    WDOG_DeInit                              0x00002e35   Thumb Code    28  wdog.o(.text)
    WDOG_Feed                                0x00002e51   Thumb Code    16  wdog.o(.text)
    WDOG_EnableUpdate                        0x00002e61   Thumb Code    38  wdog.o(.text)
    WDOG_DisableUpdate                       0x00002e87   Thumb Code    42  wdog.o(.text)
    Rtc_Event                                0x00002ec5   Thumb Code    58  main.o(.text)
    main                                     0x00002eff   Thumb Code   102  main.o(.text)
    UART_SendInt                             0x00002f81   Thumb Code    48  uartapp.o(.text)
    UART_ReceiveInt                          0x00002fb1   Thumb Code    64  uartapp.o(.text)
    UART_HandleInt                           0x00002ff1   Thumb Code   262  uartapp.o(.text)
    Adc_FifoIsr                              0x00003135   Thumb Code    62  adcapp.o(.text)
    Read_AdcBuff                             0x00003173   Thumb Code   118  adcapp.o(.text)
    Light_Event                              0x00003201   Thumb Code    76  rtcapp.o(.text)
    Rtc_Isr                                  0x0000324d   Thumb Code   122  rtcapp.o(.text)
    Wdog_Init                                0x0000335f   Thumb Code   100  init.o(.text)
    PIT_Task                                 0x000033c3   Thumb Code    56  init.o(.text)
    Pit_Init                                 0x000033fb   Thumb Code    78  init.o(.text)
    Rtc_Init                                 0x00003449   Thumb Code    62  init.o(.text)
    Uart_Init                                0x00003487   Thumb Code     2  init.o(.text)
    Gpio_Init                                0x00003489   Thumb Code    18  init.o(.text)
    Board_Init                               0x0000349b   Thumb Code    34  init.o(.text)
    Adc_Init                                 0x000034bd   Thumb Code    54  init.o(.text)
    NeoWayBoard_Init                         0x0000351d   Thumb Code    98  neoway_gprs.o(.text)
    NeoWay_UartRec                           0x0000357f   Thumb Code    30  neoway_gprs.o(.text)
    NeoWay_Rtc1s                             0x00003657   Thumb Code     8  neoway_gprs.o(.text)
    NeoWay_Rtc1ms                            0x0000365f   Thumb Code     8  neoway_gprs.o(.text)
    Delay_ms                                 0x00003723   Thumb Code    32  neoway_gprs.o(.text)
    Write_Ip                                 0x000037d7   Thumb Code    90  neoway_gprs.o(.text)
    NeoWay_GetCellLocalID                    0x00003a2d   Thumb Code   196  neoway_gprs.o(.text)
    NeoWay_Init                              0x00003dcb   Thumb Code   974  neoway_gprs.o(.text)
    TcpSend_Date                             0x00004199   Thumb Code   148  neoway_gprs.o(.text)
    Gprs_Send_Date                           0x0000422d   Thumb Code     8  neoway_gprs.o(.text)
    ModuleBack_Code                          0x0000430f   Thumb Code   242  neoway_gprs.o(.text)
    ReBootHardware_Module                    0x00004465   Thumb Code    40  neoway_gprs.o(.text)
    ReBoot_Module                            0x000044d3   Thumb Code   272  neoway_gprs.o(.text)
    GprsRec_Date                             0x00004661   Thumb Code    42  gprs_protocol.o(.text)
    Gprs_1SEvent                             0x00004b0d   Thumb Code    44  gprs_protocol.o(.text)
    Gprs_StartCodeEvent                      0x00004b39   Thumb Code   244  gprs_protocol.o(.text)
    Gprs_ReceiveEvent                        0x00005163   Thumb Code   170  gprs_protocol.o(.text)
    Init_Gprs_Device                         0x0000520d   Thumb Code    70  gprs_protocol.o(.text)
    Send_ChangeState                         0x00005253   Thumb Code   114  gprs_protocol.o(.text)
    ChairStateChange                         0x000052c5   Thumb Code    88  gprs_protocol.o(.text)
    ConnetBoard_Init                         0x00005351   Thumb Code    56  connet_master.o(.text)
    SendMaster_Date                          0x00005389   Thumb Code    82  connet_master.o(.text)
    RecMaster_Uart                           0x000053db   Thumb Code   572  connet_master.o(.text)
    SendMaster_KeyValue                      0x00005617   Thumb Code    12  connet_master.o(.text)
    Read_MasterID                            0x00005623   Thumb Code    16  connet_master.o(.text)
    LostMasterCnt                            0x00005633   Thumb Code    54  connet_master.o(.text)
    __aeabi_uldivmod                         0x00005725   Thumb Code    96  uldiv.o(.text)
    strstr                                   0x00005785   Thumb Code    40  strstr.o(.text)
    strchr                                   0x000057ad   Thumb Code    20  strchr.o(.text)
    strrchr                                  0x000057c1   Thumb Code    32  strrchr.o(.text)
    __aeabi_dadd                             0x000057e1   Thumb Code   328  dadd.o(.text)
    __aeabi_dsub                             0x00005929   Thumb Code    12  dadd.o(.text)
    __aeabi_drsub                            0x00005935   Thumb Code    12  dadd.o(.text)
    __aeabi_dmul                             0x00005945   Thumb Code   202  dmul.o(.text)
    __aeabi_i2d                              0x00005a15   Thumb Code    34  dflti.o(.text)
    __aeabi_d2iz                             0x00005a3d   Thumb Code    62  dfixi.o(.text)
    __aeabi_llsl                             0x00005a85   Thumb Code    32  llshl.o(.text)
    _ll_shift_l                              0x00005a85   Thumb Code     0  llshl.o(.text)
    __aeabi_llsr                             0x00005aa5   Thumb Code    34  llushr.o(.text)
    _ll_ushift_r                             0x00005aa5   Thumb Code     0  llushr.o(.text)
    __aeabi_lasr                             0x00005ac7   Thumb Code    38  llsshr.o(.text)
    _ll_sshift_r                             0x00005ac7   Thumb Code     0  llsshr.o(.text)
    _double_round                            0x00005aed   Thumb Code    26  depilogue.o(.text)
    _double_epilogue                         0x00005b07   Thumb Code   164  depilogue.o(.text)
    __aeabi_ddiv                             0x00005bad   Thumb Code   234  ddiv.o(.text)
    __ARM_scalbn                             0x00005c9d   Thumb Code    44  dscalb.o(.text)
    scalbn                                   0x00005c9d   Thumb Code     0  dscalb.o(.text)
    __aeabi_cdrcmple                         0x00005cc9   Thumb Code    38  cdrcmple.o(.text)
    __scatterload                            0x00005cf1   Thumb Code    28  init.o(.text)
    __scatterload_rt2                        0x00005cf1   Thumb Code     0  init.o(.text)
    _dsqrt                                   0x00005d15   Thumb Code   162  dsqrt.o(.text)
    __decompress                             0x00005db7   Thumb Code     0  __dczerorl.o(.text)
    __decompress0                            0x00005db7   Thumb Code    58  __dczerorl.o(.text)
    __0printf$8                              0x00005df1   Thumb Code    24  printf8.o(i.__0printf$8)
    __1printf$8                              0x00005df1   Thumb Code     0  printf8.o(i.__0printf$8)
    __2printf                                0x00005df1   Thumb Code     0  printf8.o(i.__0printf$8)
    __ARM_clz                                0x00005e11   Thumb Code    46  depilogue.o(i.__ARM_clz)
    __ARM_common_switch8                     0x00005e3f   Thumb Code    28  gprs_protocol.o(i.__ARM_common_switch8)
    __ARM_fpclassify                         0x00005e5d   Thumb Code    40  fpclassify.o(i.__ARM_fpclassify)
    __kernel_poly                            0x00005e89   Thumb Code   172  poly.o(i.__kernel_poly)
    __mathlib_dbl_underflow                  0x00005f35   Thumb Code    14  dunder.o(i.__mathlib_dbl_underflow)
    __scatterload_copy                       0x00005f49   Thumb Code    14  handlers.o(i.__scatterload_copy)
    __scatterload_zeroinit                   0x00005f57   Thumb Code    14  handlers.o(i.__scatterload_zeroinit)
    __set_errno                              0x00005f65   Thumb Code     6  errno.o(i.__set_errno)
    pow                                      0x000063e5   Thumb Code  2526  pow.o(i.pow)
    sqrt                                     0x00006dcd   Thumb Code    66  sqrt.o(i.sqrt)
    ASSERT_FAILED_STR                        0x00006e14   Data          35  assert.o(.constdata)
    Region$$Table$$Base                      0x00006f50   Number         0  anon$$obj.o(Region$$Table)
    Region$$Table$$Limit                     0x00006f70   Number         0  anon$$obj.o(Region$$Table)
    global_pass_count                        0x1ffffc00   Data           2  sysinit.o(.data)
    global_fail_count                        0x1ffffc02   Data           2  sysinit.o(.data)
    ADC_Callback                             0x1ffffc04   Data           4  adc.o(.data)
    PIT_Callback                             0x1ffffc08   Data           8  pit.o(.data)
    RTC_Callback                             0x1ffffc10   Data           4  rtc.o(.data)
    UART_Callback                            0x1ffffc14   Data           4  uart.o(.data)
    TempFlag                                 0x1ffffc18   Data           1  main.o(.data)
    Key                                      0x1ffffc19   Data           1  main.o(.data)
    g_uNeoWayVccio                           0x1ffffc2c   Data           4  adcapp.o(.data)
    g_uRTC10MsEvent                          0x1ffffc32   Data           1  rtcapp.o(.data)
    g_uRTC50MsEvent                          0x1ffffc33   Data           1  rtcapp.o(.data)
    g_uRTC1SEvent                            0x1ffffc34   Data           1  rtcapp.o(.data)
    g_aNeoWayRecNum                          0x1ffffc42   Data           1  neoway_gprs.o(.data)
    g_uRecTcpDateNum                         0x1ffffc43   Data           1  neoway_gprs.o(.data)
    g_uSendTcpDateNum                        0x1ffffc44   Data           1  neoway_gprs.o(.data)
    NeoWayRec                                0x1ffffc46   Data           6  neoway_gprs.o(.data)
    NeoWayExternalPar                        0x1ffffc4c   Data           6  neoway_gprs.o(.data)
    Connet_ErrorCnt                          0x1ffffc52   Data           2  neoway_gprs.o(.data)
    ReceiveOriginal                          0x1ffffc5c   Data           4  gprs_protocol.o(.data)
    ReceiveDebugData                         0x1ffffc60   Data           1  gprs_protocol.o(.data)
    Original_length                          0x1ffffc61   Data           1  gprs_protocol.o(.data)
    Alarm_State                              0x1ffffc62   Data           2  gprs_protocol.o(.data)
    Set_Param                                0x1ffffc64   Data           3  gprs_protocol.o(.data)
    Collect_Data                             0x1ffffc67   Data           4  gprs_protocol.o(.data)
    crc_ta                                   0x1ffffc6c   Data         512  gprs_protocol.o(.data)
    g_aSendMasterDate                        0x1ffffe74   Data           5  connet_master.o(.data)
    Ext_Inf                                  0x1ffffe79   Data           4  connet_master.o(.data)
    __stdout                                 0x1ffffe84   Data           4  stdout.o(.data)
    ADC_ConversionBuff                       0x1ffffeb0   Data          64  adcapp.o(.bss)
    g_aNeoWayRecBuff                         0x1ffffef0   Data         128  neoway_gprs.o(.bss)
    g_aNeoWayRec                             0x1fffff70   Data         128  neoway_gprs.o(.bss)
    g_aTcpRecDateBuff                        0x1ffffff0   Data         128  neoway_gprs.o(.bss)
    g_aTcpSendDate                           0x20000070   Data         128  neoway_gprs.o(.bss)
    NeoWayInf                                0x200000f0   Data          50  neoway_gprs.o(.bss)
    NeoWaySysPar                             0x20000122   Data          10  neoway_gprs.o(.bss)
    Uart0_ReceiveBuff                        0x2000012c   Data          10  neoway_gprs.o(.bss)
    SendOriginal                             0x20000136   Data         128  gprs_protocol.o(.bss)
    Device_Info                              0x200001b6   Data          32  gprs_protocol.o(.bss)
    Web_Param                                0x200001d6   Data          70  gprs_protocol.o(.bss)
    Gprs_flag                                0x2000021c   Data          22  gprs_protocol.o(.bss)
    Uart1_ReceiveBuff                        0x200002b2   Data          10  connet_master.o(.bss)
    g_aRecMasterDate                         0x200002bc   Data          21  connet_master.o(.bss)
    Master_Inf                               0x200002d2   Data          32  connet_master.o(.bss)
    __initial_sp                             0x200004f8   Data           0  startup_mke02z2.o(STACK)



==============================================================================

Memory Map of the image

  Image Entry point : 0x00000181

  Load Region LR_IROM1 (Base: 0x00000000, Size: 0x000071fc, Max: 0x00010000, ABSOLUTE, COMPRESSED[0x00007178])

    Execution Region ER_IROM1 (Base: 0x00000000, Size: 0x00006f70, Max: 0x00010000, ABSOLUTE)

    Base Addr    Size         Type   Attr      Idx    E Section Name        Object

    0x00000000   0x000000c0   Data   RO          261    .ARM.__AT_0x00000000  vectors.o
    0x000000c0   0x000000c0   Data   RO          290    RESET               startup_mke02z2.o
    0x00000180   0x00000000   Code   RO         1004  * .ARM.Collect$$$$00000000  mc_p.l(entry.o)
    0x00000180   0x00000004   Code   RO         1309    .ARM.Collect$$$$00000001  mc_p.l(entry2.o)
    0x00000184   0x00000004   Code   RO         1312    .ARM.Collect$$$$00000004  mc_p.l(entry5.o)
    0x00000188   0x00000000   Code   RO         1314    .ARM.Collect$$$$00000008  mc_p.l(entry7b.o)
    0x00000188   0x00000000   Code   RO         1316    .ARM.Collect$$$$0000000A  mc_p.l(entry8b.o)
    0x00000188   0x00000008   Code   RO         1317    .ARM.Collect$$$$0000000B  mc_p.l(entry9a.o)
    0x00000190   0x00000000   Code   RO         1319    .ARM.Collect$$$$0000000D  mc_p.l(entry10a.o)
    0x00000190   0x00000000   Code   RO         1321    .ARM.Collect$$$$0000000F  mc_p.l(entry11a.o)
    0x00000190   0x00000004   Code   RO         1310    .ARM.Collect$$$$00002712  mc_p.l(entry2.o)
    0x00000194   0x00000030   Code   RO           67    .text               assert.o
    0x000001c4   0x00000038   Code   RO           90    .text               io.o
    0x000001fc   0x00000006   Code   RO          260    .text               vectors.o
    0x00000202   0x00000002   PAD
    0x00000204   0x00000024   Code   RO          292    .text               startup_mke02z2.o
    0x00000228   0x00000018   Code   RO          300    .text               start.o
    0x00000240   0x00000140   Code   RO          597    .text               rtc.o
    0x00000380   0x0000002c   Code   RO         1007    .text               mc_p.l(uidiv.o)
    0x000003ac   0x00000024   Code   RO         1013    .text               mc_p.l(memcpya.o)
    0x000003d0   0x00000024   Code   RO         1015    .text               mc_p.l(memseta.o)
    0x000003f4   0x00000000   Code   RO         1337    .text               mc_p.l(iusefp.o)
    0x000003f4   0x00000002   Code   RO         1359    i.__scatterload_null  mc_p.l(handlers.o)
    0x000003f6   0x00000002   PAD
    0x000003f8   0x00000008   Data   RO         1300    .constdata          m_ps.l(qnan.o)
    0x00000400   0x00000010   Code   RO          291    .ARM.__at_0x400     startup_mke02z2.o
    0x00000410   0x00000390   Code   RO          161    .text               stdlib.o
    0x000007a0   0x0000036c   Code   RO          201    .text               sysinit.o
    0x00000b0c   0x000001f8   Code   RO          349    .text               adc.o
    0x00000d04   0x00000d2c   Code   RO          401    .text               flash.o
    0x00001a30   0x00000510   Code   RO          450    .text               gpio.o
    0x00001f40   0x00000760   Code   RO          498    .text               ics.o
    0x000026a0   0x00000220   Code   RO          548    .text               pit.o
    0x000028c0   0x00000130   Code   RO          623    .text               sim.o
    0x000029f0   0x0000032c   Code   RO          669    .text               uart.o
    0x00002d1c   0x000001a8   Code   RO          695    .text               wdog.o
    0x00002ec4   0x000000bc   Code   RO          715    .text               main.o
    0x00002f80   0x000001b4   Code   RO          779    .text               uartapp.o
    0x00003134   0x000000cc   Code   RO          805    .text               adcapp.o
    0x00003200   0x000000f0   Code   RO          832    .text               rtcapp.o
    0x000032f0   0x0000022c   Code   RO          864    .text               init.o
    0x0000351c   0x00001144   Code   RO          888    .text               neoway_gprs.o
    0x00004660   0x00000cf0   Code   RO          935    .text               gprs_protocol.o
    0x00005350   0x000003d4   Code   RO          965    .text               connet_master.o
    0x00005724   0x00000060   Code   RO         1011    .text               mc_p.l(uldiv.o)
    0x00005784   0x00000028   Code   RO         1017    .text               mc_p.l(strstr.o)
    0x000057ac   0x00000014   Code   RO         1019    .text               mc_p.l(strchr.o)
    0x000057c0   0x00000020   Code   RO         1021    .text               mc_p.l(strrchr.o)
    0x000057e0   0x00000164   Code   RO         1286    .text               mf_p.l(dadd.o)
    0x00005944   0x000000d0   Code   RO         1288    .text               mf_p.l(dmul.o)
    0x00005a14   0x00000028   Code   RO         1290    .text               mf_p.l(dflti.o)
    0x00005a3c   0x00000048   Code   RO         1292    .text               mf_p.l(dfixi.o)
    0x00005a84   0x00000020   Code   RO         1324    .text               mc_p.l(llshl.o)
    0x00005aa4   0x00000022   Code   RO         1326    .text               mc_p.l(llushr.o)
    0x00005ac6   0x00000026   Code   RO         1328    .text               mc_p.l(llsshr.o)
    0x00005aec   0x000000be   Code   RO         1338    .text               mf_p.l(depilogue.o)
    0x00005baa   0x00000002   PAD
    0x00005bac   0x000000f0   Code   RO         1342    .text               mf_p.l(ddiv.o)
    0x00005c9c   0x0000002c   Code   RO         1344    .text               mf_p.l(dscalb.o)
    0x00005cc8   0x00000028   Code   RO         1348    .text               mf_p.l(cdrcmple.o)
    0x00005cf0   0x00000024   Code   RO         1350    .text               mc_p.l(init.o)
    0x00005d14   0x000000a2   Code   RO         1352    .text               mf_p.l(dsqrt.o)
    0x00005db6   0x0000003a   Code   RO         1364    .text               mc_p.l(__dczerorl.o)
    0x00005df0   0x00000020   Code   RO         1232    i.__0printf$8       mc_p.l(printf8.o)
    0x00005e10   0x0000002e   Code   RO         1340    i.__ARM_clz         mf_p.l(depilogue.o)
    0x00005e3e   0x0000001c   Code   RO          954    i.__ARM_common_switch8  gprs_protocol.o
    0x00005e5a   0x00000002   PAD
    0x00005e5c   0x0000002c   Code   RO         1296    i.__ARM_fpclassify  m_ps.l(fpclassify.o)
    0x00005e88   0x000000ac   Code   RO         1298    i.__kernel_poly     m_ps.l(poly.o)
    0x00005f34   0x00000014   Code   RO         1294    i.__mathlib_dbl_underflow  m_ps.l(dunder.o)
    0x00005f48   0x0000000e   Code   RO         1358    i.__scatterload_copy  mc_p.l(handlers.o)
    0x00005f56   0x0000000e   Code   RO         1360    i.__scatterload_zeroinit  mc_p.l(handlers.o)
    0x00005f64   0x0000000c   Code   RO         1332    i.__set_errno       mc_p.l(errno.o)
    0x00005f70   0x00000428   Code   RO         1239    i._printf_core      mc_p.l(printf8.o)
    0x00006398   0x00000020   Code   RO         1240    i._printf_post_padding  mc_p.l(printf8.o)
    0x000063b8   0x0000002c   Code   RO         1241    i._printf_pre_padding  mc_p.l(printf8.o)
    0x000063e4   0x000009e8   Code   RO          995    i.pow               m_ps.l(pow.o)
    0x00006dcc   0x00000048   Code   RO         1302    i.sqrt              m_ps.l(sqrt.o)
    0x00006e14   0x00000023   Data   RO           68    .constdata          assert.o
    0x00006e37   0x00000001   PAD
    0x00006e38   0x0000003c   Data   RO          890    .constdata          neoway_gprs.o
    0x00006e74   0x00000004   PAD
    0x00006e78   0x00000088   Data   RO          996    .constdata          m_ps.l(pow.o)
    0x00006f00   0x0000004f   Data   RO          202    .conststring        sysinit.o
    0x00006f4f   0x00000001   PAD
    0x00006f50   0x00000020   Data   RO         1356    Region$$Table       anon$$obj.o


    Execution Region RW_IRAM1 (Base: 0x1ffffc00, Size: 0x000008f8, Max: 0x00001000, ABSOLUTE, COMPRESSED[0x00000208])

    Base Addr    Size         Type   Attr      Idx    E Section Name        Object

    0x1ffffc00   0x00000004   Data   RW          203    .data               sysinit.o
    0x1ffffc04   0x00000004   Data   RW          350    .data               adc.o
    0x1ffffc08   0x00000008   Data   RW          549    .data               pit.o
    0x1ffffc10   0x00000004   Data   RW          598    .data               rtc.o
    0x1ffffc14   0x00000004   Data   RW          670    .data               uart.o
    0x1ffffc18   0x00000002   Data   RW          716    .data               main.o
    0x1ffffc1a   0x0000000c   Data   RW          781    .data               uartapp.o
    0x1ffffc26   0x00000002   PAD
    0x1ffffc28   0x0000000a   Data   RW          807    .data               adcapp.o
    0x1ffffc32   0x0000000e   Data   RW          833    .data               rtcapp.o
    0x1ffffc40   0x00000001   Data   RW          865    .data               init.o
    0x1ffffc41   0x00000001   PAD
    0x1ffffc42   0x00000018   Data   RW          891    .data               neoway_gprs.o
    0x1ffffc5a   0x00000002   PAD
    0x1ffffc5c   0x00000218   Data   RW          937    .data               gprs_protocol.o
    0x1ffffe74   0x0000000e   Data   RW          967    .data               connet_master.o
    0x1ffffe82   0x00000002   PAD
    0x1ffffe84   0x00000004   Data   RW         1323    .data               mc_p.l(stdout.o)
    0x1ffffe88   0x00000004   Data   RW         1333    .data               mc_p.l(errno.o)
    0x1ffffe8c   0x00000024   Zero   RW          780    .bss                uartapp.o
    0x1ffffeb0   0x00000040   Zero   RW          806    .bss                adcapp.o
    0x1ffffef0   0x00000246   Zero   RW          889    .bss                neoway_gprs.o
    0x20000136   0x0000017c   Zero   RW          936    .bss                gprs_protocol.o
    0x200002b2   0x00000040   Zero   RW          966    .bss                connet_master.o
    0x200002f2   0x00000006   PAD
    0x200002f8   0x00000200   Zero   RW          288    STACK               startup_mke02z2.o


==============================================================================

Image component sizes


      Code (inc. data)   RO Data    RW Data    ZI Data      Debug   Object Name

         0          0          0          0          0       5868   acmp.o
       504         16          0          4          0      12979   adc.o
       204         24          0         10         64       4919   adcapp.o
         0          0          0          0          0      63096   alloc.o
        48         10         35          0          0       1252   assert.o
       980         86          0         14         64       4124   connet_master.o
      3372         44          0          0          0      10933   flash.o
      1296         48          0          0          0       6451   gpio.o
      3340        192          0        536        380      13721   gprs_protocol.o
      1888         24          0          0          0       6559   ics.o
       556         42          0          1          0       2191   init.o
        56          4          0          0          0       7418   io.o
       188         28          0          2          0       6552   main.o
      4420       1234         60         24        582      18523   neoway_gprs.o
       544         22          0          8          0       4218   pit.o
       320         18          0          4          0       3497   rtc.o
       240         42          0         14          0       2398   rtcapp.o
       304         10          0          0          0       1771   sim.o
        24          0          0          0          0        795   start.o
        52         24        192          0        512       1052   startup_mke02z2.o
       912          0          0          0          0       5787   stdlib.o
       876        422         79          4          0       5146   sysinit.o
       812         42          0          4          0       7005   uart.o
       436         22          0         12         36       5058   uartapp.o
         6          0        192          0          0       1518   vectors.o
       424         20          0          0          0       2061   wdog.o

    ----------------------------------------------------------------------
     21806       2374        596        644       1644     204892   Object Totals
         0          0         32          0          0          0   (incl. Generated)
         4          0          6          7          6          0   (incl. Padding)

    ----------------------------------------------------------------------

      Code (inc. data)   RO Data    RW Data    ZI Data      Debug   Library Member Name

        20          6          0          0          0         68   dunder.o
        44          4          0          0          0         60   fpclassify.o
       172          0          0          0          0         76   poly.o
      2536        224        136          0          0        216   pow.o
         0          0          8          0          0          0   qnan.o
        72          6          0          0          0         76   sqrt.o
        58          0          0          0          0          0   __dczerorl.o
         0          0          0          0          0          0   entry.o
         0          0          0          0          0          0   entry10a.o
         0          0          0          0          0          0   entry11a.o
         8          4          0          0          0          0   entry2.o
         4          0          0          0          0          0   entry5.o
         0          0          0          0          0          0   entry7b.o
         0          0          0          0          0          0   entry8b.o
         8          4          0          0          0          0   entry9a.o
        12          6          0          4          0         60   errno.o
        30          0          0          0          0          0   handlers.o
        36          8          0          0          0         68   init.o
         0          0          0          0          0          0   iusefp.o
        32          0          0          0          0         68   llshl.o
        38          0          0          0          0         68   llsshr.o
        34          0          0          0          0         68   llushr.o
        36          0          0          0          0         60   memcpya.o
        36          0          0          0          0        100   memseta.o
      1172         52          0          0          0        324   printf8.o
         0          0          0          4          0          0   stdout.o
        20          0          0          0          0         60   strchr.o
        32          0          0          0          0         60   strrchr.o
        40          0          0          0          0         72   strstr.o
        44          0          0          0          0         72   uidiv.o
        96          0          0          0          0         84   uldiv.o
        40          2          0          0          0         68   cdrcmple.o
       356          4          0          0          0        140   dadd.o
       240          6          0          0          0         84   ddiv.o
       236          0          0          0          0        216   depilogue.o
        72         10          0          0          0         72   dfixi.o
        40          6          0          0          0         68   dflti.o
       208          6          0          0          0         88   dmul.o
        44          0          0          0          0         72   dscalb.o
       162          0          0          0          0         80   dsqrt.o

    ----------------------------------------------------------------------
      5982        348        144          8          0       2548   Library Totals
         4          0          0          0          0          0   (incl. Padding)

    ----------------------------------------------------------------------

      Code (inc. data)   RO Data    RW Data    ZI Data      Debug   Library Name

      2844        240        144          0          0        496   m_ps.l
      1736         74          0          8          0       1164   mc_p.l
      1398         34          0          0          0        888   mf_p.l

    ----------------------------------------------------------------------
      5982        348        144          8          0       2548   Library Totals

    ----------------------------------------------------------------------

==============================================================================


      Code (inc. data)   RO Data    RW Data    ZI Data      Debug   

     27788       2722        740        652       1644     204708   Grand Totals
     27788       2722        740        520       1644     204708   ELF Image Totals (compressed)
     27788       2722        740        520          0          0   ROM Totals

==============================================================================

    Total RO  Size (Code + RO Data)                28528 (  27.86kB)
    Total RW  Size (RW Data + ZI Data)              2296 (   2.24kB)
    Total ROM Size (Code + RO Data + RW Data)      29048 (  28.37kB)

==============================================================================

