<html>
<body>
<pre>
<h1>礦ision Build Log</h1>
<h2>Project:</h2>
E:\Easepal\项目\在线自助支付操作系统\M590E\程序\Online_Payment\Ke02_NeoWay_Gprs_v0.1\Pro\Ke02_NeoWay_Gprs_v0.1.uvproj
Project File Date:  11/23/2016

<h2>Output:</h2>
Rebuild target 'Target 1'
compiling alloc.c...
compiling assert.c...
compiling io.c...
compiling memtest.c...
compiling queue.c...
compiling stdlib.c...
compiling arm_cm0.c...
compiling sysinit.c...
compiling systick.c...
compiling vectors.c...
assembling startup_MKE02Z2.s...
compiling start.c...
compiling acmp.c...
compiling adc.c...
compiling crc.c...
compiling flash.c...
compiling ftm.c...
compiling gpio.c...
compiling i2c.c...
compiling ics.c...
compiling kbi.c...
compiling pit.c...
compiling pmc.c...
compiling rtc.c...
compiling sim.c...
compiling spi.c...
compiling uart.c...
compiling wdog.c...
compiling main.c...
compiling uartApp.c...
..\user\uartApp.c(4): warning:  #550-D: variable "pUART_RxBuff" was set but never used
  static  uint8  *pUART_RxBuff[MAX_UART_NO] = {NULL};           /* pointer to TxBuf */
..\user\uartApp.c(6): warning:  #550-D: variable "gu16UART_RxBuffPos" was set but never used
  static  uint16 gu16UART_RxBuffPos[MAX_UART_NO] = {0};        /* read position to TxBuf */
..\user\uartApp.c: 2 warnings, 0 errors
compiling AdcApp.c...
compiling RtcApp.c...
compiling Init.c...
compiling NeoWay_Gprs.c...
..\user\NeoWay_Gprs.c(882): warning:  #177-D: function "ReBuild_NetWork" was declared but never referenced
  static void ReBuild_NetWork(void)
..\user\NeoWay_Gprs.c: 1 warning, 0 errors
compiling GPRS_Protocol.c...
compiling Connet_Master.c...
linking...
Program Size: Code=26936 RO-data=704 RW-data=676 ZI-data=1580  
".\Ke02_NeoWay_Gprs_v0.1" - 0 Error(s), 3 Warning(s).
</pre>
</body>
</html>
ruct "<unnamed>" has no field "Server_Ip"
    Web_Param.Server_Ip[3]=207;
..\user\NeoWay_Gprs.c(641): error:  #136: struct "<unnamed>" has no field "Server_Port"
    Web_Param.Server_Port[0]=0x17;
..\user\NeoWay_Gprs.c(642): error:  #136: struct "<unnamed>" has no field "Server_Port"
    Web_Param.Server_Port[1]=0x71;  
..\user\NeoWay_Gprs.c(643): error:  #136: struct "<unnamed>" has no field "Server_Ip"
    NeoWay_SendString((uint8 *)Write_Ip(Web_Param.Server_Ip,Web_Param.Server_Port));
..\user\NeoWay_Gprs.c(643): error:  #136: struct "<unnamed>" has no field "Server_Port"
    NeoWay_SendString((uint8 *)Write_Ip(Web_Param.Server_Ip,Web_Param.Server_Port));
..\user\NeoWay_Gprs.c(882): warning:  #177-D: function "ReBuild_NetWork" was declared but never referenced
  static void ReBuild_NetWork(void)
..\user\NeoWay_Gprs.c: 1 warning, 8 errors
compiling GPRS_Protocol.c...
..\user\GPRS_Protocol.c(502): error:  #136: struct "<unnamed>" has no field "Server_Ip"
                Web_Param.Server_Ip[i] = temp_ip[i];   //服务器IP
..\user\GPRS_Protocol.c(506): error:  #136: struct "<unnamed>" has no field "Server_Port"
                Web_Param.Server_Port[i] = temp_port[i];//服务器端口号
..\user\GPRS_Protocol.c: 0 warnings, 2 errors
compiling Connet_Master.c...
".\Ke02_NeoWay_Gprs_v0.1" - 10 Error(s), 3 Warning(s).
Target not created
