Product: MDK-ARM Standard 5.10
Component: ARM Compiler 5.04 update 1 (build 49)
Tool: armlink [5040049]

==============================================================================

Section Cross References

    alloc.o(.text) refers to alloc.o(.data) for freep
    alloc.o(.text) refers to alloc.o(.bss) for base
    assert.o(.text) refers to printf8.o(i.__0printf$8) for __2printf
    assert.o(.text) refers to assert.o(.constdata) for ASSERT_FAILED_STR
    io.o(.text) refers to uart.o(.text) for UART_GetChar
    sysinit.o(.text) refers to sim.o(.text) for SIM_GetStatus
    sysinit.o(.text) refers to printf8.o(i.__0printf$8) for __2printf
    sysinit.o(.text) refers to uart.o(.text) for UART_Init
    sysinit.o(.text) refers to ics.o(.text) for ICS_Trim
    sysinit.o(.text) refers to sysinit.o(.conststring) for .conststring
    sysinit.o(.text) refers to sysinit.o(.data) for global_pass_count
    systick.o(.text) refers to printf8.o(i.__0printf$8) for __2printf
    systick.o(.text) refers to systick.o(.data) for overhead
    vectors.o(.ARM.__AT_0x00000000) refers to startup_mke02z2.o(STACK) for __initial_sp
    vectors.o(.ARM.__AT_0x00000000) refers to startup_mke02z2.o(.text) for Reset_Handler
    vectors.o(.ARM.__AT_0x00000000) refers to vectors.o(.text) for default_isr
    vectors.o(.ARM.__AT_0x00000000) refers to uart.o(.text) for UART0_Isr
    vectors.o(.ARM.__AT_0x00000000) refers to adcapp.o(.text) for Adc_FifoIsr
    vectors.o(.ARM.__AT_0x00000000) refers to rtcapp.o(.text) for Rtc_Isr
    vectors.o(.ARM.__AT_0x00000000) refers to pit.o(.text) for PIT_Ch0Isr
    startup_mke02z2.o(RESET) refers to startup_mke02z2.o(STACK) for __initial_sp
    startup_mke02z2.o(RESET) refers to startup_mke02z2.o(.text) for Reset_Handler
    startup_mke02z2.o(.text) refers to start.o(.text) for SystemInit
    startup_mke02z2.o(.text) refers to entry.o(.ARM.Collect$$$$00000000) for __main
    start.o(.text) refers to wdog.o(.text) for WDOG_DisableWDOGEnableUpdate
    start.o(.text) refers to main.o(.text) for main
    acmp.o(.text) refers to acmp.o(.data) for ACMP_Callback
    adc.o(.text) refers to adc.o(.data) for ADC_Callback
    flash.o(.text) refers to uidiv.o(.text) for __aeabi_uidivmod
    ftm.o(.text) refers to assert.o(.text) for assert_failed
    ftm.o(.text) refers to idiv.o(.text) for __aeabi_idivmod
    ftm.o(.text) refers to ftm.o(.bss) for FTM_Callback
    gpio.o(.text) refers to assert.o(.text) for assert_failed
    i2c.o(.text) refers to i2c.o(.data) for I2C_Callback
    kbi.o(.text) refers to memcpya.o(.text) for __aeabi_memcpy4
    kbi.o(.text) refers to assert.o(.text) for assert_failed
    kbi.o(.text) refers to kbi.o(.constdata) for .constdata
    kbi.o(.text) refers to kbi.o(.data) for KBI_Callback
    pit.o(.text) refers to pit.o(.data) for PIT_Callback
    pmc.o(.text) refers to arm_cm0.o(.text) for wait
    rtc.o(.text) refers to rtc.o(.data) for RTC_Callback
    spi.o(.text) refers to uidiv.o(.text) for __aeabi_uidivmod
    spi.o(.text) refers to assert.o(.text) for assert_failed
    spi.o(.text) refers to spi.o(.data) for SPI_Callback
    uart.o(.text) refers to assert.o(.text) for assert_failed
    uart.o(.text) refers to uidiv.o(.text) for __aeabi_uidivmod
    uart.o(.text) refers to uart.o(.data) for UART_Callback
    main.o(.text) refers to gprs_protocol.o(.text) for Gprs_1SEvent
    main.o(.text) refers to neoway_gprs.o(.text) for NeoWay_Rtc1s
    main.o(.text) refers to init.o(.text) for Board_Init
    main.o(.text) refers to connet_master.o(.text) for ConnetBoard_Init
    main.o(.text) refers to rtcapp.o(.data) for g_uRTC10MsEvent
    main.o(.text) refers to neoway_gprs.o(.bss) for NeoWaySysPar
    main.o(.text) refers to main.o(.data) for TempFlag
    uartapp.o(.text) refers to uart.o(.text) for UART_CheckFlag
    uartapp.o(.text) refers to neoway_gprs.o(.text) for NeoWay_UartRec
    uartapp.o(.text) refers to connet_master.o(.text) for RecMaster_Uart
    uartapp.o(.text) refers to printf8.o(i.__0printf$8) for __2printf
    uartapp.o(.text) refers to uartapp.o(.bss) for pUART_TxBuff
    uartapp.o(.text) refers to uartapp.o(.data) for gu16UART_TxBuffPos
    adcapp.o(.text) refers to adc.o(.text) for ADC_SetChannel
    adcapp.o(.text) refers to uart.o(.text) for UART_PutChar
    adcapp.o(.text) refers to adcapp.o(.data) for ADC_ConversionCount
    adcapp.o(.text) refers to adcapp.o(.bss) for ADC_ConversionBuff
    rtcapp.o(.text) refers to neoway_gprs.o(.text) for NeoWay_Rtc1ms
    rtcapp.o(.text) refers to rtcapp.o(.data) for Cnt_10Ms
    init.o(.text) refers to pit.o(.text) for PIT_Init
    init.o(.text) refers to rtc.o(.text) for RTC_Init
    init.o(.text) refers to sysinit.o(.text) for sysinit
    init.o(.text) refers to flash.o(.text) for FLASH_Init
    init.o(.text) refers to printf8.o(i.__0printf$8) for __2printf
    init.o(.text) refers to adc.o(.text) for ADC_SetCallBack
    init.o(.text) refers to init.o(.data) for Cnt
[...]
    printfa.o(i.__0vfprintf) refers to io.o(.text) for fputc
    printfa.o(i.__0vprintf) refers (Special) to iusefp.o(.text) for __I$use$fp
    printfa.o(i.__0vprintf) refers to printfa.o(i._printf_core) for _printf_core
    printfa.o(i.__0vprintf) refers to io.o(.text) for fputc
    printfa.o(i.__0vprintf) refers to stdout.o(.data) for __stdout
    printfa.o(i.__0vsnprintf) refers (Special) to iusefp.o(.text) for __I$use$fp
    printfa.o(i.__0vsnprintf) refers to printfa.o(i._printf_core) for _printf_core
    printfa.o(i.__0vsnprintf) refers to printfa.o(i._snputc) for _snputc
    printfa.o(i.__0vsprintf) refers (Special) to iusefp.o(.text) for __I$use$fp
    printfa.o(i.__0vsprintf) refers to printfa.o(i._printf_core) for _printf_core
    printfa.o(i.__0vsprintf) refers to printfa.o(i._sputc) for _sputc
    printfa.o(i._fp_digits) refers (Special) to iusefp.o(.text) for __I$use$fp
    printfa.o(i._fp_digits) refers to dmul.o(.text) for __aeabi_dmul
    printfa.o(i._fp_digits) refers to ddiv.o(.text) for __aeabi_ddiv
    printfa.o(i._fp_digits) refers to cdrcmple.o(.text) for __aeabi_cdrcmple
    printfa.o(i._fp_digits) refers to dadd.o(.text) for __aeabi_dadd
    printfa.o(i._fp_digits) refers to dfixul.o(.text) for __aeabi_d2ulz
    printfa.o(i._fp_digits) refers to uldiv.o(.text) for __aeabi_uldivmod
    printfa.o(i._printf_core) refers (Special) to iusefp.o(.text) for __I$use$fp
    printfa.o(i._printf_core) refers to printfa.o(i._printf_pre_padding) for _printf_pre_padding
    printfa.o(i._printf_core) refers to uldiv.o(.text) for __aeabi_uldivmod
    printfa.o(i._printf_core) refers to printfa.o(i._printf_post_padding) for _printf_post_padding
    printfa.o(i._printf_core) refers to printfa.o(i._fp_digits) for _fp_digits
    printfa.o(i._printf_core) refers to uidiv.o(.text) for __aeabi_uidivmod
    printfa.o(i._printf_post_padding) refers (Special) to iusefp.o(.text) for __I$use$fp
    printfa.o(i._printf_pre_padding) refers (Special) to iusefp.o(.text) for __I$use$fp
    printfa.o(i._snputc) refers (Special) to iusefp.o(.text) for __I$use$fp
    printfa.o(i._sputc) refers (Special) to iusefp.o(.text) for __I$use$fp
    dadd.o(.text) refers (Special) to iusefp.o(.text) for __I$use$fp
    dadd.o(.text) refers to llshl.o(.text) for __aeabi_llsl
    dadd.o(.text) refers to llsshr.o(.text) for __aeabi_lasr
    dadd.o(.text) refers to depilogue.o(.text) for _double_epilogue
    dmul.o(.text) refers (Special) to iusefp.o(.text) for __I$use$fp
    dmul.o(.text) refers to depilogue.o(.text) for _double_epilogue
    dflti.o(.text) refers (Special) to iusefp.o(.text) for __I$use$fp
    dflti.o(.text) refers to depilogue.o(.text) for _double_epilogue
    dfixi.o(.text) refers (Special) to iusefp.o(.text) for __I$use$fp
    dfixi.o(.text) refers to llushr.o(.text) for __aeabi_llsr
    dunder.o(i.__mathlib_dbl_underflow) refers to dscalb.o(.text) for __ARM_scalbn
    fpclassify.o(i.__ARM_fpclassify) refers (Special) to iusefp.o(.text) for __I$use$fp
    poly.o(i.__kernel_poly) refers (Special) to iusefp.o(.text) for __I$use$fp
    poly.o(i.__kernel_poly) refers to dmul.o(.text) for __aeabi_dmul
    poly.o(i.__kernel_poly) refers to dadd.o(.text) for __aeabi_dadd
    qnan.o(.constdata) refers (Special) to iusefp.o(.text) for __I$use$fp
    sqrt.o(i.__softfp_sqrt) refers (Special) to iusefp.o(.text) for __I$use$fp
    sqrt.o(i.__softfp_sqrt) refers to dsqrt.o(.text) for _dsqrt
    sqrt.o(i.__softfp_sqrt) refers to errno.o(i.__set_errno) for __set_errno
    sqrt.o(i.sqrt) refers (Special) to iusefp.o(.text) for __I$use$fp
    sqrt.o(i.sqrt) refers to dsqrt.o(.text) for _dsqrt
    sqrt.o(i.sqrt) refers to errno.o(i.__set_errno) for __set_errno
    sqrt_x.o(i.____softfp_sqrt$lsc) refers (Special) to iusefp.o(.text) for __I$use$fp
    sqrt_x.o(i.____softfp_sqrt$lsc) refers to cdcmple.o(.text) for __aeabi_cdcmple
    sqrt_x.o(i.____softfp_sqrt$lsc) refers to errno.o(i.__set_errno) for __set_errno
    sqrt_x.o(i.____softfp_sqrt$lsc) refers to dsqrt.o(.text) for _dsqrt
    sqrt_x.o(i.__sqrt$lsc) refers (Special) to iusefp.o(.text) for __I$use$fp
    sqrt_x.o(i.__sqrt$lsc) refers to cdcmple.o(.text) for __aeabi_cdcmple
    sqrt_x.o(i.__sqrt$lsc) refers to errno.o(i.__set_errno) for __set_errno
    sqrt_x.o(i.__sqrt$lsc) refers to dsqrt.o(.text) for _dsqrt
    entry2.o(.ARM.Collect$$$$00000001) refers to entry2.o(.ARM.Collect$$$$00002712) for __lit__00000000
    entry2.o(.ARM.Collect$$$$00002712) refers to startup_mke02z2.o(STACK) for __initial_sp
    entry2.o(__vectab_stack_and_reset_area) refers to startup_mke02z2.o(STACK) for __initial_sp
    entry2.o(__vectab_stack_and_reset_area) refers to entry.o(.ARM.Collect$$$$00000000) for __main
    entry5.o(.ARM.Collect$$$$00000004) refers to init.o(.text) for __scatterload
    entry9a.o(.ARM.Collect$$$$0000000B) refers to main.o(.text) for main
    entry9b.o(.ARM.Collect$$$$0000000C) refers to main.o(.text) for main
    uldiv.o(.text) refers to llushr.o(.text) for __aeabi_llsr
    uldiv.o(.text) refers to llshl.o(.text) for __aeabi_llsl
    errno.o(i.__aeabi_errno_addr) refers to errno.o(.data) for .data
    errno.o(i.__read_errno) refers to errno.o(.data) for .data
    errno.o(i.__set_errno) refers to errno.o(.data) for .data
    depilogue.o(.text) refers to depilogue.o(i.__ARM_clz) for __ARM_clz
    depilogue.o(.text) refers to llshl.o(.text) for __aeabi_llsl
    depilogue.o(.text) refers to llushr.o(.text) for __aeabi_llsr
    ddiv.o(.text) refers to depilogue.o(.text) for _double_round
    dfixul.o(.text) refers to llushr.o(.text) for __aeabi_llsr
    dfixul.o(.text) refers to llshl.o(.text) for __aeabi_llsl
    init.o(.text) refers to entry5.o(.ARM.Collect$$$$00000004) for __main_after_scatterload
    dsqrt.o(.text) refers to llushr.o(.text) for __aeabi_llsr
    dsqrt.o(.text) refers to depilogue.o(.text) for _double_round


==============================================================================

Removing Unused input sections from the image.

    Removing alloc.o(.rev16_text), (4 bytes).
    Removing alloc.o(.revsh_text), (4 bytes).
    Removing alloc.o(.text), (244 bytes).
    Removing alloc.o(.bss), (16 bytes).
    Removing alloc.o(.data), (4 bytes).
    Removing assert.o(.rev16_text), (4 bytes).
    Removing assert.o(.revsh_text), (4 bytes).
    Removing io.o(.rev16_text), (4 bytes).
    Removing io.o(.revsh_text), (4 bytes).
    Removing memtest.o(.text), (268 bytes).
    Removing queue.o(.rev16_text), (4 bytes).
    Removing queue.o(.revsh_text), (4 bytes).
    Removing queue.o(.text), (142 bytes).
    Removing stdlib.o(.rev16_text), (4 bytes).
    Removing stdlib.o(.revsh_text), (4 bytes).
    Removing arm_cm0.o(.rev16_text), (4 bytes).
    Removing arm_cm0.o(.revsh_text), (4 bytes).
    Removing arm_cm0.o(.text), (44 bytes).
    Removing sysinit.o(.rev16_text), (4 bytes).
    Removing sysinit.o(.revsh_text), (4 bytes).
    Removing systick.o(.rev16_text), (4 bytes).
    Removing systick.o(.revsh_text), (4 bytes).
    Removing systick.o(.text), (184 bytes).
    Removing systick.o(.data), (12 bytes).
    Removing vectors.o(.rev16_text), (4 bytes).
    Removing vectors.o(.revsh_text), (4 bytes).
    Removing startup_mke02z2.o(HEAP), (0 bytes).
    Removing start.o(.rev16_text), (4 bytes).
    Removing start.o(.revsh_text), (4 bytes).
    Removing acmp.o(.rev16_text), (4 bytes).
    Removing acmp.o(.revsh_text), (4 bytes).
    Removing acmp.o(.text), (292 bytes).
    Removing acmp.o(.data), (8 bytes).
    Removing adc.o(.rev16_text), (4 bytes).
    Removing adc.o(.revsh_text), (4 bytes).
    Removing crc.o(.rev16_text), (4 bytes).
    Removing crc.o(.revsh_text), (4 bytes).
    Removing crc.o(.text), (384 bytes).
    Removing flash.o(.rev16_text), (4 bytes).
    Removing flash.o(.revsh_text), (4 bytes).
    Removing ftm.o(.rev16_text), (4 bytes).
    Removing ftm.o(.revsh_text), (4 bytes).
    Removing ftm.o(.text), (2632 bytes).
    Removing ftm.o(.bss), (12 bytes).
    Removing gpio.o(.rev16_text), (4 bytes).
    Removing gpio.o(.revsh_text), (4 bytes).
    Removing i2c.o(.rev16_text), (4 bytes).
    Removing i2c.o(.revsh_text), (4 bytes).
    Removing i2c.o(.text), (1068 bytes).
    Removing i2c.o(.data), (8 bytes).
    Removing ics.o(.rev16_text), (4 bytes).
    Removing ics.o(.revsh_text), (4 bytes).
    Removing kbi.o(.rev16_text), (4 bytes).
    Removing kbi.o(.revsh_text), (4 bytes).
    Removing kbi.o(.text), (488 bytes).
    Removing kbi.o(.constdata), (32 bytes).
    Removing kbi.o(.data), (8 bytes).
    Removing pit.o(.rev16_text), (4 bytes).
    Removing pit.o(.revsh_text), (4 bytes).
    Removing pmc.o(.rev16_text), (4 bytes).
    Removing pmc.o(.revsh_text), (4 bytes).
    Removing pmc.o(.text), (90 bytes).
    Removing rtc.o(.rev16_text), (4 bytes).
    Removing rtc.o(.revsh_text), (4 bytes).
    Removing sim.o(.rev16_text), (4 bytes).
    Removing sim.o(.revsh_text), (4 bytes).
    Removing spi.o(.rev16_text), (4 bytes).
    Removing spi.o(.revsh_text), (4 bytes).
    Removing spi.o(.text), (812 bytes).
    Removing spi.o(.data), (8 bytes).
    Removing uart.o(.rev16_text), (4 bytes).
    Removing uart.o(.revsh_text), (4 bytes).
    Removing wdog.o(.rev16_text), (4 bytes).
    Removing wdog.o(.revsh_text), (4 bytes).
    Removing main.o(.rev16_text), (4 bytes).
    Removing main.o(.revsh_text), (4 bytes).
    Removing uartapp.o(.rev16_text), (4 bytes).
    Removing uartapp.o(.revsh_text), (4 bytes).
    Removing adcapp.o(.rev16_text), (4 bytes).
    Removing adcapp.o(.revsh_text), (4 bytes).
    Removing rtcapp.o(.rev16_text), (4 bytes).
    Removing rtcapp.o(.revsh_text), (4 bytes).
    Removing init.o(.rev16_text), (4 bytes).
    Removing init.o(.revsh_text), (4 bytes).
    Removing neoway_gprs.o(.rev16_text), (4 bytes).
    Removing neoway_gprs.o(.revsh_text), (4 bytes).
    Removing gprs_protocol.o(.rev16_text), (4 bytes).
    Removing gprs_protocol.o(.revsh_text), (4 bytes).
    Removing connet_master.o(.rev16_text), (4 bytes).
    Removing connet_master.o(.revsh_text), (4 bytes).
    Removing dfixul.o(.text), (64 bytes).
    Removing cdcmple.o(.text), (40 bytes).

92 unused section(s) (total 7132 bytes) removed from the image.

==============================================================================

Image Symbol Table

    Local Symbols

    Symbol Name                              Value     Ov Type        Size  Object(Section)

    .ARM.__AT_0x00000000                     0x00000000   Section      192  vectors.o(.ARM.__AT_0x00000000)
    ../clib/../cmprslib/zerorunl.c           0x00000000   Number         0  __dczerorl.o ABSOLUTE
    ../clib/microlib/division.c              0x00000000   Number         0  uldiv.o ABSOLUTE
    ../clib/microlib/division.c              0x00000000   Number         0  idiv.o ABSOLUTE
    ../clib/microlib/division.c              0x00000000   Number         0  uidiv.o ABSOLUTE
    ../clib/microlib/errno.c                 0x00000000   Number         0  errno.o ABSOLUTE
    ../clib/microlib/init/entry.s            0x00000000   Number         0  entry5.o ABSOLUTE
    ../clib/microlib/init/entry.s            0x00000000   Number         0  entry.o ABSOLUTE
    ../clib/microlib/init/entry.s            0x00000000   Number         0  entry7a.o ABSOLUTE
    ../clib/microlib/init/entry.s            0x00000000   Number         0  entry7b.o ABSOLUTE
    ../clib/microlib/init/entry.s            0x00000000   Number         0  entry8a.o ABSOLUTE
    ../clib/microlib/init/entry.s            0x00000000   Number         0  entry8b.o ABSOLUTE
    ../clib/microlib/init/entry.s            0x00000000   Number         0  entry9a.o ABSOLUTE
    ../clib/microlib/init/entry.s            0x00000000   Number         0  entry9b.o ABSOLUTE
    ../clib/microlib/init/entry.s            0x00000000   Number         0  entry11a.o ABSOLUTE
    ../clib/microlib/init/entry.s            0x00000000   Number         0  entry10a.o ABSOLUTE
    ../clib/microlib/init/entry.s            0x00000000   Number         0  entry11b.o ABSOLUTE
    ../clib/microlib/init/entry.s            0x00000000   Number         0  entry10b.o ABSOLUTE
    ../clib/microlib/init/entry.s            0x00000000   Number         0  entry2.o ABSOLUTE
    ../clib/microlib/longlong.c              0x00000000   Number         0  llshl.o ABSOLUTE
    ../clib/microlib/longlong.c              0x00000000   Number         0  llushr.o ABSOLUTE
    ../clib/microlib/longlong.c              0x00000000   Number         0  llsshr.o ABSOLUTE
    ../clib/microlib/printf/printf.c         0x00000000   Number         0  printf5.o ABSOLUTE
    ../clib/microlib/printf/printf.c         0x00000000   Number         0  printf2.o ABSOLUTE
    ../clib/microlib/printf/printf.c         0x00000000   Number         0  printf3.o ABSOLUTE
    ../clib/microlib/printf/printf.c         0x00000000   Number         0  printf4.o ABSOLUTE
    ../clib/microlib/printf/printf.c         0x00000000   Number         0  printf7.o ABSOLUTE
    ../clib/microlib/printf/printf.c         0x00000000   Number         0  printf8.o ABSOLUTE
    ../clib/microlib/printf/printf.c         0x00000000   Number         0  printfa.o ABSOLUTE
    ../clib/microlib/printf/printf.c         0x00000000   Number         0  printf6.o ABSOLUTE
    ../clib/microlib/printf/printf.c         0x00000000   Number         0  printf0.o ABSOLUTE
    ../clib/microlib/printf/printf.c         0x00000000   Number         0  printfb.o ABSOLUTE
    ../clib/microlib/printf/printf.c         0x00000000   Number         0  printf1.o ABSOLUTE
    ../clib/microlib/printf/stubs.s          0x00000000   Number         0  stubs.o ABSOLUTE
    ../clib/microlib/stdio/streams.c         0x00000000   Number         0  stdout.o ABSOLUTE
    ../clib/microlib/string/memcpy.c         0x00000000   Number         0  memcpya.o ABSOLUTE
    ../clib/microlib/string/memcpy.c         0x00000000   Number         0  memcpyb.o ABSOLUTE
    ../clib/microlib/string/memset.c         0x00000000   Number         0  memseta.o ABSOLUTE
    ../clib/microlib/string/strchr.c         0x00000000   Number         0  strchr.o ABSOLUTE
    ../clib/microlib/string/strrchr.c        0x00000000   Number         0  strrchr.o ABSOLUTE
    ../clib/microlib/string/strstr.c         0x00000000   Number         0  strstr.o ABSOLUTE
    ../clib/microlib/stubs.s                 0x00000000   Number         0  iusefp.o ABSOLUTE
    ../fplib/microlib/fpadd.c                0x00000000   Number         0  dadd.o ABSOLUTE
    ../fplib/microlib/fpdiv.c                0x00000000   Number         0  ddiv.o ABSOLUTE
    ../fplib/microlib/fpepilogue.c           0x00000000   Number         0  depilogue.o ABSOLUTE
    ../fplib/microlib/fpfix.c                0x00000000   Number         0  dfixul.o ABSOLUTE
    ../fplib/microlib/fpfix.c                0x00000000   Number         0  dfixi.o ABSOLUTE
    ../fplib/microlib/fpflt.c                0x00000000   Number         0  dflti.o ABSOLUTE
    ../fplib/microlib/fpmul.c                0x00000000   Number         0  dmul.o ABSOLUTE
    ../fplib/microlib/fpscalb.c              0x00000000   Number         0  dscalb.o ABSOLUTE
    ../fplib/microlib/fpsqrt.c               0x00000000   Number         0  dsqrt.o ABSOLUTE
    ../mathlib/dunder.c                      0x00000000   Number         0  dunder.o ABSOLUTE
    ../mathlib/fpclassify.c                  0x00000000   Number         0  fpclassify.o ABSOLUTE
    ../mathlib/poly.c                        0x00000000   Number         0  poly.o ABSOLUTE
    ../mathlib/pow.c                         0x00000000   Number         0  pow_x.o ABSOLUTE
    ../mathlib/pow.c                         0x00000000   Number         0  pow.o ABSOLUTE
    ../mathlib/qnan.c                        0x00000000   Number         0  qnan.o ABSOLUTE
    ../mathlib/sqrt.c                        0x00000000   Number         0  sqrt.o ABSOLUTE
    ../mathlib/sqrt.c                        0x00000000   Number         0  sqrt_x.o ABSOLUTE
    ..\\common\\alloc.c                      0x00000000   Number         0  alloc.o ABSOLUTE
    ..\\common\\assert.c                     0x00000000   Number         0  assert.o ABSOLUTE
    ..\\common\\io.c                         0x00000000   Number         0  io.o ABSOLUTE
    ..\\common\\queue.c                      0x00000000   Number         0  queue.o ABSOLUTE
    ..\\common\\stdlib.c                     0x00000000   Number         0  stdlib.o ABSOLUTE
    ..\\cpu\\arm_cm0.c                       0x00000000   Number         0  arm_cm0.o ABSOLUTE
    ..\\cpu\\start.c                         0x00000000   Number         0  start.o ABSOLUTE
    ..\\cpu\\sysinit.c                       0x00000000   Number         0  sysinit.o ABSOLUTE
    ..\\cpu\\systick.c                       0x00000000   Number         0  systick.o ABSOLUTE
    ..\\cpu\\vectors.c                       0x00000000   Number         0  vectors.o ABSOLUTE
    ..\\drivers\\acmp.c                      0x00000000   Number         0  acmp.o ABSOLUTE
    ..\\drivers\\adc.c                       0x00000000   Number         0  adc.o ABSOLUTE
    ..\\drivers\\crc.c                       0x00000000   Number         0  crc.o ABSOLUTE
    ..\\drivers\\flash.c                     0x00000000   Number         0  flash.o ABSOLUTE
    ..\\drivers\\ftm.c                       0x00000000   Number         0  ftm.o ABSOLUTE
    ..\\drivers\\gpio.c                      0x00000000   Number         0  gpio.o ABSOLUTE
    ..\\drivers\\i2c.c                       0x00000000   Number         0  i2c.o ABSOLUTE
    ..\\drivers\\ics.c                       0x00000000   Number         0  ics.o ABSOLUTE
    ..\\drivers\\kbi.c                       0x00000000   Number         0  kbi.o ABSOLUTE
    ..\\drivers\\pit.c                       0x00000000   Number         0  pit.o ABSOLUTE
    ..\\drivers\\pmc.c                       0x00000000   Number         0  pmc.o ABSOLUTE
    ..\\drivers\\rtc.c                       0x00000000   Number         0  rtc.o ABSOLUTE
    ..\\drivers\\sim.c                       0x00000000   Number         0  sim.o ABSOLUTE
    ..\\drivers\\spi.c                       0x00000000   Number         0  spi.o ABSOLUTE
    ..\\drivers\\uart.c                      0x00000000   Number         0  uart.o ABSOLUTE
    ..\\drivers\\wdog.c                      0x00000000   Number         0  wdog.o ABSOLUTE
    ..\\user\\AdcApp.c                       0x00000000   Number         0  adcapp.o ABSOLUTE
    ..\\user\\Connet_Master.c                0x00000000   Number         0  connet_master.o ABSOLUTE
    ..\\user\\GPRS_Protocol.c                0x00000000   Number         0  gprs_protocol.o ABSOLUTE
    ..\\user\\Init.c                         0x00000000   Number         0  init.o ABSOLUTE
    ..\\user\\NeoWay_Gprs.c                  0x00000000   Number         0  neoway_gprs.o ABSOLUTE
    ..\\user\\RtcApp.c                       0x00000000   Number         0  rtcapp.o ABSOLUTE
    ..\\user\\main.c                         0x00000000   Number         0  main.o ABSOLUTE
    ..\\user\\uartApp.c                      0x00000000   Number         0  uartapp.o ABSOLUTE
    ..\common\alloc.c                        0x00000000   Number         0  alloc.o ABSOLUTE
    ..\common\assert.c                       0x00000000   Number         0  assert.o ABSOLUTE
    ..\common\io.c                           0x00000000   Number         0  io.o ABSOLUTE
    ..\common\memtest.c                      0x00000000   Number         0  memtest.o ABSOLUTE
    ..\common\queue.c                        0x00000000   Number         0  queue.o ABSOLUTE
    ..\common\stdlib.c                       0x00000000   Number         0  stdlib.o ABSOLUTE
    ..\cpu\arm_cm0.c                         0x00000000   Number         0  arm_cm0.o ABSOLUTE
    ..\cpu\start.c                           0x00000000   Number         0  start.o ABSOLUTE
    ..\cpu\startup_MKE02Z2.s                 0x00000000   Number         0  startup_mke02z2.o ABSOLUTE
    ..\cpu\sysinit.c                         0x00000000   Number         0  sysinit.o ABSOLUTE
    ..\cpu\systick.c                         0x00000000   Number         0  systick.o ABSOLUTE
    ..\cpu\vectors.c                         0x00000000   Number         0  vectors.o ABSOLUTE
    ..\drivers\acmp.c                        0x00000000   Number         0  acmp.o ABSOLUTE
    ..\drivers\adc.c                         0x00000000   Number         0  adc.o ABSOLUTE
    ..\drivers\crc.c                         0x00000000   Number         0  crc.o ABSOLUTE
    ..\drivers\flash.c                       0x00000000   Number         0  flash.o ABSOLUTE
    ..\drivers\ftm.c                         0x00000000   Number         0  ftm.o ABSOLUTE
    ..\drivers\gpio.c                        0x00000000   Number         0  gpio.o ABSOLUTE
    ..\drivers\i2c.c                         0x00000000   Number         0  i2c.o ABSOLUTE
    ..\drivers\ics.c                         0x00000000   Number         0  ics.o ABSOLUTE
    ..\drivers\kbi.c                         0x00000000   Number         0  kbi.o ABSOLUTE
    ..\drivers\pit.c                         0x00000000   Number         0  pit.o ABSOLUTE
    ..\drivers\pmc.c                         0x00000000   Number         0  pmc.o ABSOLUTE
    ..\drivers\rtc.c                         0x00000000   Number         0  rtc.o ABSOLUTE
    ..\drivers\sim.c                         0x00000000   Number         0  sim.o ABSOLUTE
    ..\drivers\spi.c                         0x00000000   Number         0  spi.o ABSOLUTE
    ..\drivers\uart.c                        0x00000000   Number         0  uart.o ABSOLUTE
    ..\drivers\wdog.c                        0x00000000   Number         0  wdog.o ABSOLUTE
    ..\user\AdcApp.c                         0x00000000   Number         0  adcapp.o ABSOLUTE
    ..\user\Connet_Master.c                  0x00000000   Number         0  connet_master.o ABSOLUTE
    ..\user\GPRS_Protocol.c                  0x00000000   Number         0  gprs_protocol.o ABSOLUTE
    ..\user\Init.c                           0x00000000   Number         0  init.o ABSOLUTE
    ..\user\NeoWay_Gprs.c                    0x00000000   Number         0  neoway_gprs.o ABSOLUTE
    ..\user\RtcApp.c                         0x00000000   Number         0  rtcapp.o ABSOLUTE
    ..\user\main.c                           0x00000000   Number         0  main.o ABSOLUTE
    ..\user\uartApp.c                        0x00000000   Number         0  uartapp.o ABSOLUTE
    cdcmple.s                                0x00000000   Number         0  cdcmple.o ABSOLUTE
    cdrcmple.s                               0x00000000   Number         0  cdrcmple.o ABSOLUTE
    dc.s                                     0x00000000   Number         0  dc.o ABSOLUTE
    handlers.s                               0x00000000   Number         0  handlers.o ABSOLUTE
    init.s                                   0x00000000   Number         0  init.o ABSOLUTE
    RESET                                    0x000000c0   Section      192  startup_mke02z2.o(RESET)
    .ARM.Collect$$$$00000000                 0x00000180   Section        0  entry.o(.ARM.Collect$$$$00000000)
    .ARM.Collect$$$$00000001                 0x00000180   Section        4  entry2.o(.ARM.Collect$$$$00000001)
    .ARM.Collect$$$$00000004                 0x00000184   Section        4  entry5.o(.ARM.Collect$$$$00000004)
    .ARM.Collect$$$$00000008                 0x00000188   Section        0  entry7b.o(.ARM.Collect$$$$00000008)
    .ARM.Collect$$$$0000000A                 0x00000188   Section        0  entry8b.o(.ARM.Collect$$$$0000000A)
    .ARM.Collect$$$$0000000B                 0x00000188   Section        8  entry9a.o(.ARM.Collect$$$$0000000B)
    .ARM.Collect$$$$0000000D                 0x00000190   Section        0  entry10a.o(.ARM.Collect$$$$0000000D)
    .ARM.Collect$$$$0000000F                 0x00000190   Section        0  entry11a.o(.ARM.Collect$$$$0000000F)
    .ARM.Collect$$$$00002712                 0x00000190   Section        4  entry2.o(.ARM.Collect$$$$00002712)
    __lit__00000000                          0x00000190   Data           4  entry2.o(.ARM.Collect$$$$00002712)
    .text                                    0x00000194   Section        0  assert.o(.text)
    .text                                    0x000001c4   Section        0  io.o(.text)
    .text                                    0x000001fc   Section        0  vectors.o(.text)
    .text                                    0x00000204   Section       36  startup_mke02z2.o(.text)
    .text                                    0x00000228   Section        0  start.o(.text)
    .text                                    0x00000240   Section        0  rtc.o(.text)
    NVIC_DisableIRQ                          0x00000351   Thumb Code    16  rtc.o(.text)
    RTC_ClrFlags                             0x00000361   Thumb Code    14  rtc.o(.text)
    .text                                    0x00000380   Section        0  uidiv.o(.text)
    .text                                    0x000003ac   Section        0  memcpya.o(.text)
    .text                                    0x000003d0   Section        0  memseta.o(.text)
    .text                                    0x000003f4   Section        0  iusefp.o(.text)
    i.__scatterload_null                     0x000003f4   Section        2  handlers.o(i.__scatterload_null)
    .constdata                               0x000003f8   Section        4  gprs_protocol.o(.constdata)
    .ARM.__at_0x400                          0x00000400   Section       16  startup_mke02z2.o(.ARM.__at_0x400)
    .text                                    0x00000410   Section        0  stdlib.o(.text)
    .text                                    0x000007a0   Section        0  sysinit.o(.text)
    .text                                    0x00000b0c   Section        0  adc.o(.text)
    .text                                    0x00000d04   Section        0  flash.o(.text)
    .text                                    0x00001a30   Section        0  gpio.o(.text)
    .text                                    0x00001f40   Section        0  ics.o(.text)
    OSC_Disable                              0x0000268b   Thumb Code    14  ics.o(.text)
    .text                                    0x000026a0   Section        0  pit.o(.text)
    NVIC_EnableIRQ                           0x00002835   Thumb Code    14  pit.o(.text)
    NVIC_DisableIRQ                          0x00002843   Thumb Code    16  pit.o(.text)
    PIT_ChannelDisable                       0x00002853   Thumb Code    22  pit.o(.text)
    PIT_ChannelDisableInt                    0x00002869   Thumb Code    22  pit.o(.text)
    PIT_ChannelDisableChain                  0x0000287f   Thumb Code    22  pit.o(.text)
    PIT_ChannelClrFlags                      0x00002895   Thumb Code    22  pit.o(.text)
    .text                                    0x000028c0   Section        0  sim.o(.text)
    .text                                    0x000029f0   Section        0  uart.o(.text)
    .text                                    0x00002d1c   Section        0  wdog.o(.text)
    .text                                    0x00002ec4   Section        0  main.o(.text)
    .text                                    0x00002f68   Section        0  uartapp.o(.text)
    UART_ReadDataReg                         0x000030e9   Thumb Code     6  uartapp.o(.text)
    UART_WriteDataReg                        0x000030ef   Thumb Code     4  uartapp.o(.text)
    UART_DisableTxBuffEmptyInt               0x000030f3   Thumb Code    10  uartapp.o(.text)
    UART_IsTxBuffEmpty                       0x000030fd   Thumb Code    10  uartapp.o(.text)
    UART_IsRxBuffFull                        0x00003107   Thumb Code    10  uartapp.o(.text)
    .text                                    0x00003128   Section        0  adcapp.o(.text)
    .text                                    0x00003210   Section        0  rtcapp.o(.text)
    .text                                    0x000032a4   Section        0  init.o(.text)
    NVIC_SetPriority                         0x000032a5   Thumb Code   110  init.o(.text)
    .text                                    0x00003480   Section        0  neoway_gprs.o(.text)
    NeoWay_Rec1ms                            0x000034f3   Thumb Code    94  neoway_gprs.o(.text)
    Delay_ms                                 0x00003551   Thumb Code    32  neoway_gprs.o(.text)
    NeoWay_SendString                        0x00003571   Thumb Code    62  neoway_gprs.o(.text)
    BuildTCP_Connet                          0x000035af   Thumb Code    98  neoway_gprs.o(.text)
    BuildPPP_Connet                          0x00003611   Thumb Code   168  neoway_gprs.o(.text)
    User_Authentication                      0x000036b9   Thumb Code    54  neoway_gprs.o(.text)
    SetPDP_Format                            0x000036ef   Thumb Code    10  neoway_gprs.o(.text)
    SetProtocol_Stack                        0x000036f9   Thumb Code    64  neoway_gprs.o(.text)
    Signal_Strength                          0x00003739   Thumb Code   152  neoway_gprs.o(.text)
    NetWork_Login                            0x000037d1   Thumb Code    94  neoway_gprs.o(.text)
    Get_Cimi                                 0x0000382f   Thumb Code   960  neoway_gprs.o(.text)
    Get_Cgsn                                 0x00003bef   Thumb Code   118  neoway_gprs.o(.text)
    PowerOn_Module                           0x00003c95   Thumb Code    10  neoway_gprs.o(.text)
    PowerOff_Module                          0x00003c9f   Thumb Code    30  neoway_gprs.o(.text)
    Empty_Par                                0x00003cbd   Thumb Code    74  neoway_gprs.o(.text)
    ReBootHardware_Module                    0x00003d07   Thumb Code    22  neoway_gprs.o(.text)
    Protect_Connet                           0x00003d1d   Thumb Code   114  neoway_gprs.o(.text)
    NeoWay_SendDate                          0x00003d9f   Thumb Code   126  neoway_gprs.o(.text)
    itoa                                     0x00003e1d   Thumb Code   148  neoway_gprs.o(.text)
    ReceiveTCP_Date                          0x00003f3d   Thumb Code   522  neoway_gprs.o(.text)
    ReBuild_NetWork                          0x00004225   Thumb Code    12  neoway_gprs.o(.text)
    ReBootSofeware_Module                    0x00004231   Thumb Code     2  neoway_gprs.o(.text)
    NVIC_SetPriority                         0x00004233   Thumb Code   110  neoway_gprs.o(.text)
    .text                                    0x00004328   Section        0  gprs_protocol.o(.text)
    GprsSend_Date                            0x00004353   Thumb Code    54  gprs_protocol.o(.text)
    GprsToServer_ChangeMean                  0x00004389   Thumb Code   100  gprs_protocol.o(.text)
    Group_SendData                           0x000043ed   Thumb Code    30  gprs_protocol.o(.text)
    crc16                                    0x0000440b   Thumb Code    48  gprs_protocol.o(.text)
    Send_Alarm                               0x0000443b   Thumb Code    92  gprs_protocol.o(.text)
    Gprs_AlarmEvent                          0x00004497   Thumb Code   186  gprs_protocol.o(.text)
    Send_Heartbeat                           0x00004551   Thumb Code   116  gprs_protocol.o(.text)
    Gprs_HeartbeatEvent                      0x000045c5   Thumb Code   110  gprs_protocol.o(.text)
    Send_FirstOpen                           0x00004633   Thumb Code   102  gprs_protocol.o(.text)
    Gprs_FirstOpenEvent                      0x00004699   Thumb Code    48  gprs_protocol.o(.text)
    Matching_Coll                            0x0000481d   Thumb Code    16  gprs_protocol.o(.text)
    Matching_SET                             0x0000482d   Thumb Code    80  gprs_protocol.o(.text)
    Matching_ALA                             0x0000487d   Thumb Code    16  gprs_protocol.o(.text)
    Matching_WEB                             0x0000488d   Thumb Code    28  gprs_protocol.o(.text)
    Matching_DEV                             0x000048a9   Thumb Code    16  gprs_protocol.o(.text)
    Head_SearchAddr                          0x000048b9   Thumb Code    64  gprs_protocol.o(.text)
    Monitor_Quantity                         0x000048f9   Thumb Code    48  gprs_protocol.o(.text)
    Send_SetInfo                             0x00004929   Thumb Code   238  gprs_protocol.o(.text)
    Send_InquireInfo                         0x00004a17   Thumb Code   300  gprs_protocol.o(.text)
    Read_AckCmd                              0x00004b43   Thumb Code   216  gprs_protocol.o(.text)
    Check_Size                               0x00004c1b   Thumb Code    44  gprs_protocol.o(.text)
    ServerToGprs_ChangeMean                  0x00004c47   Thumb Code   112  gprs_protocol.o(.text)
    .text                                    0x00004e50   Section        0  connet_master.o(.text)
    NVIC_SetPriority                         0x000050b9   Thumb Code   110  connet_master.o(.text)
    .text                                    0x00005160   Section        0  strstr.o(.text)
    .text                                    0x00005188   Section        0  strchr.o(.text)
    .text                                    0x0000519c   Section        0  strrchr.o(.text)
    .text                                    0x000051bc   Section        0  dadd.o(.text)
    .text                                    0x00005320   Section        0  dmul.o(.text)
    .text                                    0x000053f0   Section        0  dflti.o(.text)
    .text                                    0x00005418   Section        0  dfixi.o(.text)
    .text                                    0x00005460   Section        0  uldiv.o(.text)
    .text                                    0x000054c0   Section        0  llshl.o(.text)
    .text                                    0x000054e0   Section        0  llushr.o(.text)
    .text                                    0x00005502   Section        0  llsshr.o(.text)
    .text                                    0x00005528   Section        0  depilogue.o(.text)
    .text                                    0x000055e8   Section        0  ddiv.o(.text)
    .text                                    0x000056d8   Section        0  dscalb.o(.text)
    .text                                    0x00005704   Section       40  cdrcmple.o(.text)
    .text                                    0x0000572c   Section       36  init.o(.text)
    .text                                    0x00005750   Section        0  dsqrt.o(.text)
    .text                                    0x000057f2   Section        0  __dczerorl.o(.text)
    i.__0printf$8                            0x0000582c   Section        0  printf8.o(i.__0printf$8)
    i.__ARM_clz                              0x0000584c   Section        0  depilogue.o(i.__ARM_clz)
    i.__ARM_common_switch8                   0x0000587a   Section        0  gprs_protocol.o(i.__ARM_common_switch8)
    i.__ARM_fpclassify                       0x00005898   Section        0  fpclassify.o(i.__ARM_fpclassify)
    i.__kernel_poly                          0x000058c4   Section        0  poly.o(i.__kernel_poly)
    i.__mathlib_dbl_underflow                0x00005970   Section        0  dunder.o(i.__mathlib_dbl_underflow)
    i.__scatterload_copy                     0x00005984   Section       14  handlers.o(i.__scatterload_copy)
    i.__scatterload_zeroinit                 0x00005992   Section       14  handlers.o(i.__scatterload_zeroinit)
    i.__set_errno                            0x000059a0   Section        0  errno.o(i.__set_errno)
    i._printf_core                           0x000059ac   Section        0  printf8.o(i._printf_core)
    _printf_core                             0x000059ad   Thumb Code  1020  printf8.o(i._printf_core)
    i._printf_post_padding                   0x00005dd4   Section        0  printf8.o(i._printf_post_padding)
    _printf_post_padding                     0x00005dd5   Thumb Code    32  printf8.o(i._printf_post_padding)
    i._printf_pre_padding                    0x00005df4   Section        0  printf8.o(i._printf_pre_padding)
    _printf_pre_padding                      0x00005df5   Thumb Code    44  printf8.o(i._printf_pre_padding)
    i.pow                                    0x00005e20   Section        0  pow.o(i.pow)
    i.sqrt                                   0x00006808   Section        0  sqrt.o(i.sqrt)
    .constdata                               0x00006850   Section       35  assert.o(.constdata)
    .constdata                               0x00006874   Section       20  neoway_gprs.o(.constdata)
    .constdata                               0x00006888   Section      136  pow.o(.constdata)
    bp                                       0x00006888   Data          16  pow.o(.constdata)
    dp_h                                     0x00006898   Data          16  pow.o(.constdata)
    dp_l                                     0x000068a8   Data          16  pow.o(.constdata)
    L                                        0x000068b8   Data          48  pow.o(.constdata)
    P                                        0x000068e8   Data          40  pow.o(.constdata)
    .constdata                               0x00006910   Section        8  qnan.o(.constdata)
    .conststring                             0x00006918   Section       79  sysinit.o(.conststring)
    .data                                    0x1ffffc00   Section        4  sysinit.o(.data)
    .data                                    0x1ffffc04   Section        4  adc.o(.data)
    .data                                    0x1ffffc08   Section        8  pit.o(.data)
    .data                                    0x1ffffc10   Section        4  rtc.o(.data)
    .data                                    0x1ffffc14   Section        4  uart.o(.data)
    .data                                    0x1ffffc18   Section        2  main.o(.data)
    .data                                    0x1ffffc1a   Section       12  uartapp.o(.data)
    gu16UART_TxBuffPos                       0x1ffffc1a   Data           6  uartapp.o(.data)
    gu16UART_RxBuffPos                       0x1ffffc20   Data           6  uartapp.o(.data)
    .data                                    0x1ffffc28   Section        6  adcapp.o(.data)
    ADC_ConversionCount                      0x1ffffc28   Data           4  adcapp.o(.data)
    i                                        0x1ffffc2c   Data           1  adcapp.o(.data)
    TemperatureCount                         0x1ffffc2d   Data           1  adcapp.o(.data)
    .data                                    0x1ffffc2e   Section       10  rtcapp.o(.data)
    Cnt_10Ms                                 0x1ffffc32   Data           2  rtcapp.o(.data)
    Cnt_50Ms                                 0x1ffffc34   Data           2  rtcapp.o(.data)
    Cnt_1S                                   0x1ffffc36   Data           2  rtcapp.o(.data)
    .data                                    0x1ffffc38   Section        1  init.o(.data)
    Cnt                                      0x1ffffc38   Data           1  init.o(.data)
    .data                                    0x1ffffc3a   Section       18  neoway_gprs.o(.data)
    Temp                                     0x1ffffc4a   Data           2  neoway_gprs.o(.data)
    .data                                    0x1ffffc4c   Section      540  gprs_protocol.o(.data)
    time                                     0x1ffffe5e   Data           1  gprs_protocol.o(.data)
    flag                                     0x1ffffe5f   Data           1  gprs_protocol.o(.data)
    flag                                     0x1ffffe60   Data           1  gprs_protocol.o(.data)
    Startflag                                0x1ffffe61   Data           1  gprs_protocol.o(.data)
    flag                                     0x1ffffe62   Data           1  gprs_protocol.o(.data)
    ErrorDate                                0x1ffffe64   Data           2  gprs_protocol.o(.data)
    Cnt                                      0x1ffffe66   Data           2  gprs_protocol.o(.data)
    .data                                    0x1ffffe68   Section       12  connet_master.o(.data)
    RecList                                  0x1ffffe70   Data           1  connet_master.o(.data)
    i                                        0x1ffffe71   Data           1  connet_master.o(.data)
    TempDate                                 0x1ffffe72   Data           2  connet_master.o(.data)
    .data                                    0x1ffffe74   Section        4  stdout.o(.data)
    .data                                    0x1ffffe78   Section        4  errno.o(.data)
    _errno                                   0x1ffffe78   Data           4  errno.o(.data)
    .bss                                     0x1ffffe7c   Section       36  uartapp.o(.bss)
    pUART_TxBuff                             0x1ffffe7c   Data          12  uartapp.o(.bss)
    pUART_RxBuff                             0x1ffffe88   Data          12  uartapp.o(.bss)
    gu32UART_BuffSize                        0x1ffffe94   Data          12  uartapp.o(.bss)
    .bss                                     0x1ffffea0   Section      128  adcapp.o(.bss)
    .bss                                     0x1fffff20   Section      581  neoway_gprs.o(.bss)
    .bss                                     0x20000166   Section      302  gprs_protocol.o(.bss)
    target                                   0x20000214   Data         128  gprs_protocol.o(.bss)
    .bss                                     0x20000294   Section       62  connet_master.o(.bss)
    STACK                                    0x200002d8   Section      512  startup_mke02z2.o(STACK)

    Global Symbols

    Symbol Name                              Value     Ov Type        Size  Object(Section)

    BuildAttributes$$THM_ISAv3M$S$PE$A:L22$X:L11$S22$IEEE1$IW$USESV6$~STKCKD$USESV7$~SHL$OTIME$ROPI$IEEEX$EBA8$MICROLIB$REQ8$PRES8$EABIv2 0x00000000   Number         0  anon$$obj.o ABSOLUTE
    __ARM_use_no_argv                        0x00000000   Number         0  main.o ABSOLUTE
    __vector_table                           0x00000000   Data         192  vectors.o(.ARM.__AT_0x00000000)
    _printf_a                                0x00000000   Number         0  stubs.o ABSOLUTE
    _printf_c                                0x00000000   Number         0  stubs.o ABSOLUTE
    _printf_charcount                        0x00000000   Number         0  stubs.o ABSOLUTE
    _printf_d                                0x00000000   Number         0  stubs.o ABSOLUTE
    _printf_e                                0x00000000   Number         0  stubs.o ABSOLUTE
    _printf_f                                0x00000000   Number         0  stubs.o ABSOLUTE
    _printf_flags                            0x00000000   Number         0  stubs.o ABSOLUTE
    _printf_fp_dec                           0x00000000   Number         0  stubs.o ABSOLUTE
    _printf_fp_hex                           0x00000000   Number         0  stubs.o ABSOLUTE
    _printf_g                                0x00000000   Number         0  stubs.o ABSOLUTE
    _printf_i                                0x00000000   Number         0  stubs.o ABSOLUTE
    _printf_int_dec                          0x00000000   Number         0  stubs.o ABSOLUTE
    _printf_l                                0x00000000   Number         0  stubs.o ABSOLUTE
    _printf_lc                               0x00000000   Number         0  stubs.o ABSOLUTE
    _printf_ll                               0x00000000   Number         0  stubs.o ABSOLUTE
    _printf_lld                              0x00000000   Number         0  stubs.o ABSOLUTE
    _printf_lli                              0x00000000   Number         0  stubs.o ABSOLUTE
    _printf_llo                              0x00000000   Number         0  stubs.o ABSOLUTE
    _printf_llu                              0x00000000   Number         0  stubs.o ABSOLUTE
    _printf_llx                              0x00000000   Number         0  stubs.o ABSOLUTE
    _printf_longlong_dec                     0x00000000   Number         0  stubs.o ABSOLUTE
    _printf_longlong_hex                     0x00000000   Number         0  stubs.o ABSOLUTE
    _printf_longlong_oct                     0x00000000   Number         0  stubs.o ABSOLUTE
    _printf_ls                               0x00000000   Number         0  stubs.o ABSOLUTE
    _printf_mbtowc                           0x00000000   Number         0  stubs.o ABSOLUTE
    _printf_n                                0x00000000   Number         0  stubs.o ABSOLUTE
    _printf_o                                0x00000000   Number         0  stubs.o ABSOLUTE
    _printf_p                                0x00000000   Number         0  stubs.o ABSOLUTE
    _printf_percent                          0x00000000   Number         0  stubs.o ABSOLUTE
    _printf_pre_padding                      0x00000000   Number         0  stubs.o ABSOLUTE
    _printf_return_value                     0x00000000   Number         0  stubs.o ABSOLUTE
    _printf_s                                0x00000000   Number         0  stubs.o ABSOLUTE
    _printf_sizespec                         0x00000000   Number         0  stubs.o ABSOLUTE
    _printf_str                              0x00000000   Number         0  stubs.o ABSOLUTE
    _printf_truncate_signed                  0x00000000   Number         0  stubs.o ABSOLUTE
    _printf_truncate_unsigned                0x00000000   Number         0  stubs.o ABSOLUTE
    _printf_u                                0x00000000   Number         0  stubs.o ABSOLUTE
    _printf_wc                               0x00000000   Number         0  stubs.o ABSOLUTE
    _printf_wctomb                           0x00000000   Number         0  stubs.o ABSOLUTE
    _printf_widthprec                        0x00000000   Number         0  stubs.o ABSOLUTE
    _printf_x                                0x00000000   Number         0  stubs.o ABSOLUTE
    HEAP$$Base                                - Undefined Reference
    HEAP$$Limit                               - Undefined Reference
    __cpp_initialize__aeabi_                  - Undefined Weak Reference
    __cxa_finalize                            - Undefined Weak Reference
    _clock_init                               - Undefined Weak Reference
    _microlib_exit                            - Undefined Weak Reference
    __Vectors                                0x000000c0   Data           4  startup_mke02z2.o(RESET)
    __Vectors_Size                           0x000000c0   Number         0  startup_mke02z2.o ABSOLUTE
    __Vectors_End                            0x00000180   Data           0  startup_mke02z2.o(RESET)
    __main                                   0x00000181   Thumb Code     0  entry.o(.ARM.Collect$$$$00000000)
    _main_stk                                0x00000181   Thumb Code     0  entry2.o(.ARM.Collect$$$$00000001)
    _main_scatterload                        0x00000185   Thumb Code     0  entry5.o(.ARM.Collect$$$$00000004)
    __main_after_scatterload                 0x00000189   Thumb Code     0  entry5.o(.ARM.Collect$$$$00000004)
    _main_clock                              0x00000189   Thumb Code     0  entry7b.o(.ARM.Collect$$$$00000008)
    _main_cpp_init                           0x00000189   Thumb Code     0  entry8b.o(.ARM.Collect$$$$0000000A)
    _main_init                               0x00000189   Thumb Code     0  entry9a.o(.ARM.Collect$$$$0000000B)
    __rt_final_cpp                           0x00000191   Thumb Code     0  entry10a.o(.ARM.Collect$$$$0000000D)
    __rt_final_exit                          0x00000191   Thumb Code     0  entry11a.o(.ARM.Collect$$$$0000000F)
    assert_failed                            0x00000195   Thumb Code    38  assert.o(.text)
    in_char                                  0x000001c5   Thumb Code    10  io.o(.text)
    out_char                                 0x000001cf   Thumb Code    14  io.o(.text)
    char_present                             0x000001dd   Thumb Code    12  io.o(.text)
    fputc                                    0x000001e9   Thumb Code    16  io.o(.text)
    default_isr                              0x000001fd   Thumb Code     2  vectors.o(.text)
    abort_isr                                0x000001ff   Thumb Code     2  vectors.o(.text)
    hard_fault_handler_c                     0x00000201   Thumb Code     2  vectors.o(.text)
    Reset_Handler                            0x00000205   Thumb Code     8  startup_mke02z2.o(.text)
    NMI_Handler                              0x0000020d   Thumb Code     2  startup_mke02z2.o(.text)
    HardFault_Handler                        0x0000020f   Thumb Code     2  startup_mke02z2.o(.text)
    MemManage_Handler                        0x00000211   Thumb Code     2  startup_mke02z2.o(.text)
    BusFault_Handler                         0x00000213   Thumb Code     2  startup_mke02z2.o(.text)
    UsageFault_Handler                       0x00000215   Thumb Code     2  startup_mke02z2.o(.text)
    SVC_Handler                              0x00000217   Thumb Code     2  startup_mke02z2.o(.text)
    DebugMon_Handler                         0x00000219   Thumb Code     2  startup_mke02z2.o(.text)
    PendSV_Handler                           0x0000021b   Thumb Code     2  startup_mke02z2.o(.text)
    SysTick_Handler                          0x0000021d   Thumb Code     2  startup_mke02z2.o(.text)
    ACMP0_IRQHandler                         0x0000021f   Thumb Code     0  startup_mke02z2.o(.text)
    ACMP1_IRQHandler                         0x0000021f   Thumb Code     0  startup_mke02z2.o(.text)
    ADC0_IRQHandler                          0x0000021f   Thumb Code     0  startup_mke02z2.o(.text)
    DefaultISR                               0x0000021f   Thumb Code     0  startup_mke02z2.o(.text)
    FTM0_IRQHandler                          0x0000021f   Thumb Code     0  startup_mke02z2.o(.text)
    FTM1_IRQHandler                          0x0000021f   Thumb Code     0  startup_mke02z2.o(.text)
    FTM2_IRQHandler                          0x0000021f   Thumb Code     0  startup_mke02z2.o(.text)
    FTMRH_IRQHandler                         0x0000021f   Thumb Code     0  startup_mke02z2.o(.text)
    I2C0_IRQHandler                          0x0000021f   Thumb Code     0  startup_mke02z2.o(.text)
    ICS_IRQHandler                           0x0000021f   Thumb Code     0  startup_mke02z2.o(.text)
    IRQ_IRQHandler                           0x0000021f   Thumb Code     0  startup_mke02z2.o(.text)
    KBI0_IRQHandler                          0x0000021f   Thumb Code     0  startup_mke02z2.o(.text)
    KBI1_IRQHandler                          0x0000021f   Thumb Code     0  startup_mke02z2.o(.text)
    LVD_LVW_IRQHandler                       0x0000021f   Thumb Code     0  startup_mke02z2.o(.text)
    PIT_CH0_IRQHandler                       0x0000021f   Thumb Code     0  startup_mke02z2.o(.text)
    PIT_CH1_IRQHandler                       0x0000021f   Thumb Code     0  startup_mke02z2.o(.text)
    RTC_IRQHandler                           0x0000021f   Thumb Code     0  startup_mke02z2.o(.text)
    Reserved16_IRQHandler                    0x0000021f   Thumb Code     0  startup_mke02z2.o(.text)
    Reserved17_IRQHandler                    0x0000021f   Thumb Code     0  startup_mke02z2.o(.text)
    Reserved18_IRQHandler                    0x0000021f   Thumb Code     0  startup_mke02z2.o(.text)
    Reserved19_IRQHandler                    0x0000021f   Thumb Code     0  startup_mke02z2.o(.text)
    Reserved20_IRQHandler                    0x0000021f   Thumb Code     0  startup_mke02z2.o(.text)
    Reserved25_IRQHandler                    0x0000021f   Thumb Code     0  startup_mke02z2.o(.text)
    Reserved42_IRQHandler                    0x0000021f   Thumb Code     0  startup_mke02z2.o(.text)
    Reserved45_IRQHandler                    0x0000021f   Thumb Code     0  startup_mke02z2.o(.text)
    Reserved46_IRQHandler                    0x0000021f   Thumb Code     0  startup_mke02z2.o(.text)
    Reserved47_IRQHandler                    0x0000021f   Thumb Code     0  startup_mke02z2.o(.text)
    SPI0_IRQHandler                          0x0000021f   Thumb Code     0  startup_mke02z2.o(.text)
    SPI1_IRQHandler                          0x0000021f   Thumb Code     0  startup_mke02z2.o(.text)
    UART0_IRQHandler                         0x0000021f   Thumb Code     0  startup_mke02z2.o(.text)
    UART1_IRQHandler                         0x0000021f   Thumb Code     0  startup_mke02z2.o(.text)
    UART2_IRQHandler                         0x0000021f   Thumb Code     0  startup_mke02z2.o(.text)
    Watchdog_IRQHandler                      0x0000021f   Thumb Code     0  startup_mke02z2.o(.text)
    start                                    0x00000229   Thumb Code    12  start.o(.text)
    cpu_identify                             0x00000235   Thumb Code     2  start.o(.text)
    flash_identify                           0x00000237   Thumb Code     2  start.o(.text)
    SystemInit                               0x00000239   Thumb Code     8  start.o(.text)
    RTC_Init                                 0x00000241   Thumb Code   168  rtc.o(.text)
    RTC_SetCallback                          0x000002e9   Thumb Code     6  rtc.o(.text)
    RTC_DeInit                               0x000002ef   Thumb Code    76  rtc.o(.text)
    RTC_Isr                                  0x0000033b   Thumb Code    22  rtc.o(.text)
    __aeabi_uidiv                            0x00000381   Thumb Code     0  uidiv.o(.text)
    __aeabi_uidivmod                         0x00000381   Thumb Code    44  uidiv.o(.text)
    __aeabi_memcpy                           0x000003ad   Thumb Code    36  memcpya.o(.text)
    __aeabi_memcpy4                          0x000003ad   Thumb Code     0  memcpya.o(.text)
    __aeabi_memcpy8                          0x000003ad   Thumb Code     0  memcpya.o(.text)
    __aeabi_memset                           0x000003d1   Thumb Code    14  memseta.o(.text)
    __aeabi_memset4                          0x000003d1   Thumb Code     0  memseta.o(.text)
    __aeabi_memset8                          0x000003d1   Thumb Code     0  memseta.o(.text)
    __aeabi_memclr                           0x000003df   Thumb Code     4  memseta.o(.text)
    __aeabi_memclr4                          0x000003df   Thumb Code     0  memseta.o(.text)
    __aeabi_memclr8                          0x000003df   Thumb Code     0  memseta.o(.text)
    _memset$wrapper                          0x000003e3   Thumb Code    18  memseta.o(.text)
    __I$use$fp                               0x000003f5   Thumb Code     0  iusefp.o(.text)
    __scatterload_null                       0x000003f5   Thumb Code     2  handlers.o(i.__scatterload_null)
    isspace                                  0x00000411   Thumb Code    18  stdlib.o(.text)
    isalnum                                  0x00000423   Thumb Code    34  stdlib.o(.text)
    isdigit                                  0x00000445   Thumb Code    18  stdlib.o(.text)
    isupper                                  0x00000457   Thumb Code    18  stdlib.o(.text)
    strcasecmp                               0x00000469   Thumb Code    72  stdlib.o(.text)
    strncasecmp                              0x000004b1   Thumb Code    86  stdlib.o(.text)
    strtoul                                  0x00000507   Thumb Code   230  stdlib.o(.text)
    strlen                                   0x000005ed   Thumb Code    32  stdlib.o(.text)
    strcat                                   0x0000060d   Thumb Code    46  stdlib.o(.text)
    strncat                                  0x0000063b   Thumb Code    64  stdlib.o(.text)
    strcpy                                   0x0000067b   Thumb Code    36  stdlib.o(.text)
    strncpy                                  0x0000069f   Thumb Code    50  stdlib.o(.text)
    strcmp                                   0x000006d1   Thumb Code    42  stdlib.o(.text)
    strncmp                                  0x000006fb   Thumb Code    58  stdlib.o(.text)
    memcpy                                   0x00000735   Thumb Code    78  stdlib.o(.text)
    memset                                   0x00000783   Thumb Code    30  stdlib.o(.text)
    print_sys_log                            0x000007a1   Thumb Code   250  sysinit.o(.text)
    UART_InitPrint                           0x0000089b   Thumb Code    22  sysinit.o(.text)
    sysinit                                  0x000008b1   Thumb Code   108  sysinit.o(.text)
    end_test                                 0x0000091d   Thumb Code    74  sysinit.o(.text)
    ADC_SetFifoLevel                         0x00000b0d   Thumb Code    16  adc.o(.text)
    ADC_SetMode                              0x00000b1d   Thumb Code    22  adc.o(.text)
    ADC_SelectClockDivide                    0x00000b33   Thumb Code    22  adc.o(.text)
    ADC_SelectClock                          0x00000b49   Thumb Code    16  adc.o(.text)
    ADC_Init                                 0x00000b59   Thumb Code   292  adc.o(.text)
    ADC_SetChannel                           0x00000c7d   Thumb Code    16  adc.o(.text)
    ADC_DeInit                               0x00000c8d   Thumb Code    28  adc.o(.text)
    ADC_PollRead                             0x00000ca9   Thumb Code    36  adc.o(.text)
    ADC_SetCallBack                          0x00000ccd   Thumb Code     6  adc.o(.text)
    ADC_VrefSelect                           0x00000cd3   Thumb Code    16  adc.o(.text)
    ADC_Isr                                  0x00000ce3   Thumb Code    18  adc.o(.text)
    FLASH_Init                               0x00000d05   Thumb Code   134  flash.o(.text)
    FLASH_LaunchCMD                          0x00000d8b   Thumb Code    40  flash.o(.text)
    FLASH_Program1LongWord                   0x00000db3   Thumb Code   164  flash.o(.text)
    FLASH_Program2LongWords                  0x00000e57   Thumb Code   192  flash.o(.text)
    FLASH_Program                            0x00000f17   Thumb Code   208  flash.o(.text)
    FLASH_EraseSector                        0x00000fe7   Thumb Code   172  flash.o(.text)
    EEPROM_ProgramUpto4Bytes                 0x00001093   Thumb Code   178  flash.o(.text)
    EEPROM_Program                           0x00001145   Thumb Code    94  flash.o(.text)
    FLASH_Unsecure                           0x000011a3   Thumb Code   138  flash.o(.text)
    FLASH_EraseBlock                         0x0000122d   Thumb Code   174  flash.o(.text)
    FLASH_EraseVerifyBlock                   0x000012db   Thumb Code   158  flash.o(.text)
    FLASH_EraseVerifySection                 0x00001379   Thumb Code   166  flash.o(.text)
    FLASH_EraseVerifyAll                     0x0000141f   Thumb Code    80  flash.o(.text)
    FLASH_EraseAll                           0x0000146f   Thumb Code    98  flash.o(.text)
    FLASH_ProgramOnce                        0x000014d1   Thumb Code   170  flash.o(.text)
    FLASH_ReadOnce                           0x0000157b   Thumb Code   164  flash.o(.text)
    EEPROM_EraseVerifySection                0x0000161f   Thumb Code   128  flash.o(.text)
    EEPROM_Program1Byte                      0x0000169f   Thumb Code   128  flash.o(.text)
    EEPROM_EraseSector                       0x0000171f   Thumb Code   118  flash.o(.text)
    EEPROM_Program1Byte_NoWait               0x00001795   Thumb Code    52  flash.o(.text)
    EEPROM_ProgramUpto4Bytes_NoWait          0x000017c9   Thumb Code    86  flash.o(.text)
    EEPROM_EraseSector_NoWait                0x0000181f   Thumb Code    42  flash.o(.text)
    FLASH_EraseBlock_NoWait                  0x00001849   Thumb Code    62  flash.o(.text)
    FLASH_VerifyBackdoorKey                  0x00001887   Thumb Code   160  flash.o(.text)
    FLASH_SetUserMarginLevel                 0x00001927   Thumb Code   180  flash.o(.text)
    FLASH_CheckErrStatus                     0x000019db   Thumb Code    76  flash.o(.text)
    GPIO_DeInit                              0x00001a31   Thumb Code    46  gpio.o(.text)
    GPIO_Init                                0x00001a5f   Thumb Code   336  gpio.o(.text)
    GPIO_Toggle                              0x00001baf   Thumb Code    32  gpio.o(.text)
    GPIO_Read                                0x00001bcf   Thumb Code    32  gpio.o(.text)
    GPIO_Write                               0x00001bef   Thumb Code    34  gpio.o(.text)
    GPIO_PinInit                             0x00001c11   Thumb Code   638  gpio.o(.text)
    GPIO_PinToggle                           0x00001e8f   Thumb Code    52  gpio.o(.text)
    GPIO_PinSet                              0x00001ec3   Thumb Code    54  gpio.o(.text)
    GPIO_PinClear                            0x00001ef9   Thumb Code    54  gpio.o(.text)
    ICS_SetClkDivider                        0x00001f41   Thumb Code   136  ics.o(.text)
    OSC_Init                                 0x00001fc9   Thumb Code   102  ics.o(.text)
    FEI_to_FEE                               0x0000202f   Thumb Code    98  ics.o(.text)
    FEI_to_FBI                               0x00002091   Thumb Code    84  ics.o(.text)
    FEI_to_FBE                               0x000020e5   Thumb Code   120  ics.o(.text)
    FEI_to_FBE_OSC                           0x0000215d   Thumb Code   126  ics.o(.text)
    FEI_to_FEE_OSC                           0x000021db   Thumb Code    98  ics.o(.text)
    FEE_to_FEI                               0x0000223d   Thumb Code    88  ics.o(.text)
    FEE_to_FBI                               0x00002295   Thumb Code   116  ics.o(.text)
    FEE_to_FBE                               0x00002309   Thumb Code   102  ics.o(.text)
    FBI_to_FBE                               0x0000236f   Thumb Code    96  ics.o(.text)
    FBI_to_FEE                               0x000023cf   Thumb Code   104  ics.o(.text)
    FBI_to_FBILP                             0x00002437   Thumb Code    14  ics.o(.text)
    FBI_to_FEI                               0x00002445   Thumb Code    94  ics.o(.text)
    FBE_to_FBI                               0x000024a3   Thumb Code    92  ics.o(.text)
    FBE_to_FEE                               0x000024ff   Thumb Code    68  ics.o(.text)
    FBE_to_FEI                               0x00002543   Thumb Code   100  ics.o(.text)
    FBE_to_FBELP                             0x000025a7   Thumb Code    14  ics.o(.text)
    FBELP_to_FBE                             0x000025b5   Thumb Code    14  ics.o(.text)
    FBILP_to_FBI                             0x000025c3   Thumb Code    14  ics.o(.text)
    ICS_Trim                                 0x000025d1   Thumb Code    38  ics.o(.text)
    ICS_Init                                 0x000025f7   Thumb Code   110  ics.o(.text)
    ICS_DeInit                               0x00002665   Thumb Code    30  ics.o(.text)
    OSC_DeInit                               0x00002683   Thumb Code     8  ics.o(.text)
    PIT_SetLoadVal                           0x000026a1   Thumb Code     8  pit.o(.text)
    PIT_Init                                 0x000026a9   Thumb Code   216  pit.o(.text)
    PIT_SetCallback                          0x00002781   Thumb Code     8  pit.o(.text)
    PIT_DeInit                               0x00002789   Thumb Code   124  pit.o(.text)
    PIT_Ch0Isr                               0x00002805   Thumb Code    24  pit.o(.text)
    PIT_Ch1Isr                               0x0000281d   Thumb Code    24  pit.o(.text)
    SIM_Init                                 0x000028c1   Thumb Code   224  sim.o(.text)
    SIM_SetClockGating                       0x000029a1   Thumb Code    30  sim.o(.text)
    SIM_GetStatus                            0x000029bf   Thumb Code    12  sim.o(.text)
    SIM_ReadID                               0x000029cb   Thumb Code    28  sim.o(.text)
    UART_Init                                0x000029f1   Thumb Code   154  uart.o(.text)
    UART_GetChar                             0x00002a8b   Thumb Code    46  uart.o(.text)
    UART_PutChar                             0x00002ab9   Thumb Code    16  uart.o(.text)
    UART_SetBaudrate                         0x00002ac9   Thumb Code    84  uart.o(.text)
    UART_EnableInterrupt                     0x00002b1d   Thumb Code   144  uart.o(.text)
    UART_DisableInterrupt                    0x00002bad   Thumb Code   146  uart.o(.text)
    UART_GetFlags                            0x00002c3f   Thumb Code    16  uart.o(.text)
    UART_CheckFlag                           0x00002c4f   Thumb Code    26  uart.o(.text)
    UART_SendWait                            0x00002c69   Thumb Code    40  uart.o(.text)
    UART_ReceiveWait                         0x00002c91   Thumb Code    40  uart.o(.text)
    UART_WaitTxComplete                      0x00002cb9   Thumb Code    16  uart.o(.text)
    UART_SetCallback                         0x00002cc9   Thumb Code     6  uart.o(.text)
    UART0_Isr                                0x00002ccf   Thumb Code    12  uart.o(.text)
    UART1_Isr                                0x00002cdb   Thumb Code    12  uart.o(.text)
    UART2_Isr                                0x00002ce7   Thumb Code    12  uart.o(.text)
    WDOG_Disable                             0x00002d1d   Thumb Code    42  wdog.o(.text)
    WDOG_DisableWDOGEnableUpdate             0x00002d47   Thumb Code    46  wdog.o(.text)
    WDOG_Enable                              0x00002d75   Thumb Code    24  wdog.o(.text)
    WDOG_Init                                0x00002d8d   Thumb Code   168  wdog.o(.text)
    WDOG_DeInit                              0x00002e35   Thumb Code    28  wdog.o(.text)
    WDOG_Feed                                0x00002e51   Thumb Code    16  wdog.o(.text)
    WDOG_EnableUpdate                        0x00002e61   Thumb Code    38  wdog.o(.text)
    WDOG_DisableUpdate                       0x00002e87   Thumb Code    42  wdog.o(.text)
    Rtc_Event                                0x00002ec5   Thumb Code    54  main.o(.text)
    main                                     0x00002efb   Thumb Code    86  main.o(.text)
    UART_SendInt                             0x00002f69   Thumb Code    48  uartapp.o(.text)
    UART_ReceiveInt                          0x00002f99   Thumb Code    48  uartapp.o(.text)
    UART_HandleInt                           0x00002fc9   Thumb Code   262  uartapp.o(.text)
    Deal_Receive_data                        0x000030cf   Thumb Code    26  uartapp.o(.text)
    Adc_FifoIsr                              0x00003129   Thumb Code    62  adcapp.o(.text)
    Read_AdcBuff                             0x00003167   Thumb Code   140  adcapp.o(.text)
    Rtc_Isr                                  0x00003211   Thumb Code   118  rtcapp.o(.text)
    PIT_Task                                 0x00003313   Thumb Code    50  init.o(.text)
    Pit_Init                                 0x00003345   Thumb Code    78  init.o(.text)
    Rtc_Init                                 0x00003393   Thumb Code    62  init.o(.text)
    Uart_Init                                0x000033d1   Thumb Code     2  init.o(.text)
    Gpio_Init                                0x000033d3   Thumb Code     2  init.o(.text)
    Board_Init                               0x000033d5   Thumb Code    42  init.o(.text)
    Adc_Init                                 0x000033ff   Thumb Code    54  init.o(.text)
    NeoWayBoard_Init                         0x00003481   Thumb Code    84  neoway_gprs.o(.text)
    NeoWay_UartRec                           0x000034d5   Thumb Code    30  neoway_gprs.o(.text)
    NeoWay_Init                              0x00003c65   Thumb Code    48  neoway_gprs.o(.text)
    NeoWay_Rtc1s                             0x00003d8f   Thumb Code     8  neoway_gprs.o(.text)
    NeoWay_Rtc1ms                            0x00003d97   Thumb Code     8  neoway_gprs.o(.text)
    TcpSend_Date                             0x00003eb1   Thumb Code   132  neoway_gprs.o(.text)
    Gprs_Send_Date                           0x00003f35   Thumb Code     8  neoway_gprs.o(.text)
    ModuleBack_Code                          0x00004147   Thumb Code   222  neoway_gprs.o(.text)
    GprsRec_Date                             0x00004329   Thumb Code    42  gprs_protocol.o(.text)
    Gprs_1SEvent                             0x000046c9   Thumb Code    24  gprs_protocol.o(.text)
    Gprs_StartCodeEvent                      0x000046e1   Thumb Code   316  gprs_protocol.o(.text)
    Gprs_ReceiveEvent                        0x00004cb7   Thumb Code   232  gprs_protocol.o(.text)
    Init_Gprs_Device                         0x00004d9f   Thumb Code   126  gprs_protocol.o(.text)
    ConnetBoard_Init                         0x00004e51   Thumb Code    56  connet_master.o(.text)
    SendMaster_Date                          0x00004e89   Thumb Code    76  connet_master.o(.text)
    RecMaster_Uart                           0x00004ed5   Thumb Code   472  connet_master.o(.text)
    SendMaster_KeyValue                      0x000050ad   Thumb Code    12  connet_master.o(.text)
    strstr                                   0x00005161   Thumb Code    40  strstr.o(.text)
    strchr                                   0x00005189   Thumb Code    20  strchr.o(.text)
    strrchr                                  0x0000519d   Thumb Code    32  strrchr.o(.text)
    __aeabi_dadd                             0x000051bd   Thumb Code   328  dadd.o(.text)
    __aeabi_dsub                             0x00005305   Thumb Code    12  dadd.o(.text)
    __aeabi_drsub                            0x00005311   Thumb Code    12  dadd.o(.text)
    __aeabi_dmul                             0x00005321   Thumb Code   202  dmul.o(.text)
    __aeabi_i2d                              0x000053f1   Thumb Code    34  dflti.o(.text)
    __aeabi_d2iz                             0x00005419   Thumb Code    62  dfixi.o(.text)
    __aeabi_uldivmod                         0x00005461   Thumb Code    96  uldiv.o(.text)
    __aeabi_llsl                             0x000054c1   Thumb Code    32  llshl.o(.text)
    _ll_shift_l                              0x000054c1   Thumb Code     0  llshl.o(.text)
    __aeabi_llsr                             0x000054e1   Thumb Code    34  llushr.o(.text)
    _ll_ushift_r                             0x000054e1   Thumb Code     0  llushr.o(.text)
    __aeabi_lasr                             0x00005503   Thumb Code    38  llsshr.o(.text)
    _ll_sshift_r                             0x00005503   Thumb Code     0  llsshr.o(.text)
    _double_round                            0x00005529   Thumb Code    26  depilogue.o(.text)
    _double_epilogue                         0x00005543   Thumb Code   164  depilogue.o(.text)
    __aeabi_ddiv                             0x000055e9   Thumb Code   234  ddiv.o(.text)
    __ARM_scalbn                             0x000056d9   Thumb Code    44  dscalb.o(.text)
    scalbn                                   0x000056d9   Thumb Code     0  dscalb.o(.text)
    __aeabi_cdrcmple                         0x00005705   Thumb Code    38  cdrcmple.o(.text)
    __scatterload                            0x0000572d   Thumb Code    28  init.o(.text)
    __scatterload_rt2                        0x0000572d   Thumb Code     0  init.o(.text)
    _dsqrt                                   0x00005751   Thumb Code   162  dsqrt.o(.text)
    __decompress                             0x000057f3   Thumb Code     0  __dczerorl.o(.text)
    __decompress0                            0x000057f3   Thumb Code    58  __dczerorl.o(.text)
    __0printf$8                              0x0000582d   Thumb Code    24  printf8.o(i.__0printf$8)
    __1printf$8                              0x0000582d   Thumb Code     0  printf8.o(i.__0printf$8)
    __2printf                                0x0000582d   Thumb Code     0  printf8.o(i.__0printf$8)
    __ARM_clz                                0x0000584d   Thumb Code    46  depilogue.o(i.__ARM_clz)
    __ARM_common_switch8                     0x0000587b   Thumb Code    28  gprs_protocol.o(i.__ARM_common_switch8)
    __ARM_fpclassify                         0x00005899   Thumb Code    40  fpclassify.o(i.__ARM_fpclassify)
    __kernel_poly                            0x000058c5   Thumb Code   172  poly.o(i.__kernel_poly)
    __mathlib_dbl_underflow                  0x00005971   Thumb Code    14  dunder.o(i.__mathlib_dbl_underflow)
    __scatterload_copy                       0x00005985   Thumb Code    14  handlers.o(i.__scatterload_copy)
    __scatterload_zeroinit                   0x00005993   Thumb Code    14  handlers.o(i.__scatterload_zeroinit)
    __set_errno                              0x000059a1   Thumb Code     6  errno.o(i.__set_errno)
    pow                                      0x00005e21   Thumb Code  2526  pow.o(i.pow)
    sqrt                                     0x00006809   Thumb Code    66  sqrt.o(i.sqrt)
    ASSERT_FAILED_STR                        0x00006850   Data          35  assert.o(.constdata)
    __mathlib_zero                           0x00006910   Data           8  qnan.o(.constdata)
    Region$$Table$$Base                      0x00006968   Number         0  anon$$obj.o(Region$$Table)
    Region$$Table$$Limit                     0x00006988   Number         0  anon$$obj.o(Region$$Table)
    global_pass_count                        0x1ffffc00   Data           2  sysinit.o(.data)
    global_fail_count                        0x1ffffc02   Data           2  sysinit.o(.data)
    ADC_Callback                             0x1ffffc04   Data           4  adc.o(.data)
    PIT_Callback                             0x1ffffc08   Data           8  pit.o(.data)
    RTC_Callback                             0x1ffffc10   Data           4  rtc.o(.data)
    UART_Callback                            0x1ffffc14   Data           4  uart.o(.data)
    TempFlag                                 0x1ffffc18   Data           1  main.o(.data)
    Key                                      0x1ffffc19   Data           1  main.o(.data)
    g_uRTC10MsEvent                          0x1ffffc2e   Data           1  rtcapp.o(.data)
    g_uRTC50MsEvent                          0x1ffffc2f   Data           1  rtcapp.o(.data)
    g_uRTC1SEvent                            0x1ffffc30   Data           1  rtcapp.o(.data)
    g_uRecTcpDateNum                         0x1ffffc3a   Data           1  neoway_gprs.o(.data)
    g_uSendTcpDateNum                        0x1ffffc3b   Data           1  neoway_gprs.o(.data)
    NeoWayRec                                0x1ffffc3c   Data           6  neoway_gprs.o(.data)
    NeoWayExternalPar                        0x1ffffc42   Data           6  neoway_gprs.o(.data)
    Connet_ErrorCnt                          0x1ffffc48   Data           2  neoway_gprs.o(.data)
    ReceiveOriginal                          0x1ffffc4c   Data           4  gprs_protocol.o(.data)
    ReceiveDebugData                         0x1ffffc50   Data           1  gprs_protocol.o(.data)
    Original_length                          0x1ffffc51   Data           1  gprs_protocol.o(.data)
    Web_Param                                0x1ffffc52   Data           6  gprs_protocol.o(.data)
    Alarm_State                              0x1ffffc58   Data           1  gprs_protocol.o(.data)
    Set_Param                                0x1ffffc59   Data           3  gprs_protocol.o(.data)
    Collect_Data                             0x1ffffc5c   Data           1  gprs_protocol.o(.data)
    crc_ta                                   0x1ffffc5e   Data         512  gprs_protocol.o(.data)
    g_aSendMasterDate                        0x1ffffe68   Data           5  connet_master.o(.data)
    Ext_Inf                                  0x1ffffe6d   Data           3  connet_master.o(.data)
    __stdout                                 0x1ffffe74   Data           4  stdout.o(.data)
    ADC_ConversionBuff                       0x1ffffea0   Data          64  adcapp.o(.bss)
    ADC_SenserTemperature                    0x1ffffee0   Data          64  adcapp.o(.bss)
    g_aNeoWayRecBuff                         0x1fffff20   Data         128  neoway_gprs.o(.bss)
    g_aNeoWayRec                             0x1fffffa0   Data         128  neoway_gprs.o(.bss)
    g_aTcpRecDateBuff                        0x20000020   Data         128  neoway_gprs.o(.bss)
    g_aTcpSendDate                           0x200000a0   Data         128  neoway_gprs.o(.bss)
    NeoWayInf                                0x20000120   Data          50  neoway_gprs.o(.bss)
    NeoWaySysPar                             0x20000152   Data           9  neoway_gprs.o(.bss)
    Uart1_ReceiveBuff                        0x2000015b   Data          10  neoway_gprs.o(.bss)
    SendOriginal                             0x20000166   Data         128  gprs_protocol.o(.bss)
    Device_Info                              0x200001e6   Data          20  gprs_protocol.o(.bss)
    Gprs_flag                                0x200001fa   Data          26  gprs_protocol.o(.bss)
    Uart0_ReceiveBuff                        0x20000294   Data          10  connet_master.o(.bss)
    g_aRecMasterDate                         0x2000029e   Data          21  connet_master.o(.bss)
    Master_Inf                               0x200002b4   Data          30  connet_master.o(.bss)
    __initial_sp                             0x200004d8   Data           0  startup_mke02z2.o(STACK)



==============================================================================

Memory Map of the image

  Image Entry point : 0x00000181

  Load Region LR_IROM1 (Base: 0x00000000, Size: 0x00006c04, Max: 0x00010000, ABSOLUTE, COMPRESSED[0x00006b90])

    Execution Region ER_IROM1 (Base: 0x00000000, Size: 0x00006988, Max: 0x00010000, ABSOLUTE)

    Base Addr    Size         Type   Attr      Idx    E Section Name        Object

    0x00000000   0x000000c0   Data   RO          261    .ARM.__AT_0x00000000  vectors.o
    0x000000c0   0x000000c0   Data   RO          290    RESET               startup_mke02z2.o
    0x00000180   0x00000000   Code   RO          990  * .ARM.Collect$$$$00000000  mc_p.l(entry.o)
    0x00000180   0x00000004   Code   RO         1293    .ARM.Collect$$$$00000001  mc_p.l(entry2.o)
    0x00000184   0x00000004   Code   RO         1296    .ARM.Collect$$$$00000004  mc_p.l(entry5.o)
    0x00000188   0x00000000   Code   RO         1298    .ARM.Collect$$$$00000008  mc_p.l(entry7b.o)
    0x00000188   0x00000000   Code   RO         1300    .ARM.Collect$$$$0000000A  mc_p.l(entry8b.o)
    0x00000188   0x00000008   Code   RO         1301    .ARM.Collect$$$$0000000B  mc_p.l(entry9a.o)
    0x00000190   0x00000000   Code   RO         1303    .ARM.Collect$$$$0000000D  mc_p.l(entry10a.o)
    0x00000190   0x00000000   Code   RO         1305    .ARM.Collect$$$$0000000F  mc_p.l(entry11a.o)
    0x00000190   0x00000004   Code   RO         1294    .ARM.Collect$$$$00002712  mc_p.l(entry2.o)
    0x00000194   0x00000030   Code   RO           67    .text               assert.o
    0x000001c4   0x00000038   Code   RO           90    .text               io.o
    0x000001fc   0x00000006   Code   RO          260    .text               vectors.o
    0x00000202   0x00000002   PAD
    0x00000204   0x00000024   Code   RO          292    .text               startup_mke02z2.o
    0x00000228   0x00000018   Code   RO          300    .text               start.o
    0x00000240   0x00000140   Code   RO          597    .text               rtc.o
    0x00000380   0x0000002c   Code   RO          993    .text               mc_p.l(uidiv.o)
    0x000003ac   0x00000024   Code   RO          997    .text               mc_p.l(memcpya.o)
    0x000003d0   0x00000024   Code   RO          999    .text               mc_p.l(memseta.o)
    0x000003f4   0x00000000   Code   RO         1323    .text               mc_p.l(iusefp.o)
    0x000003f4   0x00000002   Code   RO         1345    i.__scatterload_null  mc_p.l(handlers.o)
    0x000003f6   0x00000002   PAD
    0x000003f8   0x00000004   Data   RO          918    .constdata          gprs_protocol.o
    0x000003fc   0x00000004   PAD
    0x00000400   0x00000010   Code   RO          291    .ARM.__at_0x400     startup_mke02z2.o
    0x00000410   0x00000390   Code   RO          161    .text               stdlib.o
    0x000007a0   0x0000036c   Code   RO          201    .text               sysinit.o
    0x00000b0c   0x000001f8   Code   RO          349    .text               adc.o
    0x00000d04   0x00000d2c   Code   RO          401    .text               flash.o
    0x00001a30   0x00000510   Code   RO          450    .text               gpio.o
    0x00001f40   0x00000760   Code   RO          498    .text               ics.o
    0x000026a0   0x00000220   Code   RO          548    .text               pit.o
    0x000028c0   0x00000130   Code   RO          623    .text               sim.o
    0x000029f0   0x0000032c   Code   RO          669    .text               uart.o
    0x00002d1c   0x000001a8   Code   RO          695    .text               wdog.o
    0x00002ec4   0x000000a4   Code   RO          715    .text               main.o
    0x00002f68   0x000001c0   Code   RO          779    .text               uartapp.o
    0x00003128   0x000000e8   Code   RO          805    .text               adcapp.o
    0x00003210   0x00000094   Code   RO          832    .text               rtcapp.o
    0x000032a4   0x000001dc   Code   RO          858    .text               init.o
    0x00003480   0x00000ea8   Code   RO          882    .text               neoway_gprs.o
    0x00004328   0x00000b28   Code   RO          916    .text               gprs_protocol.o
    0x00004e50   0x00000310   Code   RO          947    .text               connet_master.o
    0x00005160   0x00000028   Code   RO         1001    .text               mc_p.l(strstr.o)
    0x00005188   0x00000014   Code   RO         1003    .text               mc_p.l(strchr.o)
    0x0000519c   0x00000020   Code   RO         1005    .text               mc_p.l(strrchr.o)
    0x000051bc   0x00000164   Code   RO         1270    .text               mf_p.l(dadd.o)
    0x00005320   0x000000d0   Code   RO         1272    .text               mf_p.l(dmul.o)
    0x000053f0   0x00000028   Code   RO         1274    .text               mf_p.l(dflti.o)
    0x00005418   0x00000048   Code   RO         1276    .text               mf_p.l(dfixi.o)
    0x00005460   0x00000060   Code   RO         1308    .text               mc_p.l(uldiv.o)
    0x000054c0   0x00000020   Code   RO         1310    .text               mc_p.l(llshl.o)
    0x000054e0   0x00000022   Code   RO         1312    .text               mc_p.l(llushr.o)
    0x00005502   0x00000026   Code   RO         1314    .text               mc_p.l(llsshr.o)
    0x00005528   0x000000be   Code   RO         1324    .text               mf_p.l(depilogue.o)
    0x000055e6   0x00000002   PAD
    0x000055e8   0x000000f0   Code   RO         1328    .text               mf_p.l(ddiv.o)
    0x000056d8   0x0000002c   Code   RO         1330    .text               mf_p.l(dscalb.o)
    0x00005704   0x00000028   Code   RO         1334    .text               mf_p.l(cdrcmple.o)
    0x0000572c   0x00000024   Code   RO         1336    .text               mc_p.l(init.o)
    0x00005750   0x000000a2   Code   RO         1338    .text               mf_p.l(dsqrt.o)
    0x000057f2   0x0000003a   Code   RO         1350    .text               mc_p.l(__dczerorl.o)
    0x0000582c   0x00000020   Code   RO         1216    i.__0printf$8       mc_p.l(printf8.o)
    0x0000584c   0x0000002e   Code   RO         1326    i.__ARM_clz         mf_p.l(depilogue.o)
    0x0000587a   0x0000001c   Code   RO          936    i.__ARM_common_switch8  gprs_protocol.o
    0x00005896   0x00000002   PAD
    0x00005898   0x0000002c   Code   RO         1280    i.__ARM_fpclassify  m_ps.l(fpclassify.o)
    0x000058c4   0x000000ac   Code   RO         1282    i.__kernel_poly     m_ps.l(poly.o)
    0x00005970   0x00000014   Code   RO         1278    i.__mathlib_dbl_underflow  m_ps.l(dunder.o)
    0x00005984   0x0000000e   Code   RO         1344    i.__scatterload_copy  mc_p.l(handlers.o)
    0x00005992   0x0000000e   Code   RO         1346    i.__scatterload_zeroinit  mc_p.l(handlers.o)
    0x000059a0   0x0000000c   Code   RO         1318    i.__set_errno       mc_p.l(errno.o)
    0x000059ac   0x00000428   Code   RO         1223    i._printf_core      mc_p.l(printf8.o)
    0x00005dd4   0x00000020   Code   RO         1224    i._printf_post_padding  mc_p.l(printf8.o)
    0x00005df4   0x0000002c   Code   RO         1225    i._printf_pre_padding  mc_p.l(printf8.o)
    0x00005e20   0x000009e8   Code   RO          981    i.pow               m_ps.l(pow.o)
    0x00006808   0x00000048   Code   RO         1286    i.sqrt              m_ps.l(sqrt.o)
    0x00006850   0x00000023   Data   RO           68    .constdata          assert.o
    0x00006873   0x00000001   PAD
    0x00006874   0x00000014   Data   RO          884    .constdata          neoway_gprs.o
    0x00006888   0x00000088   Data   RO          982    .constdata          m_ps.l(pow.o)
    0x00006910   0x00000008   Data   RO         1284    .constdata          m_ps.l(qnan.o)
    0x00006918   0x0000004f   Data   RO          202    .conststring        sysinit.o
    0x00006967   0x00000001   PAD
    0x00006968   0x00000020   Data   RO         1342    Region$$Table       anon$$obj.o


    Execution Region RW_IRAM1 (Base: 0x1ffffc00, Size: 0x000008d8, Max: 0x00001000, ABSOLUTE, COMPRESSED[0x00000208])

    Base Addr    Size         Type   Attr      Idx    E Section Name        Object

    0x1ffffc00   0x00000004   Data   RW          203    .data               sysinit.o
    0x1ffffc04   0x00000004   Data   RW          350    .data               adc.o
    0x1ffffc08   0x00000008   Data   RW          549    .data               pit.o
    0x1ffffc10   0x00000004   Data   RW          598    .data               rtc.o
    0x1ffffc14   0x00000004   Data   RW          670    .data               uart.o
    0x1ffffc18   0x00000002   Data   RW          716    .data               main.o
    0x1ffffc1a   0x0000000c   Data   RW          781    .data               uartapp.o
    0x1ffffc26   0x00000002   PAD
    0x1ffffc28   0x00000006   Data   RW          807    .data               adcapp.o
    0x1ffffc2e   0x0000000a   Data   RW          833    .data               rtcapp.o
    0x1ffffc38   0x00000001   Data   RW          859    .data               init.o
    0x1ffffc39   0x00000001   PAD
    0x1ffffc3a   0x00000012   Data   RW          885    .data               neoway_gprs.o
    0x1ffffc4c   0x0000021c   Data   RW          919    .data               gprs_protocol.o
    0x1ffffe68   0x0000000c   Data   RW          949    .data               connet_master.o
    0x1ffffe74   0x00000004   Data   RW         1307    .data               mc_p.l(stdout.o)
    0x1ffffe78   0x00000004   Data   RW         1319    .data               mc_p.l(errno.o)
    0x1ffffe7c   0x00000024   Zero   RW          780    .bss                uartapp.o
    0x1ffffea0   0x00000080   Zero   RW          806    .bss                adcapp.o
    0x1fffff20   0x00000245   Zero   RW          883    .bss                neoway_gprs.o
    0x20000165   0x00000001   PAD
    0x20000166   0x0000012e   Zero   RW          917    .bss                gprs_protocol.o
    0x20000294   0x0000003e   Zero   RW          948    .bss                connet_master.o
    0x200002d2   0x00000006   PAD
    0x200002d8   0x00000200   Zero   RW          288    STACK               startup_mke02z2.o


==============================================================================

Image component sizes


      Code (inc. data)   RO Data    RW Data    ZI Data      Debug   Object Name

         0          0          0          0          0       5868   acmp.o
       504         16          0          4          0      12979   adc.o
       232         30          0          6        128       4858   adcapp.o
         0          0          0          0          0      63096   alloc.o
        48         10         35          0          0       1252   assert.o
       784         66          0         12         62       3644   connet_master.o
      3372         44          0          0          0      10933   flash.o
      1296         48          0          0          0       6451   gpio.o
      2884        186          4        540        302      12307   gprs_protocol.o
      1888         24          0          0          0       6559   ics.o
       476         76          0          1          0       1989   init.o
        56          4          0          0          0       7418   io.o
       164         24          0          2          0       6520   main.o
      3752       1280         20         18        581      17166   neoway_gprs.o
       544         22          0          8          0       4218   pit.o
       320         18          0          4          0       3497   rtc.o
       148         30          0         10          0       2194   rtcapp.o
       304         10          0          0          0       1771   sim.o
        24          0          0          0          0        795   start.o
        52         24        192          0        512       1052   startup_mke02z2.o
       912          0          0          0          0       5787   stdlib.o
       876        422         79          4          0       5146   sysinit.o
       812         42          0          4          0       7005   uart.o
       448         24          0         12         36       5240   uartapp.o
         6          0        192          0          0       1518   vectors.o
       424         20          0          0          0       2061   wdog.o

    ----------------------------------------------------------------------
     20330       2420        560        628       1628     201324   Object Totals
         0          0         32          0          0          0   (incl. Generated)
         4          0          6          3          7          0   (incl. Padding)

    ----------------------------------------------------------------------

      Code (inc. data)   RO Data    RW Data    ZI Data      Debug   Library Member Name

        20          6          0          0          0         68   dunder.o
        44          4          0          0          0         60   fpclassify.o
       172          0          0          0          0         76   poly.o
      2536        224        136          0          0        216   pow.o
         0          0          8          0          0          0   qnan.o
        72          6          0          0          0         76   sqrt.o
        58          0          0          0          0          0   __dczerorl.o
         0          0          0          0          0          0   entry.o
         0          0          0          0          0          0   entry10a.o
         0          0          0          0          0          0   entry11a.o
         8          4          0          0          0          0   entry2.o
         4          0          0          0          0          0   entry5.o
         0          0          0          0          0          0   entry7b.o
         0          0          0          0          0          0   entry8b.o
         8          4          0          0          0          0   entry9a.o
        12          6          0          4          0         60   errno.o
        30          0          0          0          0          0   handlers.o
        36          8          0          0          0         68   init.o
         0          0          0          0          0          0   iusefp.o
        32          0          0          0          0         68   llshl.o
        38          0          0          0          0         68   llsshr.o
        34          0          0          0          0         68   llushr.o
        36          0          0          0          0         60   memcpya.o
        36          0          0          0          0        100   memseta.o
      1172         52          0          0          0        324   printf8.o
         0          0          0          4          0          0   stdout.o
        20          0          0          0          0         60   strchr.o
        32          0          0          0          0         60   strrchr.o
        40          0          0          0          0         72   strstr.o
        44          0          0          0          0         72   uidiv.o
        96          0          0          0          0         84   uldiv.o
        40          2          0          0          0         68   cdrcmple.o
       356          4          0          0          0        140   dadd.o
       240          6          0          0          0         84   ddiv.o
       236          0          0          0          0        216   depilogue.o
        72         10          0          0          0         72   dfixi.o
        40          6          0          0          0         68   dflti.o
       208          6          0          0          0         88   dmul.o
        44          0          0          0          0         72   dscalb.o
       162          0          0          0          0         80   dsqrt.o

    ----------------------------------------------------------------------
      5982        348        144          8          0       2548   Library Totals
         4          0          0          0          0          0   (incl. Padding)

    ----------------------------------------------------------------------

      Code (inc. data)   RO Data    RW Data    ZI Data      Debug   Library Name

      2844        240        144          0          0        496   m_ps.l
      1736         74          0          8          0       1164   mc_p.l
      1398         34          0          0          0        888   mf_p.l

    ----------------------------------------------------------------------
      5982        348        144          8          0       2548   Library Totals

    ----------------------------------------------------------------------

==============================================================================


      Code (inc. data)   RO Data    RW Data    ZI Data      Debug   

     26312       2768        704        636       1628     201140   Grand Totals
     26312       2768        704        520       1628     201140   ELF Image Totals (compressed)
     26312       2768        704        520          0          0   ROM Totals

==============================================================================

    Total RO  Size (Code + RO Data)                27016 (  26.38kB)
    Total RW  Size (RW Data + ZI Data)              2264 (   2.21kB)
    Total ROM Size (Code + RO Data + RW Data)      27536 (  26.89kB)

==============================================================================

